2024-01-19T09:55:15.126+08:00  INFO 11984 --- [Test] [main] c.example.adminsys.AdminsysApplication   : Starting AdminsysApplication using Java 20 with PID 11984 (/Users/clarec/Documents/GitHub/SIMENS-SDE-Intern/adminsys/target/classes started by clarec in /Users/clarec/Documents/GitHub/SIMENS-SDE-Intern)
2024-01-19T09:55:15.128+08:00  INFO 11984 --- [Test] [main] c.example.adminsys.AdminsysApplication   : No active profile set, falling back to 1 default profile: "default"
2024-01-19T09:55:15.560+08:00  INFO 11984 --- [Test] [main] o.s.b.w.embedded.tomcat.TomcatWebServer  : Tomcat initialized with port 8080 (http)
2024-01-19T09:55:15.565+08:00  INFO 11984 --- [Test] [main] o.apache.catalina.core.StandardService   : Starting service [Tomcat]
2024-01-19T09:55:15.565+08:00  INFO 11984 --- [Test] [main] o.apache.catalina.core.StandardEngine    : Starting Servlet engine: [Apache Tomcat/10.1.17]
2024-01-19T09:55:15.581+08:00  INFO 11984 --- [Test] [main] o.a.c.c.C.[Tomcat].[localhost].[/]       : Initializing Spring embedded WebApplicationContext
2024-01-19T09:55:15.582+08:00  INFO 11984 --- [Test] [main] w.s.c.ServletWebServerApplicationContext : Root WebApplicationContext: initialization completed in 437 ms
2024-01-19T09:55:15.755+08:00  WARN 11984 --- [Test] [main] ion$DefaultTemplateResolverConfiguration : Cannot find template location: classpath:/templates/ (please add some templates, check your Thymeleaf configuration, or set spring.thymeleaf.check-template-location=false)
2024-01-19T09:55:15.864+08:00  INFO 11984 --- [Test] [main] o.s.b.a.e.web.EndpointLinksResolver      : Exposing 14 endpoint(s) beneath base path '/actuator'
2024-01-19T09:55:15.896+08:00  INFO 11984 --- [Test] [main] o.s.b.w.embedded.tomcat.TomcatWebServer  : Tomcat started on port 8080 (http) with context path ''
2024-01-19T09:55:15.904+08:00  INFO 11984 --- [Test] [main] c.example.adminsys.AdminsysApplication   : Started AdminsysApplication in 0.968 seconds (process running for 1.317)
2024-01-19T09:55:16.297+08:00  INFO 11984 --- [Test] [RMI TCP Connection(3)-127.0.0.1] o.a.c.c.C.[Tomcat].[localhost].[/]       : Initializing Spring DispatcherServlet 'dispatcherServlet'
2024-01-19T09:55:16.297+08:00  INFO 11984 --- [Test] [RMI TCP Connection(3)-127.0.0.1] o.s.web.servlet.DispatcherServlet        : Initializing Servlet 'dispatcherServlet'
2024-01-19T09:55:16.297+08:00  INFO 11984 --- [Test] [RMI TCP Connection(3)-127.0.0.1] o.s.web.servlet.DispatcherServlet        : Completed initialization in 0 ms
2024-01-19T09:56:15.291+08:00  INFO 12075 --- [Test] [main] c.example.adminsys.AdminsysApplication   : Starting AdminsysApplication using Java 20 with PID 12075 (/Users/clarec/Documents/GitHub/SIMENS-SDE-Intern/adminsys/target/classes started by clarec in /Users/clarec/Documents/GitHub/SIMENS-SDE-Intern)
2024-01-19T09:56:15.292+08:00  INFO 12075 --- [Test] [main] c.example.adminsys.AdminsysApplication   : No active profile set, falling back to 1 default profile: "default"
2024-01-19T09:56:15.743+08:00  INFO 12075 --- [Test] [main] o.s.b.w.embedded.tomcat.TomcatWebServer  : Tomcat initialized with port 8080 (http)
2024-01-19T09:56:15.748+08:00  INFO 12075 --- [Test] [main] o.apache.catalina.core.StandardService   : Starting service [Tomcat]
2024-01-19T09:56:15.748+08:00  INFO 12075 --- [Test] [main] o.apache.catalina.core.StandardEngine    : Starting Servlet engine: [Apache Tomcat/10.1.17]
2024-01-19T09:56:15.764+08:00  INFO 12075 --- [Test] [main] o.a.c.c.C.[Tomcat].[localhost].[/]       : Initializing Spring embedded WebApplicationContext
2024-01-19T09:56:15.764+08:00  INFO 12075 --- [Test] [main] w.s.c.ServletWebServerApplicationContext : Root WebApplicationContext: initialization completed in 453 ms
2024-01-19T09:56:15.942+08:00  WARN 12075 --- [Test] [main] ion$DefaultTemplateResolverConfiguration : Cannot find template location: classpath:/templates/ (please add some templates, check your Thymeleaf configuration, or set spring.thymeleaf.check-template-location=false)
2024-01-19T09:56:16.050+08:00  INFO 12075 --- [Test] [main] o.s.b.a.e.web.EndpointLinksResolver      : Exposing 14 endpoint(s) beneath base path '/actuator'
2024-01-19T09:56:16.079+08:00  INFO 12075 --- [Test] [main] o.s.b.w.embedded.tomcat.TomcatWebServer  : Tomcat started on port 8080 (http) with context path ''
2024-01-19T09:56:16.088+08:00  INFO 12075 --- [Test] [main] c.example.adminsys.AdminsysApplication   : Started AdminsysApplication in 0.975 seconds (process running for 1.295)
2024-01-19T09:56:16.552+08:00  INFO 12075 --- [Test] [RMI TCP Connection(2)-127.0.0.1] o.a.c.c.C.[Tomcat].[localhost].[/]       : Initializing Spring DispatcherServlet 'dispatcherServlet'
2024-01-19T09:56:16.553+08:00  INFO 12075 --- [Test] [RMI TCP Connection(2)-127.0.0.1] o.s.web.servlet.DispatcherServlet        : Initializing Servlet 'dispatcherServlet'
2024-01-19T09:56:16.553+08:00  INFO 12075 --- [Test] [RMI TCP Connection(2)-127.0.0.1] o.s.web.servlet.DispatcherServlet        : Completed initialization in 0 ms
2024-01-19T10:01:36.606+08:00  INFO 12306 --- [Test] [main] c.example.adminsys.AdminsysApplication   : Starting AdminsysApplication using Java 20 with PID 12306 (/Users/clarec/Documents/GitHub/SIMENS-SDE-Intern/adminsys/target/classes started by clarec in /Users/clarec/Documents/GitHub/SIMENS-SDE-Intern)
2024-01-19T10:01:36.608+08:00  INFO 12306 --- [Test] [main] c.example.adminsys.AdminsysApplication   : No active profile set, falling back to 1 default profile: "default"
2024-01-19T10:01:37.071+08:00  INFO 12306 --- [Test] [main] o.s.b.w.embedded.tomcat.TomcatWebServer  : Tomcat initialized with port 8080 (http)
2024-01-19T10:01:37.076+08:00  INFO 12306 --- [Test] [main] o.apache.catalina.core.StandardService   : Starting service [Tomcat]
2024-01-19T10:01:37.076+08:00  INFO 12306 --- [Test] [main] o.apache.catalina.core.StandardEngine    : Starting Servlet engine: [Apache Tomcat/10.1.17]
2024-01-19T10:01:37.092+08:00  INFO 12306 --- [Test] [main] o.a.c.c.C.[Tomcat].[localhost].[/]       : Initializing Spring embedded WebApplicationContext
2024-01-19T10:01:37.092+08:00  INFO 12306 --- [Test] [main] w.s.c.ServletWebServerApplicationContext : Root WebApplicationContext: initialization completed in 454 ms
2024-01-19T10:01:37.268+08:00  WARN 12306 --- [Test] [main] ion$DefaultTemplateResolverConfiguration : Cannot find template location: classpath:/templates/ (please add some templates, check your Thymeleaf configuration, or set spring.thymeleaf.check-template-location=false)
2024-01-19T10:01:37.372+08:00  INFO 12306 --- [Test] [main] o.s.b.a.e.web.EndpointLinksResolver      : Exposing 14 endpoint(s) beneath base path '/actuator'
2024-01-19T10:01:37.400+08:00  INFO 12306 --- [Test] [main] o.s.b.w.embedded.tomcat.TomcatWebServer  : Tomcat started on port 8080 (http) with context path ''
2024-01-19T10:01:37.409+08:00  INFO 12306 --- [Test] [main] c.example.adminsys.AdminsysApplication   : Started AdminsysApplication in 1.029 seconds (process running for 1.301)
2024-01-19T10:01:37.991+08:00  INFO 12306 --- [Test] [RMI TCP Connection(3)-127.0.0.1] o.a.c.c.C.[Tomcat].[localhost].[/]       : Initializing Spring DispatcherServlet 'dispatcherServlet'
2024-01-19T10:01:37.991+08:00  INFO 12306 --- [Test] [RMI TCP Connection(3)-127.0.0.1] o.s.web.servlet.DispatcherServlet        : Initializing Servlet 'dispatcherServlet'
2024-01-19T10:01:37.992+08:00  INFO 12306 --- [Test] [RMI TCP Connection(3)-127.0.0.1] o.s.web.servlet.DispatcherServlet        : Completed initialization in 1 ms
2024-01-19T10:06:25.922+08:00  INFO 12610 --- [Test] [main] c.example.adminsys.AdminsysApplication   : Starting AdminsysApplication using Java 20 with PID 12610 (/Users/clarec/Documents/GitHub/SIMENS-SDE-Intern/adminsys/target/classes started by clarec in /Users/clarec/Documents/GitHub/SIMENS-SDE-Intern)
2024-01-19T10:06:25.923+08:00  INFO 12610 --- [Test] [main] c.example.adminsys.AdminsysApplication   : No active profile set, falling back to 1 default profile: "default"
2024-01-19T10:06:26.370+08:00  INFO 12610 --- [Test] [main] o.s.b.w.embedded.tomcat.TomcatWebServer  : Tomcat initialized with port 8080 (http)
2024-01-19T10:06:26.375+08:00  INFO 12610 --- [Test] [main] o.apache.catalina.core.StandardService   : Starting service [Tomcat]
2024-01-19T10:06:26.376+08:00  INFO 12610 --- [Test] [main] o.apache.catalina.core.StandardEngine    : Starting Servlet engine: [Apache Tomcat/10.1.17]
2024-01-19T10:06:26.395+08:00  INFO 12610 --- [Test] [main] o.a.c.c.C.[Tomcat].[localhost].[/]       : Initializing Spring embedded WebApplicationContext
2024-01-19T10:06:26.395+08:00  INFO 12610 --- [Test] [main] w.s.c.ServletWebServerApplicationContext : Root WebApplicationContext: initialization completed in 455 ms
2024-01-19T10:06:26.577+08:00  WARN 12610 --- [Test] [main] ion$DefaultTemplateResolverConfiguration : Cannot find template location: classpath:/templates/ (please add some templates, check your Thymeleaf configuration, or set spring.thymeleaf.check-template-location=false)
2024-01-19T10:06:26.695+08:00  INFO 12610 --- [Test] [main] o.s.b.a.e.web.EndpointLinksResolver      : Exposing 14 endpoint(s) beneath base path '/actuator'
2024-01-19T10:06:26.725+08:00  INFO 12610 --- [Test] [main] o.s.b.w.embedded.tomcat.TomcatWebServer  : Tomcat started on port 8080 (http) with context path ''
2024-01-19T10:06:26.734+08:00  INFO 12610 --- [Test] [main] c.example.adminsys.AdminsysApplication   : Started AdminsysApplication in 0.97 seconds (process running for 1.434)
2024-01-19T10:06:27.173+08:00  INFO 12610 --- [Test] [RMI TCP Connection(2)-192.168.100.109] o.a.c.c.C.[Tomcat].[localhost].[/]       : Initializing Spring DispatcherServlet 'dispatcherServlet'
2024-01-19T10:06:27.173+08:00  INFO 12610 --- [Test] [RMI TCP Connection(2)-192.168.100.109] o.s.web.servlet.DispatcherServlet        : Initializing Servlet 'dispatcherServlet'
2024-01-19T10:06:27.173+08:00  INFO 12610 --- [Test] [RMI TCP Connection(2)-192.168.100.109] o.s.web.servlet.DispatcherServlet        : Completed initialization in 0 ms
2024-01-19T10:12:07.678+08:00  INFO 12835 --- [Test] [main] c.example.adminsys.AdminsysApplication   : Starting AdminsysApplication using Java 20 with PID 12835 (/Users/clarec/Documents/GitHub/SIMENS-SDE-Intern/adminsys/target/classes started by clarec in /Users/clarec/Documents/GitHub/SIMENS-SDE-Intern)
2024-01-19T10:12:07.678+08:00  INFO 12835 --- [Test] [main] c.example.adminsys.AdminsysApplication   : No active profile set, falling back to 1 default profile: "default"
2024-01-19T10:12:08.104+08:00  INFO 12835 --- [Test] [main] o.s.b.w.embedded.tomcat.TomcatWebServer  : Tomcat initialized with port 8080 (http)
2024-01-19T10:12:08.109+08:00  INFO 12835 --- [Test] [main] o.apache.catalina.core.StandardService   : Starting service [Tomcat]
2024-01-19T10:12:08.109+08:00  INFO 12835 --- [Test] [main] o.apache.catalina.core.StandardEngine    : Starting Servlet engine: [Apache Tomcat/10.1.17]
2024-01-19T10:12:08.125+08:00  INFO 12835 --- [Test] [main] o.a.c.c.C.[Tomcat].[localhost].[/]       : Initializing Spring embedded WebApplicationContext
2024-01-19T10:12:08.125+08:00  INFO 12835 --- [Test] [main] w.s.c.ServletWebServerApplicationContext : Root WebApplicationContext: initialization completed in 431 ms
2024-01-19T10:12:08.307+08:00  WARN 12835 --- [Test] [main] ion$DefaultTemplateResolverConfiguration : Cannot find template location: classpath:/templates/ (please add some templates, check your Thymeleaf configuration, or set spring.thymeleaf.check-template-location=false)
2024-01-19T10:12:08.411+08:00  INFO 12835 --- [Test] [main] o.s.b.a.e.web.EndpointLinksResolver      : Exposing 14 endpoint(s) beneath base path '/actuator'
2024-01-19T10:12:08.438+08:00  INFO 12835 --- [Test] [main] o.s.b.w.embedded.tomcat.TomcatWebServer  : Tomcat started on port 8080 (http) with context path ''
2024-01-19T10:12:08.447+08:00  INFO 12835 --- [Test] [main] c.example.adminsys.AdminsysApplication   : Started AdminsysApplication in 0.914 seconds (process running for 1.441)
2024-01-19T10:12:08.769+08:00  INFO 12835 --- [Test] [RMI TCP Connection(2)-192.168.100.109] o.a.c.c.C.[Tomcat].[localhost].[/]       : Initializing Spring DispatcherServlet 'dispatcherServlet'
2024-01-19T10:12:08.769+08:00  INFO 12835 --- [Test] [RMI TCP Connection(2)-192.168.100.109] o.s.web.servlet.DispatcherServlet        : Initializing Servlet 'dispatcherServlet'
2024-01-19T10:12:08.770+08:00  INFO 12835 --- [Test] [RMI TCP Connection(2)-192.168.100.109] o.s.web.servlet.DispatcherServlet        : Completed initialization in 1 ms
2024-01-19T10:15:25.969+08:00  INFO 12998 --- [Test] [main] c.example.adminsys.AdminsysApplication   : Starting AdminsysApplication using Java 20 with PID 12998 (/Users/clarec/Documents/GitHub/SIMENS-SDE-Intern/adminsys/target/classes started by clarec in /Users/clarec/Documents/GitHub/SIMENS-SDE-Intern)
2024-01-19T10:15:25.970+08:00  INFO 12998 --- [Test] [main] c.example.adminsys.AdminsysApplication   : No active profile set, falling back to 1 default profile: "default"
2024-01-19T10:15:26.455+08:00  INFO 12998 --- [Test] [main] o.s.b.w.embedded.tomcat.TomcatWebServer  : Tomcat initialized with port 8080 (http)
2024-01-19T10:15:26.460+08:00  INFO 12998 --- [Test] [main] o.apache.catalina.core.StandardService   : Starting service [Tomcat]
2024-01-19T10:15:26.460+08:00  INFO 12998 --- [Test] [main] o.apache.catalina.core.StandardEngine    : Starting Servlet engine: [Apache Tomcat/10.1.17]
2024-01-19T10:15:26.476+08:00  INFO 12998 --- [Test] [main] o.a.c.c.C.[Tomcat].[localhost].[/]       : Initializing Spring embedded WebApplicationContext
2024-01-19T10:15:26.476+08:00  INFO 12998 --- [Test] [main] w.s.c.ServletWebServerApplicationContext : Root WebApplicationContext: initialization completed in 488 ms
2024-01-19T10:15:26.654+08:00  WARN 12998 --- [Test] [main] ion$DefaultTemplateResolverConfiguration : Cannot find template location: classpath:/templates/ (please add some templates, check your Thymeleaf configuration, or set spring.thymeleaf.check-template-location=false)
2024-01-19T10:15:26.764+08:00  INFO 12998 --- [Test] [main] o.s.b.a.e.web.EndpointLinksResolver      : Exposing 1 endpoint(s) beneath base path '/actuator'
2024-01-19T10:15:26.790+08:00  INFO 12998 --- [Test] [main] o.s.b.w.embedded.tomcat.TomcatWebServer  : Tomcat started on port 8080 (http) with context path ''
2024-01-19T10:15:26.799+08:00  INFO 12998 --- [Test] [main] c.example.adminsys.AdminsysApplication   : Started AdminsysApplication in 1.001 seconds (process running for 1.644)
2024-01-19T10:15:27.074+08:00  INFO 12998 --- [Test] [RMI TCP Connection(3)-192.168.100.109] o.a.c.c.C.[Tomcat].[localhost].[/]       : Initializing Spring DispatcherServlet 'dispatcherServlet'
2024-01-19T10:15:27.074+08:00  INFO 12998 --- [Test] [RMI TCP Connection(3)-192.168.100.109] o.s.web.servlet.DispatcherServlet        : Initializing Servlet 'dispatcherServlet'
2024-01-19T10:15:27.074+08:00  INFO 12998 --- [Test] [RMI TCP Connection(3)-192.168.100.109] o.s.web.servlet.DispatcherServlet        : Completed initialization in 0 ms
2024-01-19T10:29:16.252+08:00  INFO 13718 --- [Test] [main] c.example.adminsys.AdminsysApplication   : Starting AdminsysApplication using Java 20 with PID 13718 (/Users/clarec/Documents/GitHub/SIMENS-SDE-Intern/adminsys/target/classes started by clarec in /Users/clarec/Documents/GitHub/SIMENS-SDE-Intern)
2024-01-19T10:29:16.253+08:00  INFO 13718 --- [Test] [main] c.example.adminsys.AdminsysApplication   : No active profile set, falling back to 1 default profile: "default"
2024-01-19T10:29:16.676+08:00  INFO 13718 --- [Test] [main] o.s.b.w.embedded.tomcat.TomcatWebServer  : Tomcat initialized with port 8080 (http)
2024-01-19T10:29:16.681+08:00  INFO 13718 --- [Test] [main] o.apache.catalina.core.StandardService   : Starting service [Tomcat]
2024-01-19T10:29:16.681+08:00  INFO 13718 --- [Test] [main] o.apache.catalina.core.StandardEngine    : Starting Servlet engine: [Apache Tomcat/10.1.17]
2024-01-19T10:29:16.698+08:00  INFO 13718 --- [Test] [main] o.a.c.c.C.[Tomcat].[localhost].[/]       : Initializing Spring embedded WebApplicationContext
2024-01-19T10:29:16.698+08:00  INFO 13718 --- [Test] [main] w.s.c.ServletWebServerApplicationContext : Root WebApplicationContext: initialization completed in 433 ms
2024-01-19T10:29:16.882+08:00  WARN 13718 --- [Test] [main] ion$DefaultTemplateResolverConfiguration : Cannot find template location: classpath:/templates/ (please add some templates, check your Thymeleaf configuration, or set spring.thymeleaf.check-template-location=false)
2024-01-19T10:29:16.985+08:00  INFO 13718 --- [Test] [main] o.s.b.a.e.web.EndpointLinksResolver      : Exposing 14 endpoint(s) beneath base path '/actuator'
2024-01-19T10:29:17.017+08:00  INFO 13718 --- [Test] [main] o.s.b.w.embedded.tomcat.TomcatWebServer  : Tomcat started on port 8080 (http) with context path ''
2024-01-19T10:29:17.026+08:00  INFO 13718 --- [Test] [main] c.example.adminsys.AdminsysApplication   : Started AdminsysApplication in 0.925 seconds (process running for 1.36)
2024-01-19T10:29:17.407+08:00  INFO 13718 --- [Test] [RMI TCP Connection(3)-192.168.100.109] o.a.c.c.C.[Tomcat].[localhost].[/]       : Initializing Spring DispatcherServlet 'dispatcherServlet'
2024-01-19T10:29:17.407+08:00  INFO 13718 --- [Test] [RMI TCP Connection(3)-192.168.100.109] o.s.web.servlet.DispatcherServlet        : Initializing Servlet 'dispatcherServlet'
2024-01-19T10:29:17.408+08:00  INFO 13718 --- [Test] [RMI TCP Connection(3)-192.168.100.109] o.s.web.servlet.DispatcherServlet        : Completed initialization in 1 ms
2024-01-19T10:30:51.508+08:00  INFO 13812 --- [Test] [main] c.example.adminsys.AdminsysApplication   : Starting AdminsysApplication using Java 20 with PID 13812 (/Users/clarec/Documents/GitHub/SIMENS-SDE-Intern/adminsys/target/classes started by clarec in /Users/clarec/Documents/GitHub/SIMENS-SDE-Intern)
2024-01-19T10:30:51.509+08:00  INFO 13812 --- [Test] [main] c.example.adminsys.AdminsysApplication   : No active profile set, falling back to 1 default profile: "default"
2024-01-19T10:30:51.922+08:00  INFO 13812 --- [Test] [main] o.s.b.w.embedded.tomcat.TomcatWebServer  : Tomcat initialized with port 8080 (http)
2024-01-19T10:30:51.927+08:00  INFO 13812 --- [Test] [main] o.apache.catalina.core.StandardService   : Starting service [Tomcat]
2024-01-19T10:30:51.927+08:00  INFO 13812 --- [Test] [main] o.apache.catalina.core.StandardEngine    : Starting Servlet engine: [Apache Tomcat/10.1.17]
2024-01-19T10:30:51.943+08:00  INFO 13812 --- [Test] [main] o.a.c.c.C.[Tomcat].[localhost].[/]       : Initializing Spring embedded WebApplicationContext
2024-01-19T10:30:51.943+08:00  INFO 13812 --- [Test] [main] w.s.c.ServletWebServerApplicationContext : Root WebApplicationContext: initialization completed in 420 ms
2024-01-19T10:30:52.118+08:00  WARN 13812 --- [Test] [main] ion$DefaultTemplateResolverConfiguration : Cannot find template location: classpath:/templates/ (please add some templates, check your Thymeleaf configuration, or set spring.thymeleaf.check-template-location=false)
2024-01-19T10:30:52.241+08:00  INFO 13812 --- [Test] [main] o.s.b.a.e.web.EndpointLinksResolver      : Exposing 14 endpoint(s) beneath base path '/actuator'
2024-01-19T10:30:52.268+08:00  INFO 13812 --- [Test] [main] o.s.b.w.embedded.tomcat.TomcatWebServer  : Tomcat started on port 8080 (http) with context path ''
2024-01-19T10:30:52.276+08:00  INFO 13812 --- [Test] [main] c.example.adminsys.AdminsysApplication   : Started AdminsysApplication in 0.921 seconds (process running for 1.195)
2024-01-19T10:30:52.381+08:00  INFO 13812 --- [Test] [RMI TCP Connection(2)-127.0.0.1] o.a.c.c.C.[Tomcat].[localhost].[/]       : Initializing Spring DispatcherServlet 'dispatcherServlet'
2024-01-19T10:30:52.381+08:00  INFO 13812 --- [Test] [RMI TCP Connection(2)-127.0.0.1] o.s.web.servlet.DispatcherServlet        : Initializing Servlet 'dispatcherServlet'
2024-01-19T10:30:52.382+08:00  INFO 13812 --- [Test] [RMI TCP Connection(2)-127.0.0.1] o.s.web.servlet.DispatcherServlet        : Completed initialization in 1 ms
2024-01-19T10:31:30.547+08:00  INFO 13856 --- [Test] [main] c.example.adminsys.AdminsysApplication   : Starting AdminsysApplication using Java 20 with PID 13856 (/Users/clarec/Documents/GitHub/SIMENS-SDE-Intern/adminsys/target/classes started by clarec in /Users/clarec/Documents/GitHub/SIMENS-SDE-Intern)
2024-01-19T10:31:30.547+08:00  INFO 13856 --- [Test] [main] c.example.adminsys.AdminsysApplication   : No active profile set, falling back to 1 default profile: "default"
2024-01-19T10:31:30.951+08:00  INFO 13856 --- [Test] [main] o.s.b.w.embedded.tomcat.TomcatWebServer  : Tomcat initialized with port 8080 (http)
2024-01-19T10:31:30.955+08:00  INFO 13856 --- [Test] [main] o.apache.catalina.core.StandardService   : Starting service [Tomcat]
2024-01-19T10:31:30.955+08:00  INFO 13856 --- [Test] [main] o.apache.catalina.core.StandardEngine    : Starting Servlet engine: [Apache Tomcat/10.1.17]
2024-01-19T10:31:30.970+08:00  INFO 13856 --- [Test] [main] o.a.c.c.C.[Tomcat].[localhost].[/]       : Initializing Spring embedded WebApplicationContext
2024-01-19T10:31:30.970+08:00  INFO 13856 --- [Test] [main] w.s.c.ServletWebServerApplicationContext : Root WebApplicationContext: initialization completed in 411 ms
2024-01-19T10:31:31.147+08:00  WARN 13856 --- [Test] [main] ion$DefaultTemplateResolverConfiguration : Cannot find template location: classpath:/templates/ (please add some templates, check your Thymeleaf configuration, or set spring.thymeleaf.check-template-location=false)
2024-01-19T10:31:31.251+08:00  INFO 13856 --- [Test] [main] o.s.b.a.e.web.EndpointLinksResolver      : Exposing 14 endpoint(s) beneath base path '/actuator'
2024-01-19T10:31:31.278+08:00  INFO 13856 --- [Test] [main] o.s.b.w.embedded.tomcat.TomcatWebServer  : Tomcat started on port 8080 (http) with context path ''
2024-01-19T10:31:31.287+08:00  INFO 13856 --- [Test] [main] c.example.adminsys.AdminsysApplication   : Started AdminsysApplication in 0.878 seconds (process running for 1.253)
2024-01-19T10:31:31.872+08:00  INFO 13856 --- [Test] [RMI TCP Connection(3)-127.0.0.1] o.a.c.c.C.[Tomcat].[localhost].[/]       : Initializing Spring DispatcherServlet 'dispatcherServlet'
2024-01-19T10:31:31.872+08:00  INFO 13856 --- [Test] [RMI TCP Connection(3)-127.0.0.1] o.s.web.servlet.DispatcherServlet        : Initializing Servlet 'dispatcherServlet'
2024-01-19T10:31:31.873+08:00  INFO 13856 --- [Test] [RMI TCP Connection(3)-127.0.0.1] o.s.web.servlet.DispatcherServlet        : Completed initialization in 1 ms
2024-01-19T10:31:56.892+08:00  INFO 13871 --- [Test] [main] c.example.adminsys.AdminsysApplication   : Starting AdminsysApplication using Java 20 with PID 13871 (/Users/clarec/Documents/GitHub/SIMENS-SDE-Intern/adminsys/target/classes started by clarec in /Users/clarec/Documents/GitHub/SIMENS-SDE-Intern)
2024-01-19T10:31:56.894+08:00  INFO 13871 --- [Test] [main] c.example.adminsys.AdminsysApplication   : No active profile set, falling back to 1 default profile: "default"
2024-01-19T10:31:57.339+08:00  INFO 13871 --- [Test] [main] o.s.b.w.embedded.tomcat.TomcatWebServer  : Tomcat initialized with port 8080 (http)
2024-01-19T10:31:57.343+08:00  INFO 13871 --- [Test] [main] o.apache.catalina.core.StandardService   : Starting service [Tomcat]
2024-01-19T10:31:57.343+08:00  INFO 13871 --- [Test] [main] o.apache.catalina.core.StandardEngine    : Starting Servlet engine: [Apache Tomcat/10.1.17]
2024-01-19T10:31:57.358+08:00  INFO 13871 --- [Test] [main] o.a.c.c.C.[Tomcat].[localhost].[/]       : Initializing Spring embedded WebApplicationContext
2024-01-19T10:31:57.359+08:00  INFO 13871 --- [Test] [main] w.s.c.ServletWebServerApplicationContext : Root WebApplicationContext: initialization completed in 441 ms
2024-01-19T10:31:57.533+08:00  WARN 13871 --- [Test] [main] ion$DefaultTemplateResolverConfiguration : Cannot find template location: classpath:/templates/ (please add some templates, check your Thymeleaf configuration, or set spring.thymeleaf.check-template-location=false)
2024-01-19T10:31:57.637+08:00  INFO 13871 --- [Test] [main] o.s.b.a.e.web.EndpointLinksResolver      : Exposing 14 endpoint(s) beneath base path '/actuator'
2024-01-19T10:31:57.663+08:00  INFO 13871 --- [Test] [main] o.s.b.w.embedded.tomcat.TomcatWebServer  : Tomcat started on port 8080 (http) with context path ''
2024-01-19T10:31:57.671+08:00  INFO 13871 --- [Test] [main] c.example.adminsys.AdminsysApplication   : Started AdminsysApplication in 0.971 seconds (process running for 1.203)
2024-01-19T10:31:58.348+08:00  INFO 13871 --- [Test] [RMI TCP Connection(2)-127.0.0.1] o.a.c.c.C.[Tomcat].[localhost].[/]       : Initializing Spring DispatcherServlet 'dispatcherServlet'
2024-01-19T10:31:58.348+08:00  INFO 13871 --- [Test] [RMI TCP Connection(2)-127.0.0.1] o.s.web.servlet.DispatcherServlet        : Initializing Servlet 'dispatcherServlet'
2024-01-19T10:31:58.349+08:00  INFO 13871 --- [Test] [RMI TCP Connection(2)-127.0.0.1] o.s.web.servlet.DispatcherServlet        : Completed initialization in 1 ms
2024-01-19T10:32:19.025+08:00  INFO 13908 --- [Test] [main] c.example.adminsys.AdminsysApplication   : Starting AdminsysApplication using Java 20 with PID 13908 (/Users/clarec/Documents/GitHub/SIMENS-SDE-Intern/adminsys/target/classes started by clarec in /Users/clarec/Documents/GitHub/SIMENS-SDE-Intern)
2024-01-19T10:32:19.026+08:00  INFO 13908 --- [Test] [main] c.example.adminsys.AdminsysApplication   : No active profile set, falling back to 1 default profile: "default"
2024-01-19T10:32:19.442+08:00  INFO 13908 --- [Test] [main] o.s.b.w.embedded.tomcat.TomcatWebServer  : Tomcat initialized with port 8080 (http)
2024-01-19T10:32:19.446+08:00  INFO 13908 --- [Test] [main] o.apache.catalina.core.StandardService   : Starting service [Tomcat]
2024-01-19T10:32:19.447+08:00  INFO 13908 --- [Test] [main] o.apache.catalina.core.StandardEngine    : Starting Servlet engine: [Apache Tomcat/10.1.17]
2024-01-19T10:32:19.462+08:00  INFO 13908 --- [Test] [main] o.a.c.c.C.[Tomcat].[localhost].[/]       : Initializing Spring embedded WebApplicationContext
2024-01-19T10:32:19.462+08:00  INFO 13908 --- [Test] [main] w.s.c.ServletWebServerApplicationContext : Root WebApplicationContext: initialization completed in 423 ms
2024-01-19T10:32:19.640+08:00  WARN 13908 --- [Test] [main] ion$DefaultTemplateResolverConfiguration : Cannot find template location: classpath:/templates/ (please add some templates, check your Thymeleaf configuration, or set spring.thymeleaf.check-template-location=false)
2024-01-19T10:32:19.750+08:00  INFO 13908 --- [Test] [main] o.s.b.a.e.web.EndpointLinksResolver      : Exposing 14 endpoint(s) beneath base path '/actuator'
2024-01-19T10:32:19.780+08:00  INFO 13908 --- [Test] [main] o.s.b.w.embedded.tomcat.TomcatWebServer  : Tomcat started on port 8080 (http) with context path ''
2024-01-19T10:32:19.789+08:00  INFO 13908 --- [Test] [main] c.example.adminsys.AdminsysApplication   : Started AdminsysApplication in 0.916 seconds (process running for 1.182)
2024-01-19T10:32:19.871+08:00  INFO 13908 --- [Test] [RMI TCP Connection(2)-127.0.0.1] o.a.c.c.C.[Tomcat].[localhost].[/]       : Initializing Spring DispatcherServlet 'dispatcherServlet'
2024-01-19T10:32:19.871+08:00  INFO 13908 --- [Test] [RMI TCP Connection(2)-127.0.0.1] o.s.web.servlet.DispatcherServlet        : Initializing Servlet 'dispatcherServlet'
2024-01-19T10:32:19.872+08:00  INFO 13908 --- [Test] [RMI TCP Connection(2)-127.0.0.1] o.s.web.servlet.DispatcherServlet        : Completed initialization in 1 ms
2024-01-19T10:38:59.627+08:00  INFO 14174 --- [Test] [main] c.example.adminsys.AdminsysApplication   : Starting AdminsysApplication using Java 20 with PID 14174 (/Users/clarec/Documents/GitHub/SIMENS-SDE-Intern/adminsys/target/classes started by clarec in /Users/clarec/Documents/GitHub/SIMENS-SDE-Intern)
2024-01-19T10:38:59.629+08:00  INFO 14174 --- [Test] [main] c.example.adminsys.AdminsysApplication   : No active profile set, falling back to 1 default profile: "default"
2024-01-19T10:39:00.092+08:00  INFO 14174 --- [Test] [main] o.s.b.w.embedded.tomcat.TomcatWebServer  : Tomcat initialized with port 8080 (http)
2024-01-19T10:39:00.098+08:00  INFO 14174 --- [Test] [main] o.apache.catalina.core.StandardService   : Starting service [Tomcat]
2024-01-19T10:39:00.098+08:00  INFO 14174 --- [Test] [main] o.apache.catalina.core.StandardEngine    : Starting Servlet engine: [Apache Tomcat/10.1.17]
2024-01-19T10:39:00.114+08:00  INFO 14174 --- [Test] [main] o.a.c.c.C.[Tomcat].[localhost].[/]       : Initializing Spring embedded WebApplicationContext
2024-01-19T10:39:00.115+08:00  INFO 14174 --- [Test] [main] w.s.c.ServletWebServerApplicationContext : Root WebApplicationContext: initialization completed in 473 ms
2024-01-19T10:39:00.371+08:00  WARN 14174 --- [Test] [main] ion$DefaultTemplateResolverConfiguration : Cannot find template location: classpath:/templates/ (please add some templates, check your Thymeleaf configuration, or set spring.thymeleaf.check-template-location=false)
2024-01-19T10:39:00.542+08:00  INFO 14174 --- [Test] [main] o.s.b.a.e.web.EndpointLinksResolver      : Exposing 14 endpoint(s) beneath base path '/actuator'
2024-01-19T10:39:00.574+08:00  INFO 14174 --- [Test] [main] o.s.b.w.embedded.tomcat.TomcatWebServer  : Tomcat started on port 8080 (http) with context path ''
2024-01-19T10:39:00.583+08:00  INFO 14174 --- [Test] [main] c.example.adminsys.AdminsysApplication   : Started AdminsysApplication in 1.111 seconds (process running for 1.595)
2024-01-19T10:39:01.084+08:00  INFO 14174 --- [Test] [RMI TCP Connection(3)-127.0.0.1] o.a.c.c.C.[Tomcat].[localhost].[/]       : Initializing Spring DispatcherServlet 'dispatcherServlet'
2024-01-19T10:39:01.084+08:00  INFO 14174 --- [Test] [RMI TCP Connection(3)-127.0.0.1] o.s.web.servlet.DispatcherServlet        : Initializing Servlet 'dispatcherServlet'
2024-01-19T10:39:01.085+08:00  INFO 14174 --- [Test] [RMI TCP Connection(3)-127.0.0.1] o.s.web.servlet.DispatcherServlet        : Completed initialization in 1 ms
2024-01-19T10:42:50.520+08:00  INFO 14347 --- [main] c.example.adminsys.AdminsysApplication   : Starting AdminsysApplication using Java 20 with PID 14347 (/Users/clarec/Documents/GitHub/SIMENS-SDE-Intern/adminsys/target/classes started by clarec in /Users/clarec/Documents/GitHub/SIMENS-SDE-Intern)
2024-01-19T10:42:50.522+08:00  INFO 14347 --- [main] c.example.adminsys.AdminsysApplication   : No active profile set, falling back to 1 default profile: "default"
2024-01-19T10:42:51.053+08:00  INFO 14347 --- [main] o.s.b.w.embedded.tomcat.TomcatWebServer  : Tomcat initialized with port 8080 (http)
2024-01-19T10:42:51.058+08:00  INFO 14347 --- [main] o.apache.catalina.core.StandardService   : Starting service [Tomcat]
2024-01-19T10:42:51.058+08:00  INFO 14347 --- [main] o.apache.catalina.core.StandardEngine    : Starting Servlet engine: [Apache Tomcat/10.1.17]
2024-01-19T10:42:51.073+08:00  INFO 14347 --- [main] o.a.c.c.C.[Tomcat].[localhost].[/]       : Initializing Spring embedded WebApplicationContext
2024-01-19T10:42:51.074+08:00  INFO 14347 --- [main] w.s.c.ServletWebServerApplicationContext : Root WebApplicationContext: initialization completed in 531 ms
2024-01-19T10:42:51.331+08:00  WARN 14347 --- [main] ion$DefaultTemplateResolverConfiguration : Cannot find template location: classpath:/templates/ (please add some templates, check your Thymeleaf configuration, or set spring.thymeleaf.check-template-location=false)
2024-01-19T10:42:51.602+08:00 ERROR 14347 --- [main] i.n.r.d.DnsServerAddressStreamProviders  : Unable to load io.netty.resolver.dns.macos.MacOSDnsServerAddressStreamProvider, fallback to system defaults. This may result in incorrect DNS resolutions on MacOS. Check whether you have a dependency on 'io.netty:netty-resolver-dns-native-macos'. Use DEBUG level to see the full stack: java.lang.UnsatisfiedLinkError: failed to load the required native library
2024-01-19T10:42:51.692+08:00  INFO 14347 --- [main] o.s.b.a.e.web.EndpointLinksResolver      : Exposing 14 endpoint(s) beneath base path '/actuator'
2024-01-19T10:42:51.718+08:00  INFO 14347 --- [main] o.s.b.w.embedded.tomcat.TomcatWebServer  : Tomcat started on port 8080 (http) with context path ''
2024-01-19T10:42:51.727+08:00  INFO 14347 --- [main] c.example.adminsys.AdminsysApplication   : Started AdminsysApplication in 1.477 seconds (process running for 2.078)
2024-01-19T10:42:51.782+08:00  INFO 14347 --- [http-nio-8080-exec-1] o.a.c.c.C.[Tomcat].[localhost].[/]       : Initializing Spring DispatcherServlet 'dispatcherServlet'
2024-01-19T10:42:51.782+08:00  INFO 14347 --- [http-nio-8080-exec-1] o.s.web.servlet.DispatcherServlet        : Initializing Servlet 'dispatcherServlet'
2024-01-19T10:42:51.783+08:00  INFO 14347 --- [http-nio-8080-exec-1] o.s.web.servlet.DispatcherServlet        : Completed initialization in 1 ms
2024-01-19T10:42:51.871+08:00  INFO 14347 --- [registrationTask1] d.c.b.a.c.r.ApplicationRegistrator       : Application registered itself as a973ff14be49
2024-01-19T10:43:54.670+08:00  INFO 14404 --- [Test] [main] c.example.adminsys.AdminsysApplication   : Starting AdminsysApplication using Java 20 with PID 14404 (/Users/clarec/Documents/GitHub/SIMENS-SDE-Intern/adminsys/target/classes started by clarec in /Users/clarec/Documents/GitHub/SIMENS-SDE-Intern)
2024-01-19T10:43:54.671+08:00  INFO 14404 --- [Test] [main] c.example.adminsys.AdminsysApplication   : No active profile set, falling back to 1 default profile: "default"
2024-01-19T10:43:55.168+08:00  INFO 14404 --- [Test] [main] o.s.b.w.embedded.tomcat.TomcatWebServer  : Tomcat initialized with port 8080 (http)
2024-01-19T10:43:55.174+08:00  INFO 14404 --- [Test] [main] o.apache.catalina.core.StandardService   : Starting service [Tomcat]
2024-01-19T10:43:55.174+08:00  INFO 14404 --- [Test] [main] o.apache.catalina.core.StandardEngine    : Starting Servlet engine: [Apache Tomcat/10.1.17]
2024-01-19T10:43:55.192+08:00  INFO 14404 --- [Test] [main] o.a.c.c.C.[Tomcat].[localhost].[/]       : Initializing Spring embedded WebApplicationContext
2024-01-19T10:43:55.193+08:00  INFO 14404 --- [Test] [main] w.s.c.ServletWebServerApplicationContext : Root WebApplicationContext: initialization completed in 507 ms
2024-01-19T10:43:55.418+08:00  WARN 14404 --- [Test] [main] ion$DefaultTemplateResolverConfiguration : Cannot find template location: classpath:/templates/ (please add some templates, check your Thymeleaf configuration, or set spring.thymeleaf.check-template-location=false)
2024-01-19T10:43:55.662+08:00 ERROR 14404 --- [Test] [main] i.n.r.d.DnsServerAddressStreamProviders  : Unable to load io.netty.resolver.dns.macos.MacOSDnsServerAddressStreamProvider, fallback to system defaults. This may result in incorrect DNS resolutions on MacOS. Check whether you have a dependency on 'io.netty:netty-resolver-dns-native-macos'. Use DEBUG level to see the full stack: java.lang.UnsatisfiedLinkError: failed to load the required native library
2024-01-19T10:43:55.743+08:00  INFO 14404 --- [Test] [main] o.s.b.a.e.web.EndpointLinksResolver      : Exposing 14 endpoint(s) beneath base path '/actuator'
2024-01-19T10:43:55.769+08:00  INFO 14404 --- [Test] [main] o.s.b.w.embedded.tomcat.TomcatWebServer  : Tomcat started on port 8080 (http) with context path ''
2024-01-19T10:43:55.778+08:00  INFO 14404 --- [Test] [main] c.example.adminsys.AdminsysApplication   : Started AdminsysApplication in 1.269 seconds (process running for 1.59)
2024-01-19T10:43:55.840+08:00  INFO 14404 --- [Test] [http-nio-8080-exec-1] o.a.c.c.C.[Tomcat].[localhost].[/]       : Initializing Spring DispatcherServlet 'dispatcherServlet'
2024-01-19T10:43:55.840+08:00  INFO 14404 --- [Test] [http-nio-8080-exec-1] o.s.web.servlet.DispatcherServlet        : Initializing Servlet 'dispatcherServlet'
2024-01-19T10:43:55.841+08:00  INFO 14404 --- [Test] [http-nio-8080-exec-1] o.s.web.servlet.DispatcherServlet        : Completed initialization in 1 ms
2024-01-19T10:43:55.937+08:00  INFO 14404 --- [Test] [registrationTask1] d.c.b.a.c.r.ApplicationRegistrator       : Application registered itself as a973ff14be49
2024-01-19T10:52:43.959+08:00  INFO 14822 --- [Test] [main] c.example.adminsys.AdminsysApplication   : Starting AdminsysApplication using Java 20 with PID 14822 (/Users/clarec/Documents/GitHub/SIMENS-SDE-Intern/adminsys/target/classes started by clarec in /Users/clarec/Documents/GitHub/SIMENS-SDE-Intern)
2024-01-19T10:52:43.960+08:00  INFO 14822 --- [Test] [main] c.example.adminsys.AdminsysApplication   : No active profile set, falling back to 1 default profile: "default"
2024-01-19T10:52:44.427+08:00  INFO 14822 --- [Test] [main] o.s.b.w.embedded.tomcat.TomcatWebServer  : Tomcat initialized with port 8080 (http)
2024-01-19T10:52:44.432+08:00  INFO 14822 --- [Test] [main] o.apache.catalina.core.StandardService   : Starting service [Tomcat]
2024-01-19T10:52:44.432+08:00  INFO 14822 --- [Test] [main] o.apache.catalina.core.StandardEngine    : Starting Servlet engine: [Apache Tomcat/10.1.17]
2024-01-19T10:52:44.447+08:00  INFO 14822 --- [Test] [main] o.a.c.c.C.[Tomcat].[localhost].[/]       : Initializing Spring embedded WebApplicationContext
2024-01-19T10:52:44.447+08:00  INFO 14822 --- [Test] [main] w.s.c.ServletWebServerApplicationContext : Root WebApplicationContext: initialization completed in 472 ms
2024-01-19T10:52:44.641+08:00  WARN 14822 --- [Test] [main] ion$DefaultTemplateResolverConfiguration : Cannot find template location: classpath:/templates/ (please add some templates, check your Thymeleaf configuration, or set spring.thymeleaf.check-template-location=false)
2024-01-19T10:52:44.872+08:00 ERROR 14822 --- [Test] [main] i.n.r.d.DnsServerAddressStreamProviders  : Unable to load io.netty.resolver.dns.macos.MacOSDnsServerAddressStreamProvider, fallback to system defaults. This may result in incorrect DNS resolutions on MacOS. Check whether you have a dependency on 'io.netty:netty-resolver-dns-native-macos'. Use DEBUG level to see the full stack: java.lang.UnsatisfiedLinkError: failed to load the required native library
2024-01-19T10:52:44.951+08:00  INFO 14822 --- [Test] [main] o.s.b.a.e.web.EndpointLinksResolver      : Exposing 14 endpoint(s) beneath base path '/actuator'
2024-01-19T10:52:44.975+08:00  INFO 14822 --- [Test] [main] o.s.b.w.embedded.tomcat.TomcatWebServer  : Tomcat started on port 8080 (http) with context path ''
2024-01-19T10:52:44.984+08:00  INFO 14822 --- [Test] [main] c.example.adminsys.AdminsysApplication   : Started AdminsysApplication in 1.197 seconds (process running for 1.461)
2024-01-19T10:52:45.058+08:00  INFO 14822 --- [Test] [http-nio-8080-exec-1] o.a.c.c.C.[Tomcat].[localhost].[/]       : Initializing Spring DispatcherServlet 'dispatcherServlet'
2024-01-19T10:52:45.058+08:00  INFO 14822 --- [Test] [http-nio-8080-exec-1] o.s.web.servlet.DispatcherServlet        : Initializing Servlet 'dispatcherServlet'
2024-01-19T10:52:45.059+08:00  INFO 14822 --- [Test] [http-nio-8080-exec-1] o.s.web.servlet.DispatcherServlet        : Completed initialization in 1 ms
2024-01-19T10:52:45.148+08:00  INFO 14822 --- [Test] [registrationTask1] d.c.b.a.c.r.ApplicationRegistrator       : Application registered itself as a82258dbd590
2024-01-19T10:55:10.936+08:00  INFO 14927 --- [Test] [main] c.example.adminsys.AdminsysApplication   : Starting AdminsysApplication using Java 20 with PID 14927 (/Users/clarec/Documents/GitHub/SIMENS-SDE-Intern/adminsys/target/classes started by clarec in /Users/clarec/Documents/GitHub/SIMENS-SDE-Intern)
2024-01-19T10:55:10.937+08:00  INFO 14927 --- [Test] [main] c.example.adminsys.AdminsysApplication   : No active profile set, falling back to 1 default profile: "default"
2024-01-19T10:55:11.437+08:00  INFO 14927 --- [Test] [main] o.s.b.w.embedded.tomcat.TomcatWebServer  : Tomcat initialized with port 8090 (http)
2024-01-19T10:55:11.443+08:00  INFO 14927 --- [Test] [main] o.apache.catalina.core.StandardService   : Starting service [Tomcat]
2024-01-19T10:55:11.443+08:00  INFO 14927 --- [Test] [main] o.apache.catalina.core.StandardEngine    : Starting Servlet engine: [Apache Tomcat/10.1.17]
2024-01-19T10:55:11.461+08:00  INFO 14927 --- [Test] [main] o.a.c.c.C.[Tomcat].[localhost].[/]       : Initializing Spring embedded WebApplicationContext
2024-01-19T10:55:11.461+08:00  INFO 14927 --- [Test] [main] w.s.c.ServletWebServerApplicationContext : Root WebApplicationContext: initialization completed in 506 ms
2024-01-19T10:55:11.656+08:00  WARN 14927 --- [Test] [main] ion$DefaultTemplateResolverConfiguration : Cannot find template location: classpath:/templates/ (please add some templates, check your Thymeleaf configuration, or set spring.thymeleaf.check-template-location=false)
2024-01-19T10:55:11.890+08:00 ERROR 14927 --- [Test] [main] i.n.r.d.DnsServerAddressStreamProviders  : Unable to load io.netty.resolver.dns.macos.MacOSDnsServerAddressStreamProvider, fallback to system defaults. This may result in incorrect DNS resolutions on MacOS. Check whether you have a dependency on 'io.netty:netty-resolver-dns-native-macos'. Use DEBUG level to see the full stack: java.lang.UnsatisfiedLinkError: failed to load the required native library
2024-01-19T10:55:11.974+08:00  INFO 14927 --- [Test] [main] o.s.b.a.e.web.EndpointLinksResolver      : Exposing 14 endpoint(s) beneath base path '/actuator'
2024-01-19T10:55:12.001+08:00  INFO 14927 --- [Test] [main] o.s.b.w.embedded.tomcat.TomcatWebServer  : Tomcat started on port 8090 (http) with context path ''
2024-01-19T10:55:12.011+08:00  INFO 14927 --- [Test] [main] c.example.adminsys.AdminsysApplication   : Started AdminsysApplication in 1.241 seconds (process running for 1.572)
2024-01-19T10:55:12.048+08:00  WARN 14927 --- [Test] [registrationTask1] d.c.b.a.c.r.ApplicationRegistrator       : Failed to register application as Application(name=Test, managementUrl=http://localhost:8090/actuator, healthUrl=http://localhost:8090/actuator/health, serviceUrl=http://localhost:8090/) at spring-boot-admin ([http://localhost:8080/instances]): I/O error on POST request for "http://localhost:8080/instances": Connect to http://localhost:8080 [localhost/127.0.0.1, localhost/0:0:0:0:0:0:0:1] failed: Connection refused. Further attempts are logged on DEBUG level
2024-01-19T10:55:12.177+08:00  INFO 14927 --- [Test] [RMI TCP Connection(3)-127.0.0.1] o.a.c.c.C.[Tomcat].[localhost].[/]       : Initializing Spring DispatcherServlet 'dispatcherServlet'
2024-01-19T10:55:12.177+08:00  INFO 14927 --- [Test] [RMI TCP Connection(3)-127.0.0.1] o.s.web.servlet.DispatcherServlet        : Initializing Servlet 'dispatcherServlet'
2024-01-19T10:55:12.181+08:00  INFO 14927 --- [Test] [RMI TCP Connection(3)-127.0.0.1] o.s.web.servlet.DispatcherServlet        : Completed initialization in 4 ms
2024-01-19T11:00:31.819+08:00  INFO 15119 --- [Test] [main] c.example.adminsys.AdminsysApplication   : Starting AdminsysApplication using Java 20 with PID 15119 (/Users/clarec/Documents/GitHub/SIMENS-SDE-Intern/adminsys/target/classes started by clarec in /Users/clarec/Documents/GitHub/SIMENS-SDE-Intern)
2024-01-19T11:00:31.820+08:00  INFO 15119 --- [Test] [main] c.example.adminsys.AdminsysApplication   : No active profile set, falling back to 1 default profile: "default"
2024-01-19T11:00:32.318+08:00  INFO 15119 --- [Test] [main] o.s.b.w.embedded.tomcat.TomcatWebServer  : Tomcat initialized with port 8090 (http)
2024-01-19T11:00:32.323+08:00  INFO 15119 --- [Test] [main] o.apache.catalina.core.StandardService   : Starting service [Tomcat]
2024-01-19T11:00:32.324+08:00  INFO 15119 --- [Test] [main] o.apache.catalina.core.StandardEngine    : Starting Servlet engine: [Apache Tomcat/10.1.17]
2024-01-19T11:00:32.340+08:00  INFO 15119 --- [Test] [main] o.a.c.c.C.[Tomcat].[localhost].[/]       : Initializing Spring embedded WebApplicationContext
2024-01-19T11:00:32.340+08:00  INFO 15119 --- [Test] [main] w.s.c.ServletWebServerApplicationContext : Root WebApplicationContext: initialization completed in 508 ms
2024-01-19T11:00:32.562+08:00  WARN 15119 --- [Test] [main] ion$DefaultTemplateResolverConfiguration : Cannot find template location: classpath:/templates/ (please add some templates, check your Thymeleaf configuration, or set spring.thymeleaf.check-template-location=false)
2024-01-19T11:00:32.812+08:00 ERROR 15119 --- [Test] [main] i.n.r.d.DnsServerAddressStreamProviders  : Unable to load io.netty.resolver.dns.macos.MacOSDnsServerAddressStreamProvider, fallback to system defaults. This may result in incorrect DNS resolutions on MacOS. Check whether you have a dependency on 'io.netty:netty-resolver-dns-native-macos'. Use DEBUG level to see the full stack: java.lang.UnsatisfiedLinkError: failed to load the required native library
2024-01-19T11:00:32.889+08:00  INFO 15119 --- [Test] [main] o.s.b.a.e.web.EndpointLinksResolver      : Exposing 14 endpoint(s) beneath base path '/actuator'
2024-01-19T11:00:32.914+08:00  INFO 15119 --- [Test] [main] o.s.b.w.embedded.tomcat.TomcatWebServer  : Tomcat started on port 8090 (http) with context path ''
2024-01-19T11:00:32.923+08:00  INFO 15119 --- [Test] [main] c.example.adminsys.AdminsysApplication   : Started AdminsysApplication in 1.264 seconds (process running for 1.756)
2024-01-19T11:00:32.957+08:00  WARN 15119 --- [Test] [registrationTask1] d.c.b.a.c.r.ApplicationRegistrator       : Failed to register application as Application(name=Test, managementUrl=http://localhost:8090/actuator, healthUrl=http://localhost:8090/actuator/health, serviceUrl=http://localhost:8090/) at spring-boot-admin ([http://localhost:8080/instances]): I/O error on POST request for "http://localhost:8080/instances": Connect to http://localhost:8080 [localhost/127.0.0.1, localhost/0:0:0:0:0:0:0:1] failed: Connection refused. Further attempts are logged on DEBUG level
2024-01-19T11:00:33.407+08:00  INFO 15119 --- [Test] [RMI TCP Connection(2)-127.0.0.1] o.a.c.c.C.[Tomcat].[localhost].[/]       : Initializing Spring DispatcherServlet 'dispatcherServlet'
2024-01-19T11:00:33.407+08:00  INFO 15119 --- [Test] [RMI TCP Connection(2)-127.0.0.1] o.s.web.servlet.DispatcherServlet        : Initializing Servlet 'dispatcherServlet'
2024-01-19T11:00:33.408+08:00  INFO 15119 --- [Test] [RMI TCP Connection(2)-127.0.0.1] o.s.web.servlet.DispatcherServlet        : Completed initialization in 1 ms
2024-01-19T11:01:23.375+08:00  INFO 15150 --- [Test] [main] c.example.adminsys.AdminsysApplication   : Starting AdminsysApplication using Java 20 with PID 15150 (/Users/clarec/Documents/GitHub/SIMENS-SDE-Intern/adminsys/target/classes started by clarec in /Users/clarec/Documents/GitHub/SIMENS-SDE-Intern)
2024-01-19T11:01:23.377+08:00  INFO 15150 --- [Test] [main] c.example.adminsys.AdminsysApplication   : No active profile set, falling back to 1 default profile: "default"
2024-01-19T11:01:23.851+08:00  INFO 15150 --- [Test] [main] o.s.b.w.embedded.tomcat.TomcatWebServer  : Tomcat initialized with port 8080 (http)
2024-01-19T11:01:23.856+08:00  INFO 15150 --- [Test] [main] o.apache.catalina.core.StandardService   : Starting service [Tomcat]
2024-01-19T11:01:23.856+08:00  INFO 15150 --- [Test] [main] o.apache.catalina.core.StandardEngine    : Starting Servlet engine: [Apache Tomcat/10.1.17]
2024-01-19T11:01:23.871+08:00  INFO 15150 --- [Test] [main] o.a.c.c.C.[Tomcat].[localhost].[/]       : Initializing Spring embedded WebApplicationContext
2024-01-19T11:01:23.872+08:00  INFO 15150 --- [Test] [main] w.s.c.ServletWebServerApplicationContext : Root WebApplicationContext: initialization completed in 482 ms
2024-01-19T11:01:24.059+08:00  WARN 15150 --- [Test] [main] ion$DefaultTemplateResolverConfiguration : Cannot find template location: classpath:/templates/ (please add some templates, check your Thymeleaf configuration, or set spring.thymeleaf.check-template-location=false)
2024-01-19T11:01:24.285+08:00 ERROR 15150 --- [Test] [main] i.n.r.d.DnsServerAddressStreamProviders  : Unable to load io.netty.resolver.dns.macos.MacOSDnsServerAddressStreamProvider, fallback to system defaults. This may result in incorrect DNS resolutions on MacOS. Check whether you have a dependency on 'io.netty:netty-resolver-dns-native-macos'. Use DEBUG level to see the full stack: java.lang.UnsatisfiedLinkError: failed to load the required native library
2024-01-19T11:01:24.359+08:00  INFO 15150 --- [Test] [main] o.s.b.a.e.web.EndpointLinksResolver      : Exposing 14 endpoint(s) beneath base path '/actuator'
2024-01-19T11:01:24.382+08:00  INFO 15150 --- [Test] [main] o.s.b.w.embedded.tomcat.TomcatWebServer  : Tomcat started on port 8080 (http) with context path ''
2024-01-19T11:01:24.390+08:00  INFO 15150 --- [Test] [main] c.example.adminsys.AdminsysApplication   : Started AdminsysApplication in 1.218 seconds (process running for 1.486)
2024-01-19T11:01:24.445+08:00  INFO 15150 --- [Test] [http-nio-8080-exec-1] o.a.c.c.C.[Tomcat].[localhost].[/]       : Initializing Spring DispatcherServlet 'dispatcherServlet'
2024-01-19T11:01:24.445+08:00  INFO 15150 --- [Test] [http-nio-8080-exec-1] o.s.web.servlet.DispatcherServlet        : Initializing Servlet 'dispatcherServlet'
2024-01-19T11:01:24.446+08:00  INFO 15150 --- [Test] [http-nio-8080-exec-1] o.s.web.servlet.DispatcherServlet        : Completed initialization in 1 ms
2024-01-19T11:01:24.530+08:00  INFO 15150 --- [Test] [registrationTask1] d.c.b.a.c.r.ApplicationRegistrator       : Application registered itself as a973ff14be49
2024-01-19T11:02:04.417+08:00  INFO 15150 --- [Test] [reactor-http-nio-5] d.c.b.a.server.services.StatusUpdater    : Couldn't retrieve status for Instance(id=a973ff14be49, version=2, registration=Registration(name=Test, managementUrl=http://localhost:8080/actuator, healthUrl=http://localhost:8080/actuator/health, serviceUrl=http://localhost:8080/, source=http-api), registered=true, statusInfo=StatusInfo(status=UP, details={}), statusTimestamp=2024-01-19T03:01:24.571056Z, info=Info(values={}), endpoints=Endpoints(endpoints={caches=Endpoint(id=caches, url=http://localhost:8080/actuator/caches), loggers=Endpoint(id=loggers, url=http://localhost:8080/actuator/loggers), logfile=Endpoint(id=logfile, url=http://localhost:8080/actuator/logfile), health=Endpoint(id=health, url=http://localhost:8080/actuator/health), env=Endpoint(id=env, url=http://localhost:8080/actuator/env), heapdump=Endpoint(id=heapdump, url=http://localhost:8080/actuator/heapdump), scheduledtasks=Endpoint(id=scheduledtasks, url=http://localhost:8080/actuator/scheduledtasks), mappings=Endpoint(id=mappings, url=http://localhost:8080/actuator/mappings), beans=Endpoint(id=beans, url=http://localhost:8080/actuator/beans), configprops=Endpoint(id=configprops, url=http://localhost:8080/actuator/configprops), threaddump=Endpoint(id=threaddump, url=http://localhost:8080/actuator/threaddump), metrics=Endpoint(id=metrics, url=http://localhost:8080/actuator/metrics), conditions=Endpoint(id=conditions, url=http://localhost:8080/actuator/conditions), info=Endpoint(id=info, url=http://localhost:8080/actuator/info)}), buildVersion=null, tags=Tags(values={}))

org.springframework.web.reactive.function.client.WebClientRequestException: executor not accepting a task
	at org.springframework.web.reactive.function.client.ExchangeFunctions$DefaultExchangeFunction.lambda$wrapException$9(ExchangeFunctions.java:136) ~[spring-webflux-6.1.2.jar:6.1.2]
	Suppressed: reactor.core.publisher.FluxOnAssembly$OnAssemblyException: 
Error has been observed at the following site(s):
	*__checkpoint ⇢ Request to GET health [DefaultWebClient]
Original Stack Trace:
		at org.springframework.web.reactive.function.client.ExchangeFunctions$DefaultExchangeFunction.lambda$wrapException$9(ExchangeFunctions.java:136) ~[spring-webflux-6.1.2.jar:6.1.2]
		at reactor.core.publisher.MonoErrorSupplied.subscribe(MonoErrorSupplied.java:55) ~[reactor-core-3.6.1.jar:3.6.1]
		at reactor.core.publisher.Mono.subscribe(Mono.java:4512) ~[reactor-core-3.6.1.jar:3.6.1]
		at reactor.core.publisher.FluxOnErrorResume$ResumeSubscriber.onError(FluxOnErrorResume.java:103) ~[reactor-core-3.6.1.jar:3.6.1]
		at reactor.core.publisher.FluxPeek$PeekSubscriber.onError(FluxPeek.java:222) ~[reactor-core-3.6.1.jar:3.6.1]
		at reactor.core.publisher.FluxPeek$PeekSubscriber.onError(FluxPeek.java:222) ~[reactor-core-3.6.1.jar:3.6.1]
		at reactor.core.publisher.FluxPeek$PeekSubscriber.onError(FluxPeek.java:222) ~[reactor-core-3.6.1.jar:3.6.1]
		at reactor.core.publisher.MonoNext$NextSubscriber.onError(MonoNext.java:93) ~[reactor-core-3.6.1.jar:3.6.1]
		at reactor.core.publisher.MonoFlatMapMany$FlatMapManyMain.onError(MonoFlatMapMany.java:204) ~[reactor-core-3.6.1.jar:3.6.1]
		at reactor.core.publisher.SerializedSubscriber.onError(SerializedSubscriber.java:124) ~[reactor-core-3.6.1.jar:3.6.1]
		at reactor.core.publisher.FluxRetryWhen$RetryWhenMainSubscriber.whenError(FluxRetryWhen.java:228) ~[reactor-core-3.6.1.jar:3.6.1]
		at reactor.core.publisher.FluxRetryWhen$RetryWhenOtherSubscriber.onError(FluxRetryWhen.java:278) ~[reactor-core-3.6.1.jar:3.6.1]
		at reactor.core.publisher.FluxContextWrite$ContextWriteSubscriber.onError(FluxContextWrite.java:121) ~[reactor-core-3.6.1.jar:3.6.1]
		at reactor.core.publisher.FluxConcatMapNoPrefetch$FluxConcatMapNoPrefetchSubscriber.maybeOnError(FluxConcatMapNoPrefetch.java:326) ~[reactor-core-3.6.1.jar:3.6.1]
		at reactor.core.publisher.FluxConcatMapNoPrefetch$FluxConcatMapNoPrefetchSubscriber.onNext(FluxConcatMapNoPrefetch.java:211) ~[reactor-core-3.6.1.jar:3.6.1]
		at reactor.core.publisher.FluxContextWrite$ContextWriteSubscriber.onNext(FluxContextWrite.java:107) ~[reactor-core-3.6.1.jar:3.6.1]
		at reactor.core.publisher.SinkManyEmitterProcessor.drain(SinkManyEmitterProcessor.java:476) ~[reactor-core-3.6.1.jar:3.6.1]
		at reactor.core.publisher.SinkManyEmitterProcessor$EmitterInner.drainParent(SinkManyEmitterProcessor.java:620) ~[reactor-core-3.6.1.jar:3.6.1]
		at reactor.core.publisher.FluxPublish$PubSubInner.request(FluxPublish.java:874) ~[reactor-core-3.6.1.jar:3.6.1]
		at reactor.core.publisher.FluxContextWrite$ContextWriteSubscriber.request(FluxContextWrite.java:136) ~[reactor-core-3.6.1.jar:3.6.1]
		at reactor.core.publisher.FluxConcatMapNoPrefetch$FluxConcatMapNoPrefetchSubscriber.request(FluxConcatMapNoPrefetch.java:336) ~[reactor-core-3.6.1.jar:3.6.1]
		at reactor.core.publisher.FluxContextWrite$ContextWriteSubscriber.request(FluxContextWrite.java:136) ~[reactor-core-3.6.1.jar:3.6.1]
		at reactor.core.publisher.Operators$DeferredSubscription.request(Operators.java:1743) ~[reactor-core-3.6.1.jar:3.6.1]
		at reactor.core.publisher.FluxRetryWhen$RetryWhenMainSubscriber.onError(FluxRetryWhen.java:195) ~[reactor-core-3.6.1.jar:3.6.1]
		at reactor.core.publisher.MonoCreate$DefaultMonoSink.error(MonoCreate.java:205) ~[reactor-core-3.6.1.jar:3.6.1]
		at reactor.netty.http.client.HttpClientConnect$MonoHttpConnect$ClientTransportSubscriber.onError(HttpClientConnect.java:311) ~[reactor-netty-http-1.1.14.jar:1.1.14]
		at reactor.core.publisher.MonoCreate$DefaultMonoSink.error(MonoCreate.java:205) ~[reactor-core-3.6.1.jar:3.6.1]
		at reactor.netty.resources.DefaultPooledConnectionProvider$DisposableAcquire.onError(DefaultPooledConnectionProvider.java:172) ~[reactor-netty-core-1.1.14.jar:1.1.14]
		at reactor.netty.internal.shaded.reactor.pool.AbstractPool$Borrower.fail(AbstractPool.java:488) ~[reactor-netty-core-1.1.14.jar:1.1.14]
		at reactor.netty.internal.shaded.reactor.pool.SimpleDequePool.lambda$drainLoop$9(SimpleDequePool.java:433) ~[reactor-netty-core-1.1.14.jar:1.1.14]
		at reactor.core.publisher.FluxDoOnEach$DoOnEachSubscriber.onError(FluxDoOnEach.java:186) ~[reactor-core-3.6.1.jar:3.6.1]
		at reactor.core.publisher.MonoCreate$DefaultMonoSink.error(MonoCreate.java:205) ~[reactor-core-3.6.1.jar:3.6.1]
		at reactor.netty.resources.DefaultPooledConnectionProvider$PooledConnectionAllocator$PooledConnectionInitializer.onError(DefaultPooledConnectionProvider.java:583) ~[reactor-netty-core-1.1.14.jar:1.1.14]
		at reactor.core.publisher.MonoFlatMap$FlatMapMain.secondError(MonoFlatMap.java:241) ~[reactor-core-3.6.1.jar:3.6.1]
		at reactor.core.publisher.MonoFlatMap$FlatMapInner.onError(MonoFlatMap.java:315) ~[reactor-core-3.6.1.jar:3.6.1]
		at reactor.core.publisher.FluxOnErrorResume$ResumeSubscriber.onError(FluxOnErrorResume.java:106) ~[reactor-core-3.6.1.jar:3.6.1]
		at reactor.core.publisher.Operators.error(Operators.java:198) ~[reactor-core-3.6.1.jar:3.6.1]
		at reactor.core.publisher.MonoError.subscribe(MonoError.java:53) ~[reactor-core-3.6.1.jar:3.6.1]
		at reactor.core.publisher.Mono.subscribe(Mono.java:4512) ~[reactor-core-3.6.1.jar:3.6.1]
		at reactor.core.publisher.FluxOnErrorResume$ResumeSubscriber.onError(FluxOnErrorResume.java:103) ~[reactor-core-3.6.1.jar:3.6.1]
		at reactor.core.publisher.Operators.error(Operators.java:198) ~[reactor-core-3.6.1.jar:3.6.1]
		at reactor.core.publisher.MonoError.subscribe(MonoError.java:53) ~[reactor-core-3.6.1.jar:3.6.1]
		at reactor.core.publisher.InternalMonoOperator.subscribe(InternalMonoOperator.java:76) ~[reactor-core-3.6.1.jar:3.6.1]
		at reactor.core.publisher.MonoFlatMap$FlatMapMain.onNext(MonoFlatMap.java:165) ~[reactor-core-3.6.1.jar:3.6.1]
		at reactor.netty.transport.TransportConnector$MonoChannelPromise._subscribe(TransportConnector.java:638) ~[reactor-netty-core-1.1.14.jar:1.1.14]
		at reactor.netty.transport.TransportConnector$MonoChannelPromise.lambda$subscribe$0(TransportConnector.java:550) ~[reactor-netty-core-1.1.14.jar:1.1.14]
		at io.netty.util.concurrent.AbstractEventExecutor.runTask(AbstractEventExecutor.java:173) ~[netty-common-4.1.104.Final.jar:4.1.104.Final]
		at io.netty.util.concurrent.AbstractEventExecutor.safeExecute(AbstractEventExecutor.java:166) ~[netty-common-4.1.104.Final.jar:4.1.104.Final]
		at io.netty.util.concurrent.SingleThreadEventExecutor.runAllTasks(SingleThreadEventExecutor.java:470) ~[netty-common-4.1.104.Final.jar:4.1.104.Final]
		at io.netty.channel.nio.NioEventLoop.run(NioEventLoop.java:569) ~[netty-transport-4.1.104.Final.jar:4.1.104.Final]
		at io.netty.util.concurrent.SingleThreadEventExecutor$4.run(SingleThreadEventExecutor.java:997) ~[netty-common-4.1.104.Final.jar:4.1.104.Final]
		at io.netty.util.internal.ThreadExecutorMap$2.run(ThreadExecutorMap.java:74) ~[netty-common-4.1.104.Final.jar:4.1.104.Final]
		at io.netty.util.concurrent.FastThreadLocalRunnable.run(FastThreadLocalRunnable.java:30) ~[netty-common-4.1.104.Final.jar:4.1.104.Final]
		at java.base/java.lang.Thread.run(Thread.java:1623) ~[na:na]
Caused by: java.lang.IllegalStateException: executor not accepting a task
	at io.netty.resolver.AddressResolverGroup.getResolver(AddressResolverGroup.java:61) ~[netty-resolver-4.1.104.Final.jar:4.1.104.Final]
	at reactor.netty.transport.TransportConnector.doResolveAndConnect(TransportConnector.java:303) ~[reactor-netty-core-1.1.14.jar:1.1.14]
	at reactor.netty.transport.TransportConnector.lambda$connect$6(TransportConnector.java:165) ~[reactor-netty-core-1.1.14.jar:1.1.14]
	at reactor.core.publisher.MonoFlatMap$FlatMapMain.onNext(MonoFlatMap.java:132) ~[reactor-core-3.6.1.jar:3.6.1]
	at reactor.netty.transport.TransportConnector$MonoChannelPromise._subscribe(TransportConnector.java:638) ~[reactor-netty-core-1.1.14.jar:1.1.14]
	at reactor.netty.transport.TransportConnector$MonoChannelPromise.lambda$subscribe$0(TransportConnector.java:550) ~[reactor-netty-core-1.1.14.jar:1.1.14]
	at io.netty.util.concurrent.AbstractEventExecutor.runTask(AbstractEventExecutor.java:173) ~[netty-common-4.1.104.Final.jar:4.1.104.Final]
	at io.netty.util.concurrent.AbstractEventExecutor.safeExecute(AbstractEventExecutor.java:166) ~[netty-common-4.1.104.Final.jar:4.1.104.Final]
	at io.netty.util.concurrent.SingleThreadEventExecutor.runAllTasks(SingleThreadEventExecutor.java:470) ~[netty-common-4.1.104.Final.jar:4.1.104.Final]
	at io.netty.channel.nio.NioEventLoop.run(NioEventLoop.java:569) ~[netty-transport-4.1.104.Final.jar:4.1.104.Final]
	at io.netty.util.concurrent.SingleThreadEventExecutor$4.run(SingleThreadEventExecutor.java:997) ~[netty-common-4.1.104.Final.jar:4.1.104.Final]
	at io.netty.util.internal.ThreadExecutorMap$2.run(ThreadExecutorMap.java:74) ~[netty-common-4.1.104.Final.jar:4.1.104.Final]
	at io.netty.util.concurrent.FastThreadLocalRunnable.run(FastThreadLocalRunnable.java:30) ~[netty-common-4.1.104.Final.jar:4.1.104.Final]
	at java.base/java.lang.Thread.run(Thread.java:1623) ~[na:na]

2024-01-19T11:04:52.232+08:00  INFO 15311 --- [Test] [main] c.example.adminsys.AdminsysApplication   : Starting AdminsysApplication using Java 20 with PID 15311 (/Users/clarec/Documents/GitHub/SIMENS-SDE-Intern/adminsys/target/classes started by clarec in /Users/clarec/Documents/GitHub/SIMENS-SDE-Intern)
2024-01-19T11:04:52.233+08:00  INFO 15311 --- [Test] [main] c.example.adminsys.AdminsysApplication   : No active profile set, falling back to 1 default profile: "default"
2024-01-19T11:04:52.731+08:00  INFO 15311 --- [Test] [main] o.s.b.w.embedded.tomcat.TomcatWebServer  : Tomcat initialized with port 8090 (http)
2024-01-19T11:04:52.736+08:00  INFO 15311 --- [Test] [main] o.apache.catalina.core.StandardService   : Starting service [Tomcat]
2024-01-19T11:04:52.736+08:00  INFO 15311 --- [Test] [main] o.apache.catalina.core.StandardEngine    : Starting Servlet engine: [Apache Tomcat/10.1.17]
2024-01-19T11:04:52.751+08:00  INFO 15311 --- [Test] [main] o.a.c.c.C.[Tomcat].[localhost].[/]       : Initializing Spring embedded WebApplicationContext
2024-01-19T11:04:52.751+08:00  INFO 15311 --- [Test] [main] w.s.c.ServletWebServerApplicationContext : Root WebApplicationContext: initialization completed in 503 ms
2024-01-19T11:04:52.951+08:00  WARN 15311 --- [Test] [main] ion$DefaultTemplateResolverConfiguration : Cannot find template location: classpath:/templates/ (please add some templates, check your Thymeleaf configuration, or set spring.thymeleaf.check-template-location=false)
2024-01-19T11:04:53.232+08:00 ERROR 15311 --- [Test] [main] i.n.r.d.DnsServerAddressStreamProviders  : Unable to load io.netty.resolver.dns.macos.MacOSDnsServerAddressStreamProvider, fallback to system defaults. This may result in incorrect DNS resolutions on MacOS. Check whether you have a dependency on 'io.netty:netty-resolver-dns-native-macos'. Use DEBUG level to see the full stack: java.lang.UnsatisfiedLinkError: failed to load the required native library
2024-01-19T11:04:53.317+08:00  INFO 15311 --- [Test] [main] o.s.b.a.e.web.EndpointLinksResolver      : Exposing 14 endpoint(s) beneath base path '/actuator'
2024-01-19T11:04:53.342+08:00  INFO 15311 --- [Test] [main] o.s.b.w.embedded.tomcat.TomcatWebServer  : Tomcat started on port 8090 (http) with context path ''
2024-01-19T11:04:53.351+08:00  INFO 15311 --- [Test] [main] c.example.adminsys.AdminsysApplication   : Started AdminsysApplication in 1.282 seconds (process running for 1.62)
2024-01-19T11:04:53.384+08:00  WARN 15311 --- [Test] [registrationTask1] d.c.b.a.c.r.ApplicationRegistrator       : Failed to register application as Application(name=Test, managementUrl=http://localhost:8090/actuator, healthUrl=http://localhost:8090/actuator/health, serviceUrl=http://localhost:8090/) at spring-boot-admin ([http://localhost:8080/instances]): I/O error on POST request for "http://localhost:8080/instances": Connect to http://localhost:8080 [localhost/127.0.0.1, localhost/0:0:0:0:0:0:0:1] failed: Connection refused. Further attempts are logged on DEBUG level
2024-01-19T11:04:53.456+08:00  INFO 15311 --- [Test] [RMI TCP Connection(2)-127.0.0.1] o.a.c.c.C.[Tomcat].[localhost].[/]       : Initializing Spring DispatcherServlet 'dispatcherServlet'
2024-01-19T11:04:53.456+08:00  INFO 15311 --- [Test] [RMI TCP Connection(2)-127.0.0.1] o.s.web.servlet.DispatcherServlet        : Initializing Servlet 'dispatcherServlet'
2024-01-19T11:04:53.457+08:00  INFO 15311 --- [Test] [RMI TCP Connection(2)-127.0.0.1] o.s.web.servlet.DispatcherServlet        : Completed initialization in 1 ms
2024-01-19T11:05:40.250+08:00  INFO 15363 --- [Test] [main] c.example.adminsys.AdminsysApplication   : Starting AdminsysApplication using Java 20 with PID 15363 (/Users/clarec/Documents/GitHub/SIMENS-SDE-Intern/adminsys/target/classes started by clarec in /Users/clarec/Documents/GitHub/SIMENS-SDE-Intern)
2024-01-19T11:05:40.251+08:00  INFO 15363 --- [Test] [main] c.example.adminsys.AdminsysApplication   : No active profile set, falling back to 1 default profile: "default"
2024-01-19T11:05:40.724+08:00  INFO 15363 --- [Test] [main] o.s.b.w.embedded.tomcat.TomcatWebServer  : Tomcat initialized with port 8080 (http)
2024-01-19T11:05:40.729+08:00  INFO 15363 --- [Test] [main] o.apache.catalina.core.StandardService   : Starting service [Tomcat]
2024-01-19T11:05:40.729+08:00  INFO 15363 --- [Test] [main] o.apache.catalina.core.StandardEngine    : Starting Servlet engine: [Apache Tomcat/10.1.17]
2024-01-19T11:05:40.745+08:00  INFO 15363 --- [Test] [main] o.a.c.c.C.[Tomcat].[localhost].[/]       : Initializing Spring embedded WebApplicationContext
2024-01-19T11:05:40.745+08:00  INFO 15363 --- [Test] [main] w.s.c.ServletWebServerApplicationContext : Root WebApplicationContext: initialization completed in 482 ms
2024-01-19T11:05:40.941+08:00  WARN 15363 --- [Test] [main] ion$DefaultTemplateResolverConfiguration : Cannot find template location: classpath:/templates/ (please add some templates, check your Thymeleaf configuration, or set spring.thymeleaf.check-template-location=false)
2024-01-19T11:05:41.184+08:00 ERROR 15363 --- [Test] [main] i.n.r.d.DnsServerAddressStreamProviders  : Unable to load io.netty.resolver.dns.macos.MacOSDnsServerAddressStreamProvider, fallback to system defaults. This may result in incorrect DNS resolutions on MacOS. Check whether you have a dependency on 'io.netty:netty-resolver-dns-native-macos'. Use DEBUG level to see the full stack: java.lang.UnsatisfiedLinkError: failed to load the required native library
2024-01-19T11:05:41.264+08:00  INFO 15363 --- [Test] [main] o.s.b.a.e.web.EndpointLinksResolver      : Exposing 14 endpoint(s) beneath base path '/actuator'
2024-01-19T11:05:41.287+08:00  INFO 15363 --- [Test] [main] o.s.b.w.embedded.tomcat.TomcatWebServer  : Tomcat started on port 8080 (http) with context path ''
2024-01-19T11:05:41.296+08:00  INFO 15363 --- [Test] [main] c.example.adminsys.AdminsysApplication   : Started AdminsysApplication in 1.229 seconds (process running for 1.484)
2024-01-19T11:05:41.352+08:00  INFO 15363 --- [Test] [http-nio-8080-exec-1] o.a.c.c.C.[Tomcat].[localhost].[/]       : Initializing Spring DispatcherServlet 'dispatcherServlet'
2024-01-19T11:05:41.352+08:00  INFO 15363 --- [Test] [http-nio-8080-exec-1] o.s.web.servlet.DispatcherServlet        : Initializing Servlet 'dispatcherServlet'
2024-01-19T11:05:41.353+08:00  INFO 15363 --- [Test] [http-nio-8080-exec-1] o.s.web.servlet.DispatcherServlet        : Completed initialization in 1 ms
2024-01-19T11:05:41.443+08:00  INFO 15363 --- [Test] [registrationTask1] d.c.b.a.c.r.ApplicationRegistrator       : Application registered itself as a973ff14be49
2024-01-19T11:49:07.726+08:00  INFO 16876 --- [Test] [main] c.example.adminsys.AdminsysApplication   : Starting AdminsysApplication using Java 20 with PID 16876 (/Users/clarec/Documents/GitHub/SIMENS-SDE-Intern/adminsys/target/classes started by clarec in /Users/clarec/Documents/GitHub/SIMENS-SDE-Intern)
2024-01-19T11:49:07.727+08:00  INFO 16876 --- [Test] [main] c.example.adminsys.AdminsysApplication   : No active profile set, falling back to 1 default profile: "default"
2024-01-19T11:49:08.270+08:00  INFO 16876 --- [Test] [main] o.s.b.w.embedded.tomcat.TomcatWebServer  : Tomcat initialized with port 8090 (http)
2024-01-19T11:49:08.276+08:00  INFO 16876 --- [Test] [main] o.apache.catalina.core.StandardService   : Starting service [Tomcat]
2024-01-19T11:49:08.276+08:00  INFO 16876 --- [Test] [main] o.apache.catalina.core.StandardEngine    : Starting Servlet engine: [Apache Tomcat/10.1.17]
2024-01-19T11:49:08.299+08:00  INFO 16876 --- [Test] [main] o.a.c.c.C.[Tomcat].[localhost].[/]       : Initializing Spring embedded WebApplicationContext
2024-01-19T11:49:08.300+08:00  INFO 16876 --- [Test] [main] w.s.c.ServletWebServerApplicationContext : Root WebApplicationContext: initialization completed in 559 ms
2024-01-19T11:49:08.526+08:00  WARN 16876 --- [Test] [main] ion$DefaultTemplateResolverConfiguration : Cannot find template location: classpath:/templates/ (please add some templates, check your Thymeleaf configuration, or set spring.thymeleaf.check-template-location=false)
2024-01-19T11:49:09.804+08:00  INFO 16876 --- [Test] [main] o.s.b.a.e.web.EndpointLinksResolver      : Exposing 14 endpoint(s) beneath base path '/actuator'
2024-01-19T11:49:09.831+08:00  INFO 16876 --- [Test] [main] o.s.b.w.embedded.tomcat.TomcatWebServer  : Tomcat started on port 8090 (http) with context path ''
2024-01-19T11:49:09.840+08:00  INFO 16876 --- [Test] [main] c.example.adminsys.AdminsysApplication   : Started AdminsysApplication in 2.282 seconds (process running for 2.555)
2024-01-19T11:49:09.875+08:00  WARN 16876 --- [Test] [registrationTask1] d.c.b.a.c.r.ApplicationRegistrator       : Failed to register application as Application(name=Test, managementUrl=http://localhost:8090/actuator, healthUrl=http://localhost:8090/actuator/health, serviceUrl=http://localhost:8090/) at spring-boot-admin ([http://localhost:8080/instances]): I/O error on POST request for "http://localhost:8080/instances": Connect to http://localhost:8080 [localhost/127.0.0.1, localhost/0:0:0:0:0:0:0:1] failed: Connection refused. Further attempts are logged on DEBUG level
2024-01-19T11:49:10.080+08:00  INFO 16876 --- [Test] [RMI TCP Connection(4)-127.0.0.1] o.a.c.c.C.[Tomcat].[localhost].[/]       : Initializing Spring DispatcherServlet 'dispatcherServlet'
2024-01-19T11:49:10.080+08:00  INFO 16876 --- [Test] [RMI TCP Connection(4)-127.0.0.1] o.s.web.servlet.DispatcherServlet        : Initializing Servlet 'dispatcherServlet'
2024-01-19T11:49:10.081+08:00  INFO 16876 --- [Test] [RMI TCP Connection(4)-127.0.0.1] o.s.web.servlet.DispatcherServlet        : Completed initialization in 1 ms
2024-01-19T11:53:26.603+08:00  INFO 17030 --- [Test] [main] c.example.adminsys.AdminsysApplication   : Starting AdminsysApplication using Java 20 with PID 17030 (/Users/clarec/Documents/GitHub/SIMENS-SDE-Intern/adminsys/target/classes started by clarec in /Users/clarec/Documents/GitHub/SIMENS-SDE-Intern)
2024-01-19T11:53:26.604+08:00  INFO 17030 --- [Test] [main] c.example.adminsys.AdminsysApplication   : No active profile set, falling back to 1 default profile: "default"
2024-01-19T11:53:27.087+08:00  INFO 17030 --- [Test] [main] o.s.b.w.embedded.tomcat.TomcatWebServer  : Tomcat initialized with port 8090 (http)
2024-01-19T11:53:27.092+08:00  INFO 17030 --- [Test] [main] o.apache.catalina.core.StandardService   : Starting service [Tomcat]
2024-01-19T11:53:27.093+08:00  INFO 17030 --- [Test] [main] o.apache.catalina.core.StandardEngine    : Starting Servlet engine: [Apache Tomcat/10.1.17]
2024-01-19T11:53:27.109+08:00  INFO 17030 --- [Test] [main] o.a.c.c.C.[Tomcat].[localhost].[/]       : Initializing Spring embedded WebApplicationContext
2024-01-19T11:53:27.109+08:00  INFO 17030 --- [Test] [main] w.s.c.ServletWebServerApplicationContext : Root WebApplicationContext: initialization completed in 486 ms
2024-01-19T11:53:27.334+08:00  WARN 17030 --- [Test] [main] ion$DefaultTemplateResolverConfiguration : Cannot find template location: classpath:/templates/ (please add some templates, check your Thymeleaf configuration, or set spring.thymeleaf.check-template-location=false)
2024-01-19T11:53:27.445+08:00  INFO 17030 --- [Test] [main] o.s.b.a.e.web.EndpointLinksResolver      : Exposing 14 endpoint(s) beneath base path '/actuator'
2024-01-19T11:53:27.471+08:00  INFO 17030 --- [Test] [main] o.s.b.w.embedded.tomcat.TomcatWebServer  : Tomcat started on port 8090 (http) with context path ''
2024-01-19T11:53:27.480+08:00  INFO 17030 --- [Test] [main] c.example.adminsys.AdminsysApplication   : Started AdminsysApplication in 1.14 seconds (process running for 1.544)
2024-01-19T11:53:27.966+08:00  INFO 17030 --- [Test] [RMI TCP Connection(3)-127.0.0.1] o.a.c.c.C.[Tomcat].[localhost].[/]       : Initializing Spring DispatcherServlet 'dispatcherServlet'
2024-01-19T11:53:27.966+08:00  INFO 17030 --- [Test] [RMI TCP Connection(3)-127.0.0.1] o.s.web.servlet.DispatcherServlet        : Initializing Servlet 'dispatcherServlet'
2024-01-19T11:53:27.966+08:00  INFO 17030 --- [Test] [RMI TCP Connection(3)-127.0.0.1] o.s.web.servlet.DispatcherServlet        : Completed initialization in 0 ms
2024-01-19T12:01:51.243+08:00  INFO 17532 --- [Test] [main] c.example.adminsys.AdminsysApplication   : Starting AdminsysApplication using Java 20 with PID 17532 (/Users/clarec/Documents/GitHub/SIMENS-SDE-Intern/adminsys/target/classes started by clarec in /Users/clarec/Documents/GitHub/SIMENS-SDE-Intern)
2024-01-19T12:01:51.245+08:00  INFO 17532 --- [Test] [main] c.example.adminsys.AdminsysApplication   : No active profile set, falling back to 1 default profile: "default"
2024-01-19T12:01:51.792+08:00  INFO 17532 --- [Test] [main] o.s.b.w.embedded.tomcat.TomcatWebServer  : Tomcat initialized with port 8090 (http)
2024-01-19T12:01:51.797+08:00  INFO 17532 --- [Test] [main] o.apache.catalina.core.StandardService   : Starting service [Tomcat]
2024-01-19T12:01:51.797+08:00  INFO 17532 --- [Test] [main] o.apache.catalina.core.StandardEngine    : Starting Servlet engine: [Apache Tomcat/10.1.17]
2024-01-19T12:01:51.814+08:00  INFO 17532 --- [Test] [main] o.a.c.c.C.[Tomcat].[localhost].[/]       : Initializing Spring embedded WebApplicationContext
2024-01-19T12:01:51.815+08:00  INFO 17532 --- [Test] [main] w.s.c.ServletWebServerApplicationContext : Root WebApplicationContext: initialization completed in 537 ms
2024-01-19T12:01:51.994+08:00  WARN 17532 --- [Test] [main] ion$DefaultTemplateResolverConfiguration : Cannot find template location: classpath:/templates/ (please add some templates, check your Thymeleaf configuration, or set spring.thymeleaf.check-template-location=false)
2024-01-19T12:01:52.099+08:00  INFO 17532 --- [Test] [main] o.s.b.a.e.web.EndpointLinksResolver      : Exposing 14 endpoint(s) beneath base path '/actuator'
2024-01-19T12:01:52.125+08:00  INFO 17532 --- [Test] [main] o.s.b.w.embedded.tomcat.TomcatWebServer  : Tomcat started on port 8090 (http) with context path ''
2024-01-19T12:01:52.133+08:00  INFO 17532 --- [Test] [main] c.example.adminsys.AdminsysApplication   : Started AdminsysApplication in 1.235 seconds (process running for 1.672)
2024-01-19T12:01:52.527+08:00  INFO 17532 --- [Test] [RMI TCP Connection(3)-127.0.0.1] o.a.c.c.C.[Tomcat].[localhost].[/]       : Initializing Spring DispatcherServlet 'dispatcherServlet'
2024-01-19T12:01:52.527+08:00  INFO 17532 --- [Test] [RMI TCP Connection(3)-127.0.0.1] o.s.web.servlet.DispatcherServlet        : Initializing Servlet 'dispatcherServlet'
2024-01-19T12:01:52.528+08:00  INFO 17532 --- [Test] [RMI TCP Connection(3)-127.0.0.1] o.s.web.servlet.DispatcherServlet        : Completed initialization in 1 ms
2024-01-19T12:02:20.502+08:00  INFO 17577 --- [Test] [main] c.example.adminsys.AdminsysApplication   : Starting AdminsysApplication using Java 20 with PID 17577 (/Users/clarec/Documents/GitHub/SIMENS-SDE-Intern/adminsys/target/classes started by clarec in /Users/clarec/Documents/GitHub/SIMENS-SDE-Intern)
2024-01-19T12:02:20.503+08:00  INFO 17577 --- [Test] [main] c.example.adminsys.AdminsysApplication   : No active profile set, falling back to 1 default profile: "default"
2024-01-19T12:02:20.920+08:00  INFO 17577 --- [Test] [main] o.s.b.w.embedded.tomcat.TomcatWebServer  : Tomcat initialized with port 8080 (http)
2024-01-19T12:02:20.924+08:00  INFO 17577 --- [Test] [main] o.apache.catalina.core.StandardService   : Starting service [Tomcat]
2024-01-19T12:02:20.924+08:00  INFO 17577 --- [Test] [main] o.apache.catalina.core.StandardEngine    : Starting Servlet engine: [Apache Tomcat/10.1.17]
2024-01-19T12:02:20.940+08:00  INFO 17577 --- [Test] [main] o.a.c.c.C.[Tomcat].[localhost].[/]       : Initializing Spring embedded WebApplicationContext
2024-01-19T12:02:20.940+08:00  INFO 17577 --- [Test] [main] w.s.c.ServletWebServerApplicationContext : Root WebApplicationContext: initialization completed in 423 ms
2024-01-19T12:02:21.114+08:00  WARN 17577 --- [Test] [main] ion$DefaultTemplateResolverConfiguration : Cannot find template location: classpath:/templates/ (please add some templates, check your Thymeleaf configuration, or set spring.thymeleaf.check-template-location=false)
2024-01-19T12:02:21.267+08:00  INFO 17577 --- [Test] [main] o.s.b.a.e.web.EndpointLinksResolver      : Exposing 14 endpoint(s) beneath base path '/actuator'
2024-01-19T12:02:21.293+08:00  INFO 17577 --- [Test] [main] o.s.b.w.embedded.tomcat.TomcatWebServer  : Tomcat started on port 8080 (http) with context path ''
2024-01-19T12:02:21.301+08:00  INFO 17577 --- [Test] [main] c.example.adminsys.AdminsysApplication   : Started AdminsysApplication in 0.955 seconds (process running for 1.226)
2024-01-19T12:02:21.860+08:00  INFO 17577 --- [Test] [RMI TCP Connection(3)-127.0.0.1] o.a.c.c.C.[Tomcat].[localhost].[/]       : Initializing Spring DispatcherServlet 'dispatcherServlet'
2024-01-19T12:02:21.860+08:00  INFO 17577 --- [Test] [RMI TCP Connection(3)-127.0.0.1] o.s.web.servlet.DispatcherServlet        : Initializing Servlet 'dispatcherServlet'
2024-01-19T12:02:21.861+08:00  INFO 17577 --- [Test] [RMI TCP Connection(3)-127.0.0.1] o.s.web.servlet.DispatcherServlet        : Completed initialization in 1 ms
2024-01-19T12:02:54.810+08:00  INFO 17598 --- [Test] [main] c.example.adminsys.AdminsysApplication   : Starting AdminsysApplication using Java 20 with PID 17598 (/Users/clarec/Documents/GitHub/SIMENS-SDE-Intern/adminsys/target/classes started by clarec in /Users/clarec/Documents/GitHub/SIMENS-SDE-Intern)
2024-01-19T12:02:54.812+08:00  INFO 17598 --- [Test] [main] c.example.adminsys.AdminsysApplication   : No active profile set, falling back to 1 default profile: "default"
2024-01-19T12:02:55.500+08:00  INFO 17598 --- [Test] [main] o.s.b.w.embedded.tomcat.TomcatWebServer  : Tomcat initialized with port 8080 (http)
2024-01-19T12:02:55.505+08:00  INFO 17598 --- [Test] [main] o.apache.catalina.core.StandardService   : Starting service [Tomcat]
2024-01-19T12:02:55.505+08:00  INFO 17598 --- [Test] [main] o.apache.catalina.core.StandardEngine    : Starting Servlet engine: [Apache Tomcat/10.1.17]
2024-01-19T12:02:55.522+08:00  INFO 17598 --- [Test] [main] o.a.c.c.C.[Tomcat].[localhost].[/]       : Initializing Spring embedded WebApplicationContext
2024-01-19T12:02:55.522+08:00  INFO 17598 --- [Test] [main] w.s.c.ServletWebServerApplicationContext : Root WebApplicationContext: initialization completed in 691 ms
2024-01-19T12:02:55.754+08:00  WARN 17598 --- [Test] [main] ion$DefaultTemplateResolverConfiguration : Cannot find template location: classpath:/templates/ (please add some templates, check your Thymeleaf configuration, or set spring.thymeleaf.check-template-location=false)
2024-01-19T12:02:57.315+08:00  INFO 17598 --- [Test] [main] o.s.b.a.e.web.EndpointLinksResolver      : Exposing 14 endpoint(s) beneath base path '/actuator'
2024-01-19T12:02:57.339+08:00  INFO 17598 --- [Test] [main] o.s.b.w.embedded.tomcat.TomcatWebServer  : Tomcat started on port 8080 (http) with context path ''
2024-01-19T12:02:57.348+08:00  INFO 17598 --- [Test] [main] c.example.adminsys.AdminsysApplication   : Started AdminsysApplication in 2.984 seconds (process running for 3.577)
2024-01-19T12:02:57.404+08:00  INFO 17598 --- [Test] [http-nio-8080-exec-1] o.a.c.c.C.[Tomcat].[localhost].[/]       : Initializing Spring DispatcherServlet 'dispatcherServlet'
2024-01-19T12:02:57.405+08:00  INFO 17598 --- [Test] [http-nio-8080-exec-1] o.s.web.servlet.DispatcherServlet        : Initializing Servlet 'dispatcherServlet'
2024-01-19T12:02:57.405+08:00  INFO 17598 --- [Test] [http-nio-8080-exec-1] o.s.web.servlet.DispatcherServlet        : Completed initialization in 0 ms
2024-01-19T12:02:57.482+08:00  INFO 17598 --- [Test] [registrationTask1] d.c.b.a.c.r.ApplicationRegistrator       : Application registered itself as a973ff14be49
2024-01-19T12:03:17.357+08:00  INFO 17598 --- [Test] [reactor-http-kqueue-3] d.c.b.a.server.services.StatusUpdater    : Couldn't retrieve status for Instance(id=a973ff14be49, version=2, registration=Registration(name=Test, managementUrl=http://localhost:8080/actuator, healthUrl=http://localhost:8080/actuator/health, serviceUrl=http://localhost:8080/, source=http-api), registered=true, statusInfo=StatusInfo(status=UP, details={}), statusTimestamp=2024-01-19T04:02:57.519411Z, info=Info(values={}), endpoints=Endpoints(endpoints={caches=Endpoint(id=caches, url=http://localhost:8080/actuator/caches), loggers=Endpoint(id=loggers, url=http://localhost:8080/actuator/loggers), logfile=Endpoint(id=logfile, url=http://localhost:8080/actuator/logfile), health=Endpoint(id=health, url=http://localhost:8080/actuator/health), env=Endpoint(id=env, url=http://localhost:8080/actuator/env), heapdump=Endpoint(id=heapdump, url=http://localhost:8080/actuator/heapdump), scheduledtasks=Endpoint(id=scheduledtasks, url=http://localhost:8080/actuator/scheduledtasks), mappings=Endpoint(id=mappings, url=http://localhost:8080/actuator/mappings), beans=Endpoint(id=beans, url=http://localhost:8080/actuator/beans), configprops=Endpoint(id=configprops, url=http://localhost:8080/actuator/configprops), threaddump=Endpoint(id=threaddump, url=http://localhost:8080/actuator/threaddump), metrics=Endpoint(id=metrics, url=http://localhost:8080/actuator/metrics), conditions=Endpoint(id=conditions, url=http://localhost:8080/actuator/conditions), info=Endpoint(id=info, url=http://localhost:8080/actuator/info)}), buildVersion=null, tags=Tags(values={}))

org.springframework.web.reactive.function.client.WebClientRequestException: executor not accepting a task
	at org.springframework.web.reactive.function.client.ExchangeFunctions$DefaultExchangeFunction.lambda$wrapException$9(ExchangeFunctions.java:136) ~[spring-webflux-6.1.2.jar:6.1.2]
	Suppressed: reactor.core.publisher.FluxOnAssembly$OnAssemblyException: 
Error has been observed at the following site(s):
	*__checkpoint ⇢ Request to GET health [DefaultWebClient]
Original Stack Trace:
		at org.springframework.web.reactive.function.client.ExchangeFunctions$DefaultExchangeFunction.lambda$wrapException$9(ExchangeFunctions.java:136) ~[spring-webflux-6.1.2.jar:6.1.2]
		at reactor.core.publisher.MonoErrorSupplied.subscribe(MonoErrorSupplied.java:55) ~[reactor-core-3.6.1.jar:3.6.1]
		at reactor.core.publisher.Mono.subscribe(Mono.java:4512) ~[reactor-core-3.6.1.jar:3.6.1]
		at reactor.core.publisher.FluxOnErrorResume$ResumeSubscriber.onError(FluxOnErrorResume.java:103) ~[reactor-core-3.6.1.jar:3.6.1]
		at reactor.core.publisher.FluxPeek$PeekSubscriber.onError(FluxPeek.java:222) ~[reactor-core-3.6.1.jar:3.6.1]
		at reactor.core.publisher.FluxPeek$PeekSubscriber.onError(FluxPeek.java:222) ~[reactor-core-3.6.1.jar:3.6.1]
		at reactor.core.publisher.FluxPeek$PeekSubscriber.onError(FluxPeek.java:222) ~[reactor-core-3.6.1.jar:3.6.1]
		at reactor.core.publisher.MonoNext$NextSubscriber.onError(MonoNext.java:93) ~[reactor-core-3.6.1.jar:3.6.1]
		at reactor.core.publisher.MonoFlatMapMany$FlatMapManyMain.onError(MonoFlatMapMany.java:204) ~[reactor-core-3.6.1.jar:3.6.1]
		at reactor.core.publisher.SerializedSubscriber.onError(SerializedSubscriber.java:124) ~[reactor-core-3.6.1.jar:3.6.1]
		at reactor.core.publisher.FluxRetryWhen$RetryWhenMainSubscriber.whenError(FluxRetryWhen.java:228) ~[reactor-core-3.6.1.jar:3.6.1]
		at reactor.core.publisher.FluxRetryWhen$RetryWhenOtherSubscriber.onError(FluxRetryWhen.java:278) ~[reactor-core-3.6.1.jar:3.6.1]
		at reactor.core.publisher.FluxContextWrite$ContextWriteSubscriber.onError(FluxContextWrite.java:121) ~[reactor-core-3.6.1.jar:3.6.1]
		at reactor.core.publisher.FluxConcatMapNoPrefetch$FluxConcatMapNoPrefetchSubscriber.maybeOnError(FluxConcatMapNoPrefetch.java:326) ~[reactor-core-3.6.1.jar:3.6.1]
		at reactor.core.publisher.FluxConcatMapNoPrefetch$FluxConcatMapNoPrefetchSubscriber.onNext(FluxConcatMapNoPrefetch.java:211) ~[reactor-core-3.6.1.jar:3.6.1]
		at reactor.core.publisher.FluxContextWrite$ContextWriteSubscriber.onNext(FluxContextWrite.java:107) ~[reactor-core-3.6.1.jar:3.6.1]
		at reactor.core.publisher.SinkManyEmitterProcessor.drain(SinkManyEmitterProcessor.java:476) ~[reactor-core-3.6.1.jar:3.6.1]
		at reactor.core.publisher.SinkManyEmitterProcessor$EmitterInner.drainParent(SinkManyEmitterProcessor.java:620) ~[reactor-core-3.6.1.jar:3.6.1]
		at reactor.core.publisher.FluxPublish$PubSubInner.request(FluxPublish.java:874) ~[reactor-core-3.6.1.jar:3.6.1]
		at reactor.core.publisher.FluxContextWrite$ContextWriteSubscriber.request(FluxContextWrite.java:136) ~[reactor-core-3.6.1.jar:3.6.1]
		at reactor.core.publisher.FluxConcatMapNoPrefetch$FluxConcatMapNoPrefetchSubscriber.request(FluxConcatMapNoPrefetch.java:336) ~[reactor-core-3.6.1.jar:3.6.1]
		at reactor.core.publisher.FluxContextWrite$ContextWriteSubscriber.request(FluxContextWrite.java:136) ~[reactor-core-3.6.1.jar:3.6.1]
		at reactor.core.publisher.Operators$DeferredSubscription.request(Operators.java:1743) ~[reactor-core-3.6.1.jar:3.6.1]
		at reactor.core.publisher.FluxRetryWhen$RetryWhenMainSubscriber.onError(FluxRetryWhen.java:195) ~[reactor-core-3.6.1.jar:3.6.1]
		at reactor.core.publisher.MonoCreate$DefaultMonoSink.error(MonoCreate.java:205) ~[reactor-core-3.6.1.jar:3.6.1]
		at reactor.netty.http.client.HttpClientConnect$MonoHttpConnect$ClientTransportSubscriber.onError(HttpClientConnect.java:311) ~[reactor-netty-http-1.1.14.jar:1.1.14]
		at reactor.core.publisher.MonoCreate$DefaultMonoSink.error(MonoCreate.java:205) ~[reactor-core-3.6.1.jar:3.6.1]
		at reactor.netty.resources.DefaultPooledConnectionProvider$DisposableAcquire.onError(DefaultPooledConnectionProvider.java:172) ~[reactor-netty-core-1.1.14.jar:1.1.14]
		at reactor.netty.internal.shaded.reactor.pool.AbstractPool$Borrower.fail(AbstractPool.java:488) ~[reactor-netty-core-1.1.14.jar:1.1.14]
		at reactor.netty.internal.shaded.reactor.pool.SimpleDequePool.lambda$drainLoop$9(SimpleDequePool.java:433) ~[reactor-netty-core-1.1.14.jar:1.1.14]
		at reactor.core.publisher.FluxDoOnEach$DoOnEachSubscriber.onError(FluxDoOnEach.java:186) ~[reactor-core-3.6.1.jar:3.6.1]
		at reactor.core.publisher.MonoCreate$DefaultMonoSink.error(MonoCreate.java:205) ~[reactor-core-3.6.1.jar:3.6.1]
		at reactor.netty.resources.DefaultPooledConnectionProvider$PooledConnectionAllocator$PooledConnectionInitializer.onError(DefaultPooledConnectionProvider.java:583) ~[reactor-netty-core-1.1.14.jar:1.1.14]
		at reactor.core.publisher.MonoFlatMap$FlatMapMain.secondError(MonoFlatMap.java:241) ~[reactor-core-3.6.1.jar:3.6.1]
		at reactor.core.publisher.MonoFlatMap$FlatMapInner.onError(MonoFlatMap.java:315) ~[reactor-core-3.6.1.jar:3.6.1]
		at reactor.core.publisher.FluxOnErrorResume$ResumeSubscriber.onError(FluxOnErrorResume.java:106) ~[reactor-core-3.6.1.jar:3.6.1]
		at reactor.core.publisher.Operators.error(Operators.java:198) ~[reactor-core-3.6.1.jar:3.6.1]
		at reactor.core.publisher.MonoError.subscribe(MonoError.java:53) ~[reactor-core-3.6.1.jar:3.6.1]
		at reactor.core.publisher.Mono.subscribe(Mono.java:4512) ~[reactor-core-3.6.1.jar:3.6.1]
		at reactor.core.publisher.FluxOnErrorResume$ResumeSubscriber.onError(FluxOnErrorResume.java:103) ~[reactor-core-3.6.1.jar:3.6.1]
		at reactor.core.publisher.Operators.error(Operators.java:198) ~[reactor-core-3.6.1.jar:3.6.1]
		at reactor.core.publisher.MonoError.subscribe(MonoError.java:53) ~[reactor-core-3.6.1.jar:3.6.1]
		at reactor.core.publisher.InternalMonoOperator.subscribe(InternalMonoOperator.java:76) ~[reactor-core-3.6.1.jar:3.6.1]
		at reactor.core.publisher.MonoFlatMap$FlatMapMain.onNext(MonoFlatMap.java:165) ~[reactor-core-3.6.1.jar:3.6.1]
		at reactor.netty.transport.TransportConnector$MonoChannelPromise._subscribe(TransportConnector.java:638) ~[reactor-netty-core-1.1.14.jar:1.1.14]
		at reactor.netty.transport.TransportConnector$MonoChannelPromise.lambda$subscribe$0(TransportConnector.java:550) ~[reactor-netty-core-1.1.14.jar:1.1.14]
		at io.netty.util.concurrent.AbstractEventExecutor.runTask(AbstractEventExecutor.java:173) ~[netty-common-4.1.104.Final.jar:4.1.104.Final]
		at io.netty.util.concurrent.AbstractEventExecutor.safeExecute(AbstractEventExecutor.java:166) ~[netty-common-4.1.104.Final.jar:4.1.104.Final]
		at io.netty.util.concurrent.SingleThreadEventExecutor.runAllTasks(SingleThreadEventExecutor.java:470) ~[netty-common-4.1.104.Final.jar:4.1.104.Final]
		at io.netty.channel.kqueue.KQueueEventLoop.run(KQueueEventLoop.java:300) ~[netty-transport-classes-kqueue-4.1.104.Final.jar:4.1.104.Final]
		at io.netty.util.concurrent.SingleThreadEventExecutor$4.run(SingleThreadEventExecutor.java:997) ~[netty-common-4.1.104.Final.jar:4.1.104.Final]
		at io.netty.util.internal.ThreadExecutorMap$2.run(ThreadExecutorMap.java:74) ~[netty-common-4.1.104.Final.jar:4.1.104.Final]
		at io.netty.util.concurrent.FastThreadLocalRunnable.run(FastThreadLocalRunnable.java:30) ~[netty-common-4.1.104.Final.jar:4.1.104.Final]
		at java.base/java.lang.Thread.run(Thread.java:1623) ~[na:na]
Caused by: java.lang.IllegalStateException: executor not accepting a task
	at io.netty.resolver.AddressResolverGroup.getResolver(AddressResolverGroup.java:61) ~[netty-resolver-4.1.104.Final.jar:4.1.104.Final]
	at reactor.netty.transport.TransportConnector.doResolveAndConnect(TransportConnector.java:303) ~[reactor-netty-core-1.1.14.jar:1.1.14]
	at reactor.netty.transport.TransportConnector.lambda$connect$6(TransportConnector.java:165) ~[reactor-netty-core-1.1.14.jar:1.1.14]
	at reactor.core.publisher.MonoFlatMap$FlatMapMain.onNext(MonoFlatMap.java:132) ~[reactor-core-3.6.1.jar:3.6.1]
	at reactor.netty.transport.TransportConnector$MonoChannelPromise._subscribe(TransportConnector.java:638) ~[reactor-netty-core-1.1.14.jar:1.1.14]
	at reactor.netty.transport.TransportConnector$MonoChannelPromise.lambda$subscribe$0(TransportConnector.java:550) ~[reactor-netty-core-1.1.14.jar:1.1.14]
	at io.netty.util.concurrent.AbstractEventExecutor.runTask(AbstractEventExecutor.java:173) ~[netty-common-4.1.104.Final.jar:4.1.104.Final]
	at io.netty.util.concurrent.AbstractEventExecutor.safeExecute(AbstractEventExecutor.java:166) ~[netty-common-4.1.104.Final.jar:4.1.104.Final]
	at io.netty.util.concurrent.SingleThreadEventExecutor.runAllTasks(SingleThreadEventExecutor.java:470) ~[netty-common-4.1.104.Final.jar:4.1.104.Final]
	at io.netty.channel.kqueue.KQueueEventLoop.run(KQueueEventLoop.java:300) ~[netty-transport-classes-kqueue-4.1.104.Final.jar:4.1.104.Final]
	at io.netty.util.concurrent.SingleThreadEventExecutor$4.run(SingleThreadEventExecutor.java:997) ~[netty-common-4.1.104.Final.jar:4.1.104.Final]
	at io.netty.util.internal.ThreadExecutorMap$2.run(ThreadExecutorMap.java:74) ~[netty-common-4.1.104.Final.jar:4.1.104.Final]
	at io.netty.util.concurrent.FastThreadLocalRunnable.run(FastThreadLocalRunnable.java:30) ~[netty-common-4.1.104.Final.jar:4.1.104.Final]
	at java.base/java.lang.Thread.run(Thread.java:1623) ~[na:na]

2024-01-19T12:04:36.701+08:00  INFO 17671 --- [Test] [main] c.example.adminsys.AdminsysApplication   : Starting AdminsysApplication using Java 20 with PID 17671 (/Users/clarec/Documents/GitHub/SIMENS-SDE-Intern/adminsys/target/classes started by clarec in /Users/clarec/Documents/GitHub/SIMENS-SDE-Intern)
2024-01-19T12:04:36.702+08:00  INFO 17671 --- [Test] [main] c.example.adminsys.AdminsysApplication   : No active profile set, falling back to 1 default profile: "default"
2024-01-19T12:04:37.191+08:00  INFO 17671 --- [Test] [main] o.s.b.w.embedded.tomcat.TomcatWebServer  : Tomcat initialized with port 8080 (http)
2024-01-19T12:04:37.197+08:00  INFO 17671 --- [Test] [main] o.apache.catalina.core.StandardService   : Starting service [Tomcat]
2024-01-19T12:04:37.197+08:00  INFO 17671 --- [Test] [main] o.apache.catalina.core.StandardEngine    : Starting Servlet engine: [Apache Tomcat/10.1.17]
2024-01-19T12:04:37.214+08:00  INFO 17671 --- [Test] [main] o.a.c.c.C.[Tomcat].[localhost].[/]       : Initializing Spring embedded WebApplicationContext
2024-01-19T12:04:37.214+08:00  INFO 17671 --- [Test] [main] w.s.c.ServletWebServerApplicationContext : Root WebApplicationContext: initialization completed in 500 ms
2024-01-19T12:04:37.415+08:00  WARN 17671 --- [Test] [main] ion$DefaultTemplateResolverConfiguration : Cannot find template location: classpath:/templates/ (please add some templates, check your Thymeleaf configuration, or set spring.thymeleaf.check-template-location=false)
2024-01-19T12:04:38.920+08:00  INFO 17671 --- [Test] [main] o.s.b.a.e.web.EndpointLinksResolver      : Exposing 14 endpoint(s) beneath base path '/actuator'
2024-01-19T12:04:38.945+08:00  INFO 17671 --- [Test] [main] o.s.b.w.embedded.tomcat.TomcatWebServer  : Tomcat started on port 8080 (http) with context path ''
2024-01-19T12:04:38.955+08:00  INFO 17671 --- [Test] [main] c.example.adminsys.AdminsysApplication   : Started AdminsysApplication in 2.428 seconds (process running for 3.035)
2024-01-19T12:04:39.041+08:00  INFO 17671 --- [Test] [http-nio-8080-exec-1] o.a.c.c.C.[Tomcat].[localhost].[/]       : Initializing Spring DispatcherServlet 'dispatcherServlet'
2024-01-19T12:04:39.041+08:00  INFO 17671 --- [Test] [http-nio-8080-exec-1] o.s.web.servlet.DispatcherServlet        : Initializing Servlet 'dispatcherServlet'
2024-01-19T12:04:39.042+08:00  INFO 17671 --- [Test] [http-nio-8080-exec-1] o.s.web.servlet.DispatcherServlet        : Completed initialization in 1 ms
2024-01-19T12:04:39.119+08:00  INFO 17671 --- [Test] [registrationTask1] d.c.b.a.c.r.ApplicationRegistrator       : Application registered itself as a82258dbd590
2024-01-19T12:05:18.637+08:00  INFO 17718 --- [Test] [main] c.example.adminsys.AdminsysApplication   : Starting AdminsysApplication using Java 20 with PID 17718 (/Users/clarec/Documents/GitHub/SIMENS-SDE-Intern/adminsys/target/classes started by clarec in /Users/clarec/Documents/GitHub/SIMENS-SDE-Intern)
2024-01-19T12:05:18.639+08:00  INFO 17718 --- [Test] [main] c.example.adminsys.AdminsysApplication   : No active profile set, falling back to 1 default profile: "default"
2024-01-19T12:05:19.157+08:00  INFO 17718 --- [Test] [main] o.s.b.w.embedded.tomcat.TomcatWebServer  : Tomcat initialized with port 8090 (http)
2024-01-19T12:05:19.162+08:00  INFO 17718 --- [Test] [main] o.apache.catalina.core.StandardService   : Starting service [Tomcat]
2024-01-19T12:05:19.162+08:00  INFO 17718 --- [Test] [main] o.apache.catalina.core.StandardEngine    : Starting Servlet engine: [Apache Tomcat/10.1.17]
2024-01-19T12:05:19.201+08:00  INFO 17718 --- [Test] [main] o.a.c.c.C.[Tomcat].[localhost].[/]       : Initializing Spring embedded WebApplicationContext
2024-01-19T12:05:19.201+08:00  INFO 17718 --- [Test] [main] w.s.c.ServletWebServerApplicationContext : Root WebApplicationContext: initialization completed in 547 ms
2024-01-19T12:05:19.432+08:00  WARN 17718 --- [Test] [main] ion$DefaultTemplateResolverConfiguration : Cannot find template location: classpath:/templates/ (please add some templates, check your Thymeleaf configuration, or set spring.thymeleaf.check-template-location=false)
2024-01-19T12:05:20.499+08:00  INFO 17718 --- [Test] [main] o.s.b.a.e.web.EndpointLinksResolver      : Exposing 14 endpoint(s) beneath base path '/actuator'
2024-01-19T12:05:20.525+08:00  INFO 17718 --- [Test] [main] o.s.b.w.embedded.tomcat.TomcatWebServer  : Tomcat started on port 8090 (http) with context path ''
2024-01-19T12:05:20.534+08:00  INFO 17718 --- [Test] [main] c.example.adminsys.AdminsysApplication   : Started AdminsysApplication in 2.059 seconds (process running for 2.432)
2024-01-19T12:05:20.572+08:00  WARN 17718 --- [Test] [registrationTask1] d.c.b.a.c.r.ApplicationRegistrator       : Failed to register application as Application(name=Test, managementUrl=http://192.168.100.109:8090/actuator, healthUrl=http://192.168.100.109:8090/actuator/health, serviceUrl=http://192.168.100.109:8090/) at spring-boot-admin ([http://localhost:8080/instances]): I/O error on POST request for "http://localhost:8080/instances": Connect to http://localhost:8080 [localhost/127.0.0.1, localhost/0:0:0:0:0:0:0:1] failed: Connection refused. Further attempts are logged on DEBUG level
2024-01-19T12:05:21.082+08:00  INFO 17718 --- [Test] [RMI TCP Connection(2)-192.168.100.109] o.a.c.c.C.[Tomcat].[localhost].[/]       : Initializing Spring DispatcherServlet 'dispatcherServlet'
2024-01-19T12:05:21.082+08:00  INFO 17718 --- [Test] [RMI TCP Connection(2)-192.168.100.109] o.s.web.servlet.DispatcherServlet        : Initializing Servlet 'dispatcherServlet'
2024-01-19T12:05:21.083+08:00  INFO 17718 --- [Test] [RMI TCP Connection(2)-192.168.100.109] o.s.web.servlet.DispatcherServlet        : Completed initialization in 1 ms
2024-01-19T12:07:31.239+08:00  INFO 17878 --- [Test] [main] c.example.adminsys.AdminsysApplication   : Starting AdminsysApplication using Java 20 with PID 17878 (/Users/clarec/Documents/GitHub/SIMENS-SDE-Intern/adminsys/target/classes started by clarec in /Users/clarec/Documents/GitHub/SIMENS-SDE-Intern)
2024-01-19T12:07:31.240+08:00  INFO 17878 --- [Test] [main] c.example.adminsys.AdminsysApplication   : No active profile set, falling back to 1 default profile: "default"
2024-01-19T12:07:31.718+08:00  INFO 17878 --- [Test] [main] o.s.b.w.embedded.tomcat.TomcatWebServer  : Tomcat initialized with port 8090 (http)
2024-01-19T12:07:31.723+08:00  INFO 17878 --- [Test] [main] o.apache.catalina.core.StandardService   : Starting service [Tomcat]
2024-01-19T12:07:31.723+08:00  INFO 17878 --- [Test] [main] o.apache.catalina.core.StandardEngine    : Starting Servlet engine: [Apache Tomcat/10.1.17]
2024-01-19T12:07:31.743+08:00  INFO 17878 --- [Test] [main] o.a.c.c.C.[Tomcat].[localhost].[/]       : Initializing Spring embedded WebApplicationContext
2024-01-19T12:07:31.744+08:00  INFO 17878 --- [Test] [main] w.s.c.ServletWebServerApplicationContext : Root WebApplicationContext: initialization completed in 490 ms
2024-01-19T12:07:31.952+08:00  WARN 17878 --- [Test] [main] ion$DefaultTemplateResolverConfiguration : Cannot find template location: classpath:/templates/ (please add some templates, check your Thymeleaf configuration, or set spring.thymeleaf.check-template-location=false)
2024-01-19T12:07:33.461+08:00  INFO 17878 --- [Test] [main] o.s.b.a.e.web.EndpointLinksResolver      : Exposing 14 endpoint(s) beneath base path '/actuator'
2024-01-19T12:07:33.489+08:00  INFO 17878 --- [Test] [main] o.s.b.w.embedded.tomcat.TomcatWebServer  : Tomcat started on port 8090 (http) with context path ''
2024-01-19T12:07:33.499+08:00  INFO 17878 --- [Test] [main] c.example.adminsys.AdminsysApplication   : Started AdminsysApplication in 2.401 seconds (process running for 2.935)
2024-01-19T12:07:33.539+08:00  WARN 17878 --- [Test] [registrationTask1] d.c.b.a.c.r.ApplicationRegistrator       : Failed to register application as Application(name=Test, managementUrl=http://localhost:8090/actuator, healthUrl=http://localhost:8090/actuator/health, serviceUrl=http://localhost:8090/) at spring-boot-admin ([http://localhost:8080/instances]): I/O error on POST request for "http://localhost:8080/instances": Connect to http://localhost:8080 [localhost/127.0.0.1, localhost/0:0:0:0:0:0:0:1] failed: Connection refused. Further attempts are logged on DEBUG level
2024-01-19T12:07:34.044+08:00  INFO 17878 --- [Test] [RMI TCP Connection(2)-127.0.0.1] o.a.c.c.C.[Tomcat].[localhost].[/]       : Initializing Spring DispatcherServlet 'dispatcherServlet'
2024-01-19T12:07:34.045+08:00  INFO 17878 --- [Test] [RMI TCP Connection(2)-127.0.0.1] o.s.web.servlet.DispatcherServlet        : Initializing Servlet 'dispatcherServlet'
2024-01-19T12:07:34.045+08:00  INFO 17878 --- [Test] [RMI TCP Connection(2)-127.0.0.1] o.s.web.servlet.DispatcherServlet        : Completed initialization in 0 ms
2024-01-19T12:11:26.133+08:00  INFO 18038 --- [Test] [main] c.example.adminsys.AdminsysApplication   : Starting AdminsysApplication using Java 20 with PID 18038 (/Users/clarec/Documents/GitHub/SIMENS-SDE-Intern/adminsys/target/classes started by clarec in /Users/clarec/Documents/GitHub/SIMENS-SDE-Intern)
2024-01-19T12:11:26.134+08:00  INFO 18038 --- [Test] [main] c.example.adminsys.AdminsysApplication   : No active profile set, falling back to 1 default profile: "default"
2024-01-19T12:11:26.622+08:00  INFO 18038 --- [Test] [main] o.s.b.w.embedded.tomcat.TomcatWebServer  : Tomcat initialized with port 8080 (http)
2024-01-19T12:11:26.628+08:00  INFO 18038 --- [Test] [main] o.apache.catalina.core.StandardService   : Starting service [Tomcat]
2024-01-19T12:11:26.628+08:00  INFO 18038 --- [Test] [main] o.apache.catalina.core.StandardEngine    : Starting Servlet engine: [Apache Tomcat/10.1.17]
2024-01-19T12:11:26.645+08:00  INFO 18038 --- [Test] [main] o.a.c.c.C.[Tomcat].[localhost].[/]       : Initializing Spring embedded WebApplicationContext
2024-01-19T12:11:26.645+08:00  INFO 18038 --- [Test] [main] w.s.c.ServletWebServerApplicationContext : Root WebApplicationContext: initialization completed in 496 ms
2024-01-19T12:11:26.844+08:00  WARN 18038 --- [Test] [main] ion$DefaultTemplateResolverConfiguration : Cannot find template location: classpath:/templates/ (please add some templates, check your Thymeleaf configuration, or set spring.thymeleaf.check-template-location=false)
2024-01-19T12:11:28.578+08:00  INFO 18038 --- [Test] [main] o.s.b.a.e.web.EndpointLinksResolver      : Exposing 14 endpoint(s) beneath base path '/actuator'
2024-01-19T12:11:28.608+08:00  INFO 18038 --- [Test] [main] o.s.b.w.embedded.tomcat.TomcatWebServer  : Tomcat started on port 8080 (http) with context path ''
2024-01-19T12:11:28.621+08:00  INFO 18038 --- [Test] [main] c.example.adminsys.AdminsysApplication   : Started AdminsysApplication in 2.659 seconds (process running for 2.986)
2024-01-19T12:11:28.698+08:00  WARN 18038 --- [Test] [registrationTask1] d.c.b.a.c.r.ApplicationRegistrator       : Failed to register application as Application(name=Test, managementUrl=http://localhost:8080/actuator, healthUrl=http://localhost:8080/actuator/health, serviceUrl=http://localhost:8080/) at spring-boot-admin ([http://localhost:8090/instances]): I/O error on POST request for "http://localhost:8090/instances": Connect to http://localhost:8090 [localhost/127.0.0.1, localhost/0:0:0:0:0:0:0:1] failed: Connection refused. Further attempts are logged on DEBUG level
2024-01-19T12:11:28.902+08:00  INFO 18038 --- [Test] [RMI TCP Connection(4)-127.0.0.1] o.a.c.c.C.[Tomcat].[localhost].[/]       : Initializing Spring DispatcherServlet 'dispatcherServlet'
2024-01-19T12:11:28.902+08:00  INFO 18038 --- [Test] [RMI TCP Connection(4)-127.0.0.1] o.s.web.servlet.DispatcherServlet        : Initializing Servlet 'dispatcherServlet'
2024-01-19T12:11:28.903+08:00  INFO 18038 --- [Test] [RMI TCP Connection(4)-127.0.0.1] o.s.web.servlet.DispatcherServlet        : Completed initialization in 1 ms
2024-01-19T12:18:40.802+08:00  INFO 18330 --- [Test] [main] c.example.adminsys.AdminsysApplication   : Starting AdminsysApplication using Java 20 with PID 18330 (/Users/clarec/Documents/GitHub/SIMENS-SDE-Intern/adminsys/target/classes started by clarec in /Users/clarec/Documents/GitHub/SIMENS-SDE-Intern)
2024-01-19T12:18:40.803+08:00  INFO 18330 --- [Test] [main] c.example.adminsys.AdminsysApplication   : No active profile set, falling back to 1 default profile: "default"
2024-01-19T12:18:41.390+08:00  INFO 18330 --- [Test] [main] o.s.b.w.embedded.tomcat.TomcatWebServer  : Tomcat initialized with port 8080 (http)
2024-01-19T12:18:41.396+08:00  INFO 18330 --- [Test] [main] o.apache.catalina.core.StandardService   : Starting service [Tomcat]
2024-01-19T12:18:41.396+08:00  INFO 18330 --- [Test] [main] o.apache.catalina.core.StandardEngine    : Starting Servlet engine: [Apache Tomcat/10.1.17]
2024-01-19T12:18:41.422+08:00  INFO 18330 --- [Test] [main] o.a.c.c.C.[Tomcat].[localhost].[/]       : Initializing Spring embedded WebApplicationContext
2024-01-19T12:18:41.422+08:00  INFO 18330 --- [Test] [main] w.s.c.ServletWebServerApplicationContext : Root WebApplicationContext: initialization completed in 607 ms
2024-01-19T12:18:41.506+08:00  WARN 18330 --- [Test] [main] .s.s.UserDetailsServiceAutoConfiguration : 

Using generated security password: cd7bf5f1-d9bb-4fc7-8fd1-7684c4c0a077

This generated password is for development use only. Your security configuration must be updated before running your application in production.

2024-01-19T12:18:41.674+08:00  INFO 18330 --- [Test] [main] o.s.b.a.e.web.EndpointLinksResolver      : Exposing 14 endpoint(s) beneath base path '/actuator'
2024-01-19T12:18:41.681+08:00  INFO 18330 --- [Test] [main] o.s.s.web.DefaultSecurityFilterChain     : Will secure any request with [org.springframework.security.web.session.DisableEncodeUrlFilter@5002fde9, org.springframework.security.web.context.request.async.WebAsyncManagerIntegrationFilter@6f96dd64, org.springframework.security.web.context.SecurityContextHolderFilter@191c6e13, org.springframework.security.web.header.HeaderWriterFilter@6de004f1, org.springframework.web.filter.CorsFilter@4d7cac24, org.springframework.security.web.authentication.logout.LogoutFilter@632383b9, org.springframework.security.web.savedrequest.RequestCacheAwareFilter@1a8e9ed9, org.springframework.security.web.servletapi.SecurityContextHolderAwareRequestFilter@68ea253b, org.springframework.security.web.authentication.AnonymousAuthenticationFilter@409732fb, org.springframework.security.web.access.ExceptionTranslationFilter@1472208d, org.springframework.security.web.access.intercept.AuthorizationFilter@20a3e10c]
2024-01-19T12:18:41.760+08:00  WARN 18330 --- [Test] [main] ion$DefaultTemplateResolverConfiguration : Cannot find template location: classpath:/templates/ (please add some templates, check your Thymeleaf configuration, or set spring.thymeleaf.check-template-location=false)
2024-01-19T12:18:43.327+08:00  INFO 18330 --- [Test] [main] o.s.b.w.embedded.tomcat.TomcatWebServer  : Tomcat started on port 8080 (http) with context path ''
2024-01-19T12:18:43.336+08:00  INFO 18330 --- [Test] [main] c.example.adminsys.AdminsysApplication   : Started AdminsysApplication in 2.68 seconds (process running for 3.139)
2024-01-19T12:18:43.399+08:00  WARN 18330 --- [Test] [registrationTask1] d.c.b.a.c.r.ApplicationRegistrator       : Failed to register application as Application(name=Test, managementUrl=http://192.168.100.109:8080/actuator, healthUrl=http://192.168.100.109:8080/actuator/health, serviceUrl=http://192.168.100.109:8080/) at spring-boot-admin ([http://localhost:8090/instances]): I/O error on POST request for "http://localhost:8090/instances": Connect to http://localhost:8090 [localhost/127.0.0.1, localhost/0:0:0:0:0:0:0:1] failed: Connection refused. Further attempts are logged on DEBUG level
2024-01-19T12:18:43.487+08:00  INFO 18330 --- [Test] [RMI TCP Connection(2)-192.168.100.109] o.a.c.c.C.[Tomcat].[localhost].[/]       : Initializing Spring DispatcherServlet 'dispatcherServlet'
2024-01-19T12:18:43.488+08:00  INFO 18330 --- [Test] [RMI TCP Connection(2)-192.168.100.109] o.s.web.servlet.DispatcherServlet        : Initializing Servlet 'dispatcherServlet'
2024-01-19T12:18:43.488+08:00  INFO 18330 --- [Test] [RMI TCP Connection(2)-192.168.100.109] o.s.web.servlet.DispatcherServlet        : Completed initialization in 0 ms
2024-01-19T12:18:58.552+08:00  INFO 18341 --- [Test] [main] c.example.adminsys.AdminsysApplication   : Starting AdminsysApplication using Java 20 with PID 18341 (/Users/clarec/Documents/GitHub/SIMENS-SDE-Intern/adminsys/target/classes started by clarec in /Users/clarec/Documents/GitHub/SIMENS-SDE-Intern)
2024-01-19T12:18:58.553+08:00  INFO 18341 --- [Test] [main] c.example.adminsys.AdminsysApplication   : No active profile set, falling back to 1 default profile: "default"
2024-01-19T12:18:59.054+08:00  INFO 18341 --- [Test] [main] o.s.b.w.embedded.tomcat.TomcatWebServer  : Tomcat initialized with port 8080 (http)
2024-01-19T12:18:59.058+08:00  INFO 18341 --- [Test] [main] o.apache.catalina.core.StandardService   : Starting service [Tomcat]
2024-01-19T12:18:59.058+08:00  INFO 18341 --- [Test] [main] o.apache.catalina.core.StandardEngine    : Starting Servlet engine: [Apache Tomcat/10.1.17]
2024-01-19T12:18:59.074+08:00  INFO 18341 --- [Test] [main] o.a.c.c.C.[Tomcat].[localhost].[/]       : Initializing Spring embedded WebApplicationContext
2024-01-19T12:18:59.074+08:00  INFO 18341 --- [Test] [main] w.s.c.ServletWebServerApplicationContext : Root WebApplicationContext: initialization completed in 509 ms
2024-01-19T12:18:59.152+08:00  WARN 18341 --- [Test] [main] .s.s.UserDetailsServiceAutoConfiguration : 

Using generated security password: e19733b1-ace8-43cb-aa48-701bbfda3143

This generated password is for development use only. Your security configuration must be updated before running your application in production.

2024-01-19T12:18:59.286+08:00  INFO 18341 --- [Test] [main] o.s.b.a.e.web.EndpointLinksResolver      : Exposing 14 endpoint(s) beneath base path '/actuator'
2024-01-19T12:18:59.293+08:00  INFO 18341 --- [Test] [main] o.s.s.web.DefaultSecurityFilterChain     : Will secure any request with [org.springframework.security.web.session.DisableEncodeUrlFilter@5345dfe8, org.springframework.security.web.context.request.async.WebAsyncManagerIntegrationFilter@478967eb, org.springframework.security.web.context.SecurityContextHolderFilter@2e0fdbe9, org.springframework.security.web.header.HeaderWriterFilter@31a136a6, org.springframework.web.filter.CorsFilter@4a1dda83, org.springframework.security.web.authentication.logout.LogoutFilter@15214920, org.springframework.security.web.savedrequest.RequestCacheAwareFilter@696b52bc, org.springframework.security.web.servletapi.SecurityContextHolderAwareRequestFilter@1f884bd6, org.springframework.security.web.authentication.AnonymousAuthenticationFilter@7f2b39a, org.springframework.security.web.access.ExceptionTranslationFilter@28a6e171, org.springframework.security.web.access.intercept.AuthorizationFilter@734ce281]
2024-01-19T12:18:59.380+08:00  WARN 18341 --- [Test] [main] ion$DefaultTemplateResolverConfiguration : Cannot find template location: classpath:/templates/ (please add some templates, check your Thymeleaf configuration, or set spring.thymeleaf.check-template-location=false)
2024-01-19T12:19:00.275+08:00  INFO 18341 --- [Test] [main] o.s.b.w.embedded.tomcat.TomcatWebServer  : Tomcat started on port 8080 (http) with context path ''
2024-01-19T12:19:00.284+08:00  INFO 18341 --- [Test] [main] c.example.adminsys.AdminsysApplication   : Started AdminsysApplication in 1.893 seconds (process running for 2.121)
2024-01-19T12:19:00.318+08:00  WARN 18341 --- [Test] [registrationTask1] d.c.b.a.c.r.ApplicationRegistrator       : Failed to register application as Application(name=Test, managementUrl=http://192.168.100.109:8080/actuator, healthUrl=http://192.168.100.109:8080/actuator/health, serviceUrl=http://192.168.100.109:8080/) at spring-boot-admin ([http://localhost:8090/instances]): I/O error on POST request for "http://localhost:8090/instances": Connect to http://localhost:8090 [localhost/127.0.0.1, localhost/0:0:0:0:0:0:0:1] failed: Connection refused. Further attempts are logged on DEBUG level
2024-01-19T12:19:00.407+08:00  INFO 18341 --- [Test] [RMI TCP Connection(2)-192.168.100.109] o.a.c.c.C.[Tomcat].[localhost].[/]       : Initializing Spring DispatcherServlet 'dispatcherServlet'
2024-01-19T12:19:00.407+08:00  INFO 18341 --- [Test] [RMI TCP Connection(2)-192.168.100.109] o.s.web.servlet.DispatcherServlet        : Initializing Servlet 'dispatcherServlet'
2024-01-19T12:19:00.408+08:00  INFO 18341 --- [Test] [RMI TCP Connection(2)-192.168.100.109] o.s.web.servlet.DispatcherServlet        : Completed initialization in 1 ms
2024-01-19T12:19:41.088+08:00  INFO 18375 --- [Test] [main] c.example.adminsys.AdminsysApplication   : Starting AdminsysApplication using Java 20 with PID 18375 (/Users/clarec/Documents/GitHub/SIMENS-SDE-Intern/adminsys/target/classes started by clarec in /Users/clarec/Documents/GitHub/SIMENS-SDE-Intern)
2024-01-19T12:19:41.090+08:00  INFO 18375 --- [Test] [main] c.example.adminsys.AdminsysApplication   : No active profile set, falling back to 1 default profile: "default"
2024-01-19T12:19:41.631+08:00  INFO 18375 --- [Test] [main] o.s.b.w.embedded.tomcat.TomcatWebServer  : Tomcat initialized with port 8080 (http)
2024-01-19T12:19:41.636+08:00  INFO 18375 --- [Test] [main] o.apache.catalina.core.StandardService   : Starting service [Tomcat]
2024-01-19T12:19:41.637+08:00  INFO 18375 --- [Test] [main] o.apache.catalina.core.StandardEngine    : Starting Servlet engine: [Apache Tomcat/10.1.17]
2024-01-19T12:19:41.653+08:00  INFO 18375 --- [Test] [main] o.a.c.c.C.[Tomcat].[localhost].[/]       : Initializing Spring embedded WebApplicationContext
2024-01-19T12:19:41.653+08:00  INFO 18375 --- [Test] [main] w.s.c.ServletWebServerApplicationContext : Root WebApplicationContext: initialization completed in 549 ms
2024-01-19T12:19:41.907+08:00  INFO 18375 --- [Test] [main] o.s.b.a.e.web.EndpointLinksResolver      : Exposing 14 endpoint(s) beneath base path '/actuator'
2024-01-19T12:19:41.913+08:00  INFO 18375 --- [Test] [main] o.s.s.web.DefaultSecurityFilterChain     : Will secure any request with [org.springframework.security.web.session.DisableEncodeUrlFilter@4d7cac24, org.springframework.security.web.context.request.async.WebAsyncManagerIntegrationFilter@409732fb, org.springframework.security.web.context.SecurityContextHolderFilter@517704, org.springframework.security.web.header.HeaderWriterFilter@12fcb2c3, org.springframework.web.filter.CorsFilter@73d62b5, org.springframework.security.web.authentication.logout.LogoutFilter@3b35798, org.springframework.security.web.savedrequest.RequestCacheAwareFilter@4b195203, org.springframework.security.web.servletapi.SecurityContextHolderAwareRequestFilter@28a6e171, org.springframework.security.web.authentication.AnonymousAuthenticationFilter@5e99e2cb, org.springframework.security.web.access.ExceptionTranslationFilter@1a8e9ed9, org.springframework.security.web.access.intercept.AuthorizationFilter@5e2a6991]
2024-01-19T12:19:41.989+08:00  WARN 18375 --- [Test] [main] ion$DefaultTemplateResolverConfiguration : Cannot find template location: classpath:/templates/ (please add some templates, check your Thymeleaf configuration, or set spring.thymeleaf.check-template-location=false)
2024-01-19T12:19:42.969+08:00  INFO 18375 --- [Test] [main] o.s.b.w.embedded.tomcat.TomcatWebServer  : Tomcat started on port 8080 (http) with context path ''
2024-01-19T12:19:42.978+08:00  INFO 18375 --- [Test] [main] c.example.adminsys.AdminsysApplication   : Started AdminsysApplication in 2.05 seconds (process running for 2.331)
2024-01-19T12:19:43.013+08:00  WARN 18375 --- [Test] [registrationTask1] d.c.b.a.c.r.ApplicationRegistrator       : Failed to register application as Application(name=Test, managementUrl=http://192.168.100.109:8080/actuator, healthUrl=http://192.168.100.109:8080/actuator/health, serviceUrl=http://192.168.100.109:8080/) at spring-boot-admin ([http://localhost:8090/instances]): I/O error on POST request for "http://localhost:8090/instances": Connect to http://localhost:8090 [localhost/127.0.0.1, localhost/0:0:0:0:0:0:0:1] failed: Connection refused. Further attempts are logged on DEBUG level
2024-01-19T12:19:43.447+08:00  INFO 18375 --- [Test] [RMI TCP Connection(3)-192.168.100.109] o.a.c.c.C.[Tomcat].[localhost].[/]       : Initializing Spring DispatcherServlet 'dispatcherServlet'
2024-01-19T12:19:43.447+08:00  INFO 18375 --- [Test] [RMI TCP Connection(3)-192.168.100.109] o.s.web.servlet.DispatcherServlet        : Initializing Servlet 'dispatcherServlet'
2024-01-19T12:19:43.448+08:00  INFO 18375 --- [Test] [RMI TCP Connection(3)-192.168.100.109] o.s.web.servlet.DispatcherServlet        : Completed initialization in 1 ms
2024-01-19T12:20:02.797+08:00  INFO 18383 --- [Test] [main] c.example.adminsys.AdminsysApplication   : Starting AdminsysApplication using Java 20 with PID 18383 (/Users/clarec/Documents/GitHub/SIMENS-SDE-Intern/adminsys/target/classes started by clarec in /Users/clarec/Documents/GitHub/SIMENS-SDE-Intern)
2024-01-19T12:20:02.797+08:00  INFO 18383 --- [Test] [main] c.example.adminsys.AdminsysApplication   : No active profile set, falling back to 1 default profile: "default"
2024-01-19T12:20:03.278+08:00  INFO 18383 --- [Test] [main] o.s.b.w.embedded.tomcat.TomcatWebServer  : Tomcat initialized with port 8080 (http)
2024-01-19T12:20:03.282+08:00  INFO 18383 --- [Test] [main] o.apache.catalina.core.StandardService   : Starting service [Tomcat]
2024-01-19T12:20:03.282+08:00  INFO 18383 --- [Test] [main] o.apache.catalina.core.StandardEngine    : Starting Servlet engine: [Apache Tomcat/10.1.17]
2024-01-19T12:20:03.298+08:00  INFO 18383 --- [Test] [main] o.a.c.c.C.[Tomcat].[localhost].[/]       : Initializing Spring embedded WebApplicationContext
2024-01-19T12:20:03.298+08:00  INFO 18383 --- [Test] [main] w.s.c.ServletWebServerApplicationContext : Root WebApplicationContext: initialization completed in 488 ms
2024-01-19T12:20:03.514+08:00  INFO 18383 --- [Test] [main] o.s.b.a.e.web.EndpointLinksResolver      : Exposing 14 endpoint(s) beneath base path '/actuator'
2024-01-19T12:20:03.521+08:00  INFO 18383 --- [Test] [main] o.s.s.web.DefaultSecurityFilterChain     : Will secure any request with [org.springframework.security.web.session.DisableEncodeUrlFilter@59918c8f, org.springframework.security.web.context.request.async.WebAsyncManagerIntegrationFilter@2b7facc7, org.springframework.security.web.context.SecurityContextHolderFilter@39ab5ef7, org.springframework.security.web.header.HeaderWriterFilter@68ea253b, org.springframework.web.filter.CorsFilter@1c74d19, org.springframework.security.web.authentication.logout.LogoutFilter@6a98f353, org.springframework.security.web.savedrequest.RequestCacheAwareFilter@77cca767, org.springframework.security.web.servletapi.SecurityContextHolderAwareRequestFilter@4b195203, org.springframework.security.web.authentication.AnonymousAuthenticationFilter@24197b13, org.springframework.security.web.access.ExceptionTranslationFilter@7436364d, org.springframework.security.web.access.intercept.AuthorizationFilter@4466cf5d]
2024-01-19T12:20:03.598+08:00  WARN 18383 --- [Test] [main] ion$DefaultTemplateResolverConfiguration : Cannot find template location: classpath:/templates/ (please add some templates, check your Thymeleaf configuration, or set spring.thymeleaf.check-template-location=false)
2024-01-19T12:20:04.674+08:00  INFO 18383 --- [Test] [main] o.s.b.w.embedded.tomcat.TomcatWebServer  : Tomcat started on port 8080 (http) with context path ''
2024-01-19T12:20:04.683+08:00  INFO 18383 --- [Test] [main] c.example.adminsys.AdminsysApplication   : Started AdminsysApplication in 2.041 seconds (process running for 2.338)
2024-01-19T12:20:04.737+08:00  WARN 18383 --- [Test] [registrationTask1] d.c.b.a.c.r.ApplicationRegistrator       : Failed to register application as Application(name=Test, managementUrl=http://192.168.100.109:8080/actuator, healthUrl=http://192.168.100.109:8080/actuator/health, serviceUrl=http://192.168.100.109:8080/) at spring-boot-admin ([http://localhost:8090/instances]): I/O error on POST request for "http://localhost:8090/instances": Connect to http://localhost:8090 [localhost/127.0.0.1, localhost/0:0:0:0:0:0:0:1] failed: Connection refused. Further attempts are logged on DEBUG level
2024-01-19T12:20:05.164+08:00  INFO 18383 --- [Test] [RMI TCP Connection(3)-192.168.100.109] o.a.c.c.C.[Tomcat].[localhost].[/]       : Initializing Spring DispatcherServlet 'dispatcherServlet'
2024-01-19T12:20:05.165+08:00  INFO 18383 --- [Test] [RMI TCP Connection(3)-192.168.100.109] o.s.web.servlet.DispatcherServlet        : Initializing Servlet 'dispatcherServlet'
2024-01-19T12:20:05.166+08:00  INFO 18383 --- [Test] [RMI TCP Connection(3)-192.168.100.109] o.s.web.servlet.DispatcherServlet        : Completed initialization in 1 ms
2024-01-19T12:21:15.496+08:00  INFO 18455 --- [Test] [main] c.example.adminsys.AdminsysApplication   : Starting AdminsysApplication using Java 20 with PID 18455 (/Users/clarec/Documents/GitHub/SIMENS-SDE-Intern/adminsys/target/classes started by clarec in /Users/clarec/Documents/GitHub/SIMENS-SDE-Intern)
2024-01-19T12:21:15.497+08:00  INFO 18455 --- [Test] [main] c.example.adminsys.AdminsysApplication   : No active profile set, falling back to 1 default profile: "default"
2024-01-19T12:21:15.994+08:00  INFO 18455 --- [Test] [main] o.s.b.w.embedded.tomcat.TomcatWebServer  : Tomcat initialized with port 8080 (http)
2024-01-19T12:21:15.999+08:00  INFO 18455 --- [Test] [main] o.apache.catalina.core.StandardService   : Starting service [Tomcat]
2024-01-19T12:21:15.999+08:00  INFO 18455 --- [Test] [main] o.apache.catalina.core.StandardEngine    : Starting Servlet engine: [Apache Tomcat/10.1.17]
2024-01-19T12:21:16.016+08:00  INFO 18455 --- [Test] [main] o.a.c.c.C.[Tomcat].[localhost].[/]       : Initializing Spring embedded WebApplicationContext
2024-01-19T12:21:16.017+08:00  INFO 18455 --- [Test] [main] w.s.c.ServletWebServerApplicationContext : Root WebApplicationContext: initialization completed in 508 ms
2024-01-19T12:21:16.237+08:00  INFO 18455 --- [Test] [main] o.s.b.a.e.web.EndpointLinksResolver      : Exposing 14 endpoint(s) beneath base path '/actuator'
2024-01-19T12:21:16.244+08:00  INFO 18455 --- [Test] [main] o.s.s.web.DefaultSecurityFilterChain     : Will secure any request with [org.springframework.security.web.session.DisableEncodeUrlFilter@282c4da0, org.springframework.security.web.context.request.async.WebAsyncManagerIntegrationFilter@65f3e805, org.springframework.security.web.context.SecurityContextHolderFilter@50211483, org.springframework.security.web.header.HeaderWriterFilter@36f6e521, org.springframework.web.filter.CorsFilter@18cf5c52, org.springframework.security.web.authentication.logout.LogoutFilter@217dc48e, org.springframework.security.web.savedrequest.RequestCacheAwareFilter@1472208d, org.springframework.security.web.servletapi.SecurityContextHolderAwareRequestFilter@35bd8bc9, org.springframework.security.web.authentication.AnonymousAuthenticationFilter@10618775, org.springframework.security.web.access.ExceptionTranslationFilter@60bf494c, org.springframework.security.web.access.intercept.AuthorizationFilter@5882b202]
2024-01-19T12:21:16.322+08:00  WARN 18455 --- [Test] [main] ion$DefaultTemplateResolverConfiguration : Cannot find template location: classpath:/templates/ (please add some templates, check your Thymeleaf configuration, or set spring.thymeleaf.check-template-location=false)
2024-01-19T12:21:17.905+08:00  INFO 18455 --- [Test] [main] o.s.b.w.embedded.tomcat.TomcatWebServer  : Tomcat started on port 8080 (http) with context path ''
2024-01-19T12:21:17.914+08:00  INFO 18455 --- [Test] [main] c.example.adminsys.AdminsysApplication   : Started AdminsysApplication in 2.572 seconds (process running for 3.07)
2024-01-19T12:21:17.946+08:00  WARN 18455 --- [Test] [registrationTask1] d.c.b.a.c.r.ApplicationRegistrator       : Failed to register application as Application(name=Test, managementUrl=http://192.168.100.109:8080/actuator, healthUrl=http://192.168.100.109:8080/actuator/health, serviceUrl=http://192.168.100.109:8080/) at spring-boot-admin ([http://localhost:8090/instances]): I/O error on POST request for "http://localhost:8090/instances": Connect to http://localhost:8090 [localhost/127.0.0.1, localhost/0:0:0:0:0:0:0:1] failed: Connection refused. Further attempts are logged on DEBUG level
2024-01-19T12:21:18.139+08:00  INFO 18455 --- [Test] [RMI TCP Connection(3)-192.168.100.109] o.a.c.c.C.[Tomcat].[localhost].[/]       : Initializing Spring DispatcherServlet 'dispatcherServlet'
2024-01-19T12:21:18.139+08:00  INFO 18455 --- [Test] [RMI TCP Connection(3)-192.168.100.109] o.s.web.servlet.DispatcherServlet        : Initializing Servlet 'dispatcherServlet'
2024-01-19T12:21:18.140+08:00  INFO 18455 --- [Test] [RMI TCP Connection(3)-192.168.100.109] o.s.web.servlet.DispatcherServlet        : Completed initialization in 1 ms
2024-01-19T12:21:28.230+08:00  INFO 18463 --- [Test] [main] c.example.adminsys.AdminsysApplication   : Starting AdminsysApplication using Java 20 with PID 18463 (/Users/clarec/Documents/GitHub/SIMENS-SDE-Intern/adminsys/target/classes started by clarec in /Users/clarec/Documents/GitHub/SIMENS-SDE-Intern)
2024-01-19T12:21:28.230+08:00  INFO 18463 --- [Test] [main] c.example.adminsys.AdminsysApplication   : No active profile set, falling back to 1 default profile: "default"
2024-01-19T12:21:28.708+08:00  INFO 18463 --- [Test] [main] o.s.b.w.embedded.tomcat.TomcatWebServer  : Tomcat initialized with port 8080 (http)
2024-01-19T12:21:28.712+08:00  INFO 18463 --- [Test] [main] o.apache.catalina.core.StandardService   : Starting service [Tomcat]
2024-01-19T12:21:28.713+08:00  INFO 18463 --- [Test] [main] o.apache.catalina.core.StandardEngine    : Starting Servlet engine: [Apache Tomcat/10.1.17]
2024-01-19T12:21:28.729+08:00  INFO 18463 --- [Test] [main] o.a.c.c.C.[Tomcat].[localhost].[/]       : Initializing Spring embedded WebApplicationContext
2024-01-19T12:21:28.729+08:00  INFO 18463 --- [Test] [main] w.s.c.ServletWebServerApplicationContext : Root WebApplicationContext: initialization completed in 486 ms
2024-01-19T12:21:28.935+08:00  INFO 18463 --- [Test] [main] o.s.b.a.e.web.EndpointLinksResolver      : Exposing 14 endpoint(s) beneath base path '/actuator'
2024-01-19T12:21:28.942+08:00  INFO 18463 --- [Test] [main] o.s.s.web.DefaultSecurityFilterChain     : Will secure any request with [org.springframework.security.web.session.DisableEncodeUrlFilter@2aa5bd48, org.springframework.security.web.context.request.async.WebAsyncManagerIntegrationFilter@7cfb8e98, org.springframework.security.web.context.SecurityContextHolderFilter@7a388990, org.springframework.security.web.header.HeaderWriterFilter@21390938, org.springframework.web.filter.CorsFilter@5f193335, org.springframework.security.web.authentication.logout.LogoutFilter@55846997, org.springframework.security.web.savedrequest.RequestCacheAwareFilter@4e4162bc, org.springframework.security.web.servletapi.SecurityContextHolderAwareRequestFilter@4c319d52, org.springframework.security.web.authentication.AnonymousAuthenticationFilter@19002b34, org.springframework.security.web.access.ExceptionTranslationFilter@5bda157e, org.springframework.security.web.access.intercept.AuthorizationFilter@3dfd7eaa]
2024-01-19T12:21:29.022+08:00  WARN 18463 --- [Test] [main] ion$DefaultTemplateResolverConfiguration : Cannot find template location: classpath:/templates/ (please add some templates, check your Thymeleaf configuration, or set spring.thymeleaf.check-template-location=false)
2024-01-19T12:21:29.856+08:00  INFO 18463 --- [Test] [main] o.s.b.w.embedded.tomcat.TomcatWebServer  : Tomcat started on port 8080 (http) with context path ''
2024-01-19T12:21:29.865+08:00  INFO 18463 --- [Test] [main] c.example.adminsys.AdminsysApplication   : Started AdminsysApplication in 1.792 seconds (process running for 2.022)
2024-01-19T12:21:30.096+08:00  INFO 18463 --- [Test] [RMI TCP Connection(2)-192.168.100.109] o.a.c.c.C.[Tomcat].[localhost].[/]       : Initializing Spring DispatcherServlet 'dispatcherServlet'
2024-01-19T12:21:30.097+08:00  INFO 18463 --- [Test] [RMI TCP Connection(2)-192.168.100.109] o.s.web.servlet.DispatcherServlet        : Initializing Servlet 'dispatcherServlet'
2024-01-19T12:21:30.097+08:00  INFO 18463 --- [Test] [RMI TCP Connection(2)-192.168.100.109] o.s.web.servlet.DispatcherServlet        : Completed initialization in 0 ms
2024-01-19T12:21:33.315+08:00 ERROR 18463 --- [Test] [http-nio-8080-exec-4] o.a.c.c.C.[.[.[/].[dispatcherServlet]    : Servlet.service() for servlet [dispatcherServlet] in context with path [] threw exception

java.lang.NullPointerException: Cannot invoke "org.apache.tomcat.util.http.MimeHeaderField.getName()" because "this.headers[i]" is null
	at org.apache.tomcat.util.http.MimeHeaders.getValue(MimeHeaders.java:322) ~[tomcat-embed-core-10.1.17.jar:10.1.17]
	at org.apache.tomcat.util.http.MimeHeaders.getHeader(MimeHeaders.java:354) ~[tomcat-embed-core-10.1.17.jar:10.1.17]
	at org.apache.coyote.Response.containsHeader(Response.java:365) ~[tomcat-embed-core-10.1.17.jar:10.1.17]
	at org.apache.catalina.connector.Response.containsHeader(Response.java:1082) ~[tomcat-embed-core-10.1.17.jar:10.1.17]
	at org.apache.catalina.connector.ResponseFacade.containsHeader(ResponseFacade.java:309) ~[tomcat-embed-core-10.1.17.jar:10.1.17]
	at jakarta.servlet.http.HttpServletResponseWrapper.containsHeader(HttpServletResponseWrapper.java:65) ~[tomcat-embed-core-10.1.17.jar:6.0]
	at jakarta.servlet.http.HttpServletResponseWrapper.containsHeader(HttpServletResponseWrapper.java:65) ~[tomcat-embed-core-10.1.17.jar:6.0]
	at org.springframework.security.web.header.writers.StaticHeadersWriter.writeHeaders(StaticHeadersWriter.java:62) ~[spring-security-web-6.2.1.jar:6.2.1]
	at org.springframework.security.web.header.writers.CacheControlHeadersWriter.writeHeaders(CacheControlHeadersWriter.java:64) ~[spring-security-web-6.2.1.jar:6.2.1]
	at org.springframework.security.web.header.HeaderWriterFilter.writeHeaders(HeaderWriterFilter.java:99) ~[spring-security-web-6.2.1.jar:6.2.1]
	at org.springframework.security.web.header.HeaderWriterFilter$HeaderWriterResponse.writeHeaders(HeaderWriterFilter.java:132) ~[spring-security-web-6.2.1.jar:6.2.1]
	at org.springframework.security.web.header.HeaderWriterFilter.doHeadersAfter(HeaderWriterFilter.java:93) ~[spring-security-web-6.2.1.jar:6.2.1]
	at org.springframework.security.web.header.HeaderWriterFilter.doFilterInternal(HeaderWriterFilter.java:75) ~[spring-security-web-6.2.1.jar:6.2.1]
	at org.springframework.web.filter.OncePerRequestFilter.doFilter(OncePerRequestFilter.java:116) ~[spring-web-6.1.2.jar:6.1.2]
	at org.springframework.security.web.ObservationFilterChainDecorator$ObservationFilter.wrapFilter(ObservationFilterChainDecorator.java:240) ~[spring-security-web-6.2.1.jar:6.2.1]
	at org.springframework.security.web.ObservationFilterChainDecorator$ObservationFilter.doFilter(ObservationFilterChainDecorator.java:227) ~[spring-security-web-6.2.1.jar:6.2.1]
	at org.springframework.security.web.ObservationFilterChainDecorator$VirtualFilterChain.doFilter(ObservationFilterChainDecorator.java:137) ~[spring-security-web-6.2.1.jar:6.2.1]
	at org.springframework.security.web.context.SecurityContextHolderFilter.doFilter(SecurityContextHolderFilter.java:82) ~[spring-security-web-6.2.1.jar:6.2.1]
	at org.springframework.security.web.context.SecurityContextHolderFilter.doFilter(SecurityContextHolderFilter.java:69) ~[spring-security-web-6.2.1.jar:6.2.1]
	at org.springframework.security.web.ObservationFilterChainDecorator$ObservationFilter.wrapFilter(ObservationFilterChainDecorator.java:240) ~[spring-security-web-6.2.1.jar:6.2.1]
	at org.springframework.security.web.ObservationFilterChainDecorator$ObservationFilter.doFilter(ObservationFilterChainDecorator.java:227) ~[spring-security-web-6.2.1.jar:6.2.1]
	at org.springframework.security.web.ObservationFilterChainDecorator$VirtualFilterChain.doFilter(ObservationFilterChainDecorator.java:137) ~[spring-security-web-6.2.1.jar:6.2.1]
	at org.springframework.security.web.context.request.async.WebAsyncManagerIntegrationFilter.doFilterInternal(WebAsyncManagerIntegrationFilter.java:62) ~[spring-security-web-6.2.1.jar:6.2.1]
	at org.springframework.web.filter.OncePerRequestFilter.doFilter(OncePerRequestFilter.java:116) ~[spring-web-6.1.2.jar:6.1.2]
	at org.springframework.security.web.ObservationFilterChainDecorator$ObservationFilter.wrapFilter(ObservationFilterChainDecorator.java:240) ~[spring-security-web-6.2.1.jar:6.2.1]
	at org.springframework.security.web.ObservationFilterChainDecorator$ObservationFilter.doFilter(ObservationFilterChainDecorator.java:227) ~[spring-security-web-6.2.1.jar:6.2.1]
	at org.springframework.security.web.ObservationFilterChainDecorator$VirtualFilterChain.doFilter(ObservationFilterChainDecorator.java:137) ~[spring-security-web-6.2.1.jar:6.2.1]
	at org.springframework.security.web.session.DisableEncodeUrlFilter.doFilterInternal(DisableEncodeUrlFilter.java:42) ~[spring-security-web-6.2.1.jar:6.2.1]
	at org.springframework.web.filter.OncePerRequestFilter.doFilter(OncePerRequestFilter.java:116) ~[spring-web-6.1.2.jar:6.1.2]
	at org.springframework.security.web.ObservationFilterChainDecorator$ObservationFilter.wrapFilter(ObservationFilterChainDecorator.java:240) ~[spring-security-web-6.2.1.jar:6.2.1]
	at org.springframework.security.web.ObservationFilterChainDecorator$AroundFilterObservation$SimpleAroundFilterObservation.lambda$wrap$0(ObservationFilterChainDecorator.java:323) ~[spring-security-web-6.2.1.jar:6.2.1]
	at org.springframework.security.web.ObservationFilterChainDecorator$ObservationFilter.doFilter(ObservationFilterChainDecorator.java:224) ~[spring-security-web-6.2.1.jar:6.2.1]
	at org.springframework.security.web.ObservationFilterChainDecorator$VirtualFilterChain.doFilter(ObservationFilterChainDecorator.java:137) ~[spring-security-web-6.2.1.jar:6.2.1]
	at org.springframework.security.web.FilterChainProxy.doFilterInternal(FilterChainProxy.java:233) ~[spring-security-web-6.2.1.jar:6.2.1]
	at org.springframework.security.web.FilterChainProxy.doFilter(FilterChainProxy.java:191) ~[spring-security-web-6.2.1.jar:6.2.1]
	at org.springframework.web.filter.CompositeFilter$VirtualFilterChain.doFilter(CompositeFilter.java:113) ~[spring-web-6.1.2.jar:6.1.2]
	at org.springframework.web.servlet.handler.HandlerMappingIntrospector.lambda$createCacheFilter$3(HandlerMappingIntrospector.java:195) ~[spring-webmvc-6.1.2.jar:6.1.2]
	at org.springframework.web.filter.CompositeFilter$VirtualFilterChain.doFilter(CompositeFilter.java:113) ~[spring-web-6.1.2.jar:6.1.2]
	at org.springframework.web.filter.CompositeFilter.doFilter(CompositeFilter.java:74) ~[spring-web-6.1.2.jar:6.1.2]
	at org.springframework.security.config.annotation.web.configuration.WebMvcSecurityConfiguration$CompositeFilterChainProxy.doFilter(WebMvcSecurityConfiguration.java:225) ~[spring-security-config-6.2.1.jar:6.2.1]
	at org.springframework.web.filter.DelegatingFilterProxy.invokeDelegate(DelegatingFilterProxy.java:352) ~[spring-web-6.1.2.jar:6.1.2]
	at org.springframework.web.filter.DelegatingFilterProxy.doFilter(DelegatingFilterProxy.java:268) ~[spring-web-6.1.2.jar:6.1.2]
	at org.apache.catalina.core.ApplicationFilterChain.internalDoFilter(ApplicationFilterChain.java:174) ~[tomcat-embed-core-10.1.17.jar:10.1.17]
	at org.apache.catalina.core.ApplicationFilterChain.doFilter(ApplicationFilterChain.java:149) ~[tomcat-embed-core-10.1.17.jar:10.1.17]
	at org.springframework.web.filter.RequestContextFilter.doFilterInternal(RequestContextFilter.java:100) ~[spring-web-6.1.2.jar:6.1.2]
	at org.springframework.web.filter.OncePerRequestFilter.doFilter(OncePerRequestFilter.java:116) ~[spring-web-6.1.2.jar:6.1.2]
	at org.apache.catalina.core.ApplicationFilterChain.internalDoFilter(ApplicationFilterChain.java:174) ~[tomcat-embed-core-10.1.17.jar:10.1.17]
	at org.apache.catalina.core.ApplicationFilterChain.doFilter(ApplicationFilterChain.java:149) ~[tomcat-embed-core-10.1.17.jar:10.1.17]
	at org.springframework.web.filter.FormContentFilter.doFilterInternal(FormContentFilter.java:93) ~[spring-web-6.1.2.jar:6.1.2]
	at org.springframework.web.filter.OncePerRequestFilter.doFilter(OncePerRequestFilter.java:116) ~[spring-web-6.1.2.jar:6.1.2]
	at org.apache.catalina.core.ApplicationFilterChain.internalDoFilter(ApplicationFilterChain.java:174) ~[tomcat-embed-core-10.1.17.jar:10.1.17]
	at org.apache.catalina.core.ApplicationFilterChain.doFilter(ApplicationFilterChain.java:149) ~[tomcat-embed-core-10.1.17.jar:10.1.17]
	at org.springframework.web.filter.ServerHttpObservationFilter.doFilterInternal(ServerHttpObservationFilter.java:109) ~[spring-web-6.1.2.jar:6.1.2]
	at org.springframework.web.filter.OncePerRequestFilter.doFilter(OncePerRequestFilter.java:116) ~[spring-web-6.1.2.jar:6.1.2]
	at org.apache.catalina.core.ApplicationFilterChain.internalDoFilter(ApplicationFilterChain.java:174) ~[tomcat-embed-core-10.1.17.jar:10.1.17]
	at org.apache.catalina.core.ApplicationFilterChain.doFilter(ApplicationFilterChain.java:149) ~[tomcat-embed-core-10.1.17.jar:10.1.17]
	at org.springframework.web.filter.CharacterEncodingFilter.doFilterInternal(CharacterEncodingFilter.java:201) ~[spring-web-6.1.2.jar:6.1.2]
	at org.springframework.web.filter.OncePerRequestFilter.doFilter(OncePerRequestFilter.java:116) ~[spring-web-6.1.2.jar:6.1.2]
	at org.apache.catalina.core.ApplicationFilterChain.internalDoFilter(ApplicationFilterChain.java:174) ~[tomcat-embed-core-10.1.17.jar:10.1.17]
	at org.apache.catalina.core.ApplicationFilterChain.doFilter(ApplicationFilterChain.java:149) ~[tomcat-embed-core-10.1.17.jar:10.1.17]
	at org.apache.catalina.core.StandardWrapperValve.invoke(StandardWrapperValve.java:167) ~[tomcat-embed-core-10.1.17.jar:10.1.17]
	at org.apache.catalina.core.StandardContextValve.invoke(StandardContextValve.java:90) ~[tomcat-embed-core-10.1.17.jar:10.1.17]
	at org.apache.catalina.authenticator.AuthenticatorBase.invoke(AuthenticatorBase.java:482) ~[tomcat-embed-core-10.1.17.jar:10.1.17]
	at org.apache.catalina.core.StandardHostValve.invoke(StandardHostValve.java:115) ~[tomcat-embed-core-10.1.17.jar:10.1.17]
	at org.apache.catalina.valves.ErrorReportValve.invoke(ErrorReportValve.java:93) ~[tomcat-embed-core-10.1.17.jar:10.1.17]
	at org.apache.catalina.core.StandardEngineValve.invoke(StandardEngineValve.java:74) ~[tomcat-embed-core-10.1.17.jar:10.1.17]
	at org.apache.catalina.connector.CoyoteAdapter.service(CoyoteAdapter.java:340) ~[tomcat-embed-core-10.1.17.jar:10.1.17]
	at org.apache.coyote.http11.Http11Processor.service(Http11Processor.java:391) ~[tomcat-embed-core-10.1.17.jar:10.1.17]
	at org.apache.coyote.AbstractProcessorLight.process(AbstractProcessorLight.java:63) ~[tomcat-embed-core-10.1.17.jar:10.1.17]
	at org.apache.coyote.AbstractProtocol$ConnectionHandler.process(AbstractProtocol.java:896) ~[tomcat-embed-core-10.1.17.jar:10.1.17]
	at org.apache.tomcat.util.net.NioEndpoint$SocketProcessor.doRun(NioEndpoint.java:1744) ~[tomcat-embed-core-10.1.17.jar:10.1.17]
	at org.apache.tomcat.util.net.SocketProcessorBase.run(SocketProcessorBase.java:52) ~[tomcat-embed-core-10.1.17.jar:10.1.17]
	at org.apache.tomcat.util.threads.ThreadPoolExecutor.runWorker(ThreadPoolExecutor.java:1191) ~[tomcat-embed-core-10.1.17.jar:10.1.17]
	at org.apache.tomcat.util.threads.ThreadPoolExecutor$Worker.run(ThreadPoolExecutor.java:659) ~[tomcat-embed-core-10.1.17.jar:10.1.17]
	at org.apache.tomcat.util.threads.TaskThread$WrappingRunnable.run(TaskThread.java:61) ~[tomcat-embed-core-10.1.17.jar:10.1.17]
	at java.base/java.lang.Thread.run(Thread.java:1623) ~[na:na]

2024-01-19T12:21:33.322+08:00 ERROR 18463 --- [Test] [http-nio-8080-exec-4] o.a.c.c.C.[.[.[/].[dispatcherServlet]    : Servlet.service() for servlet [dispatcherServlet] threw exception

java.lang.NullPointerException: Cannot invoke "org.apache.tomcat.util.http.MimeHeaderField.getName()" because "this.headers[i]" is null
	at org.apache.tomcat.util.http.MimeHeaders.getValue(MimeHeaders.java:322) ~[tomcat-embed-core-10.1.17.jar:10.1.17]
	at org.apache.tomcat.util.http.MimeHeaders.getHeader(MimeHeaders.java:354) ~[tomcat-embed-core-10.1.17.jar:10.1.17]
	at org.apache.catalina.connector.Response.getHeader(Response.java:844) ~[tomcat-embed-core-10.1.17.jar:10.1.17]
	at org.apache.catalina.connector.ResponseFacade.getHeader(ResponseFacade.java:446) ~[tomcat-embed-core-10.1.17.jar:10.1.17]
	at jakarta.servlet.http.HttpServletResponseWrapper.getHeader(HttpServletResponseWrapper.java:193) ~[tomcat-embed-core-10.1.17.jar:6.0]
	at org.springframework.http.server.ServletServerHttpResponse$ServletResponseHttpHeaders.getFirst(ServletServerHttpResponse.java:163) ~[spring-web-6.1.2.jar:6.1.2]
	at org.springframework.http.HttpHeaders.getContentType(HttpHeaders.java:999) ~[spring-web-6.1.2.jar:6.1.2]
	at org.springframework.web.servlet.mvc.method.annotation.AbstractMessageConverterMethodProcessor.writeWithMessageConverters(AbstractMessageConverterMethodProcessor.java:212) ~[spring-webmvc-6.1.2.jar:6.1.2]
	at org.springframework.web.servlet.mvc.method.annotation.HttpEntityMethodProcessor.handleReturnValue(HttpEntityMethodProcessor.java:245) ~[spring-webmvc-6.1.2.jar:6.1.2]
	at org.springframework.web.method.support.HandlerMethodReturnValueHandlerComposite.handleReturnValue(HandlerMethodReturnValueHandlerComposite.java:78) ~[spring-web-6.1.2.jar:6.1.2]
	at org.springframework.web.servlet.mvc.method.annotation.ServletInvocableHandlerMethod.invokeAndHandle(ServletInvocableHandlerMethod.java:136) ~[spring-webmvc-6.1.2.jar:6.1.2]
	at org.springframework.web.servlet.mvc.method.annotation.RequestMappingHandlerAdapter.invokeHandlerMethod(RequestMappingHandlerAdapter.java:917) ~[spring-webmvc-6.1.2.jar:6.1.2]
	at org.springframework.web.servlet.mvc.method.annotation.RequestMappingHandlerAdapter.handleInternal(RequestMappingHandlerAdapter.java:829) ~[spring-webmvc-6.1.2.jar:6.1.2]
	at org.springframework.web.servlet.mvc.method.AbstractHandlerMethodAdapter.handle(AbstractHandlerMethodAdapter.java:87) ~[spring-webmvc-6.1.2.jar:6.1.2]
	at org.springframework.web.servlet.DispatcherServlet.doDispatch(DispatcherServlet.java:1089) ~[spring-webmvc-6.1.2.jar:6.1.2]
	at org.springframework.web.servlet.DispatcherServlet.doService(DispatcherServlet.java:979) ~[spring-webmvc-6.1.2.jar:6.1.2]
	at org.springframework.web.servlet.FrameworkServlet.processRequest(FrameworkServlet.java:1014) ~[spring-webmvc-6.1.2.jar:6.1.2]
	at org.springframework.web.servlet.FrameworkServlet.doGet(FrameworkServlet.java:903) ~[spring-webmvc-6.1.2.jar:6.1.2]
	at jakarta.servlet.http.HttpServlet.service(HttpServlet.java:564) ~[tomcat-embed-core-10.1.17.jar:6.0]
	at org.springframework.web.servlet.FrameworkServlet.service(FrameworkServlet.java:885) ~[spring-webmvc-6.1.2.jar:6.1.2]
	at jakarta.servlet.http.HttpServlet.service(HttpServlet.java:658) ~[tomcat-embed-core-10.1.17.jar:6.0]
	at org.apache.catalina.core.ApplicationFilterChain.internalDoFilter(ApplicationFilterChain.java:205) ~[tomcat-embed-core-10.1.17.jar:10.1.17]
	at org.apache.catalina.core.ApplicationFilterChain.doFilter(ApplicationFilterChain.java:149) ~[tomcat-embed-core-10.1.17.jar:10.1.17]
	at org.springframework.web.filter.CompositeFilter$VirtualFilterChain.doFilter(CompositeFilter.java:108) ~[spring-web-6.1.2.jar:6.1.2]
	at org.springframework.security.web.FilterChainProxy.lambda$doFilterInternal$3(FilterChainProxy.java:231) ~[spring-security-web-6.2.1.jar:6.2.1]
	at org.springframework.security.web.ObservationFilterChainDecorator$FilterObservation$SimpleFilterObservation.lambda$wrap$1(ObservationFilterChainDecorator.java:479) ~[spring-security-web-6.2.1.jar:6.2.1]
	at org.springframework.security.web.ObservationFilterChainDecorator$AroundFilterObservation$SimpleAroundFilterObservation.lambda$wrap$1(ObservationFilterChainDecorator.java:340) ~[spring-security-web-6.2.1.jar:6.2.1]
	at org.springframework.security.web.ObservationFilterChainDecorator.lambda$wrapSecured$0(ObservationFilterChainDecorator.java:82) ~[spring-security-web-6.2.1.jar:6.2.1]
	at org.springframework.security.web.ObservationFilterChainDecorator$VirtualFilterChain.doFilter(ObservationFilterChainDecorator.java:128) ~[spring-security-web-6.2.1.jar:6.2.1]
	at org.springframework.security.web.access.intercept.AuthorizationFilter.doFilter(AuthorizationFilter.java:100) ~[spring-security-web-6.2.1.jar:6.2.1]
	at org.springframework.security.web.ObservationFilterChainDecorator$ObservationFilter.wrapFilter(ObservationFilterChainDecorator.java:240) ~[spring-security-web-6.2.1.jar:6.2.1]
	at org.springframework.security.web.ObservationFilterChainDecorator$ObservationFilter.doFilter(ObservationFilterChainDecorator.java:227) ~[spring-security-web-6.2.1.jar:6.2.1]
	at org.springframework.security.web.ObservationFilterChainDecorator$VirtualFilterChain.doFilter(ObservationFilterChainDecorator.java:137) ~[spring-security-web-6.2.1.jar:6.2.1]
	at org.springframework.security.web.access.ExceptionTranslationFilter.doFilter(ExceptionTranslationFilter.java:126) ~[spring-security-web-6.2.1.jar:6.2.1]
	at org.springframework.security.web.access.ExceptionTranslationFilter.doFilter(ExceptionTranslationFilter.java:120) ~[spring-security-web-6.2.1.jar:6.2.1]
	at org.springframework.security.web.ObservationFilterChainDecorator$ObservationFilter.wrapFilter(ObservationFilterChainDecorator.java:240) ~[spring-security-web-6.2.1.jar:6.2.1]
	at org.springframework.security.web.ObservationFilterChainDecorator$ObservationFilter.doFilter(ObservationFilterChainDecorator.java:227) ~[spring-security-web-6.2.1.jar:6.2.1]
	at org.springframework.security.web.ObservationFilterChainDecorator$VirtualFilterChain.doFilter(ObservationFilterChainDecorator.java:137) ~[spring-security-web-6.2.1.jar:6.2.1]
	at org.springframework.security.web.authentication.AnonymousAuthenticationFilter.doFilter(AnonymousAuthenticationFilter.java:100) ~[spring-security-web-6.2.1.jar:6.2.1]
	at org.springframework.security.web.ObservationFilterChainDecorator$ObservationFilter.wrapFilter(ObservationFilterChainDecorator.java:240) ~[spring-security-web-6.2.1.jar:6.2.1]
	at org.springframework.security.web.ObservationFilterChainDecorator$ObservationFilter.doFilter(ObservationFilterChainDecorator.java:227) ~[spring-security-web-6.2.1.jar:6.2.1]
	at org.springframework.security.web.ObservationFilterChainDecorator$VirtualFilterChain.doFilter(ObservationFilterChainDecorator.java:137) ~[spring-security-web-6.2.1.jar:6.2.1]
	at org.springframework.security.web.servletapi.SecurityContextHolderAwareRequestFilter.doFilter(SecurityContextHolderAwareRequestFilter.java:179) ~[spring-security-web-6.2.1.jar:6.2.1]
	at org.springframework.security.web.ObservationFilterChainDecorator$ObservationFilter.wrapFilter(ObservationFilterChainDecorator.java:240) ~[spring-security-web-6.2.1.jar:6.2.1]
	at org.springframework.security.web.ObservationFilterChainDecorator$ObservationFilter.doFilter(ObservationFilterChainDecorator.java:227) ~[spring-security-web-6.2.1.jar:6.2.1]
	at org.springframework.security.web.ObservationFilterChainDecorator$VirtualFilterChain.doFilter(ObservationFilterChainDecorator.java:137) ~[spring-security-web-6.2.1.jar:6.2.1]
	at org.springframework.security.web.savedrequest.RequestCacheAwareFilter.doFilter(RequestCacheAwareFilter.java:63) ~[spring-security-web-6.2.1.jar:6.2.1]
	at org.springframework.security.web.ObservationFilterChainDecorator$ObservationFilter.wrapFilter(ObservationFilterChainDecorator.java:240) ~[spring-security-web-6.2.1.jar:6.2.1]
	at org.springframework.security.web.ObservationFilterChainDecorator$ObservationFilter.doFilter(ObservationFilterChainDecorator.java:227) ~[spring-security-web-6.2.1.jar:6.2.1]
	at org.springframework.security.web.ObservationFilterChainDecorator$VirtualFilterChain.doFilter(ObservationFilterChainDecorator.java:137) ~[spring-security-web-6.2.1.jar:6.2.1]
	at org.springframework.security.web.authentication.logout.LogoutFilter.doFilter(LogoutFilter.java:107) ~[spring-security-web-6.2.1.jar:6.2.1]
	at org.springframework.security.web.authentication.logout.LogoutFilter.doFilter(LogoutFilter.java:93) ~[spring-security-web-6.2.1.jar:6.2.1]
	at org.springframework.security.web.ObservationFilterChainDecorator$ObservationFilter.wrapFilter(ObservationFilterChainDecorator.java:240) ~[spring-security-web-6.2.1.jar:6.2.1]
	at org.springframework.security.web.ObservationFilterChainDecorator$ObservationFilter.doFilter(ObservationFilterChainDecorator.java:227) ~[spring-security-web-6.2.1.jar:6.2.1]
	at org.springframework.security.web.ObservationFilterChainDecorator$VirtualFilterChain.doFilter(ObservationFilterChainDecorator.java:137) ~[spring-security-web-6.2.1.jar:6.2.1]
	at org.springframework.web.filter.OncePerRequestFilter.doFilter(OncePerRequestFilter.java:101) ~[spring-web-6.1.2.jar:6.1.2]
	at org.springframework.security.web.ObservationFilterChainDecorator$ObservationFilter.wrapFilter(ObservationFilterChainDecorator.java:240) ~[spring-security-web-6.2.1.jar:6.2.1]
	at org.springframework.security.web.ObservationFilterChainDecorator$ObservationFilter.doFilter(ObservationFilterChainDecorator.java:227) ~[spring-security-web-6.2.1.jar:6.2.1]
	at org.springframework.security.web.ObservationFilterChainDecorator$VirtualFilterChain.doFilter(ObservationFilterChainDecorator.java:137) ~[spring-security-web-6.2.1.jar:6.2.1]
	at org.springframework.web.filter.OncePerRequestFilter.doFilter(OncePerRequestFilter.java:101) ~[spring-web-6.1.2.jar:6.1.2]
	at org.springframework.security.web.ObservationFilterChainDecorator$ObservationFilter.wrapFilter(ObservationFilterChainDecorator.java:240) ~[spring-security-web-6.2.1.jar:6.2.1]
	at org.springframework.security.web.ObservationFilterChainDecorator$ObservationFilter.doFilter(ObservationFilterChainDecorator.java:227) ~[spring-security-web-6.2.1.jar:6.2.1]
	at org.springframework.security.web.ObservationFilterChainDecorator$VirtualFilterChain.doFilter(ObservationFilterChainDecorator.java:137) ~[spring-security-web-6.2.1.jar:6.2.1]
	at org.springframework.security.web.context.SecurityContextHolderFilter.doFilter(SecurityContextHolderFilter.java:82) ~[spring-security-web-6.2.1.jar:6.2.1]
	at org.springframework.security.web.context.SecurityContextHolderFilter.doFilter(SecurityContextHolderFilter.java:69) ~[spring-security-web-6.2.1.jar:6.2.1]
	at org.springframework.security.web.ObservationFilterChainDecorator$ObservationFilter.wrapFilter(ObservationFilterChainDecorator.java:240) ~[spring-security-web-6.2.1.jar:6.2.1]
	at org.springframework.security.web.ObservationFilterChainDecorator$ObservationFilter.doFilter(ObservationFilterChainDecorator.java:227) ~[spring-security-web-6.2.1.jar:6.2.1]
	at org.springframework.security.web.ObservationFilterChainDecorator$VirtualFilterChain.doFilter(ObservationFilterChainDecorator.java:137) ~[spring-security-web-6.2.1.jar:6.2.1]
	at org.springframework.web.filter.OncePerRequestFilter.doFilter(OncePerRequestFilter.java:101) ~[spring-web-6.1.2.jar:6.1.2]
	at org.springframework.security.web.ObservationFilterChainDecorator$ObservationFilter.wrapFilter(ObservationFilterChainDecorator.java:240) ~[spring-security-web-6.2.1.jar:6.2.1]
	at org.springframework.security.web.ObservationFilterChainDecorator$ObservationFilter.doFilter(ObservationFilterChainDecorator.java:227) ~[spring-security-web-6.2.1.jar:6.2.1]
	at org.springframework.security.web.ObservationFilterChainDecorator$VirtualFilterChain.doFilter(ObservationFilterChainDecorator.java:137) ~[spring-security-web-6.2.1.jar:6.2.1]
	at org.springframework.web.filter.OncePerRequestFilter.doFilter(OncePerRequestFilter.java:101) ~[spring-web-6.1.2.jar:6.1.2]
	at org.springframework.security.web.ObservationFilterChainDecorator$ObservationFilter.wrapFilter(ObservationFilterChainDecorator.java:240) ~[spring-security-web-6.2.1.jar:6.2.1]
	at org.springframework.security.web.ObservationFilterChainDecorator$AroundFilterObservation$SimpleAroundFilterObservation.lambda$wrap$0(ObservationFilterChainDecorator.java:323) ~[spring-security-web-6.2.1.jar:6.2.1]
	at org.springframework.security.web.ObservationFilterChainDecorator$ObservationFilter.doFilter(ObservationFilterChainDecorator.java:224) ~[spring-security-web-6.2.1.jar:6.2.1]
	at org.springframework.security.web.ObservationFilterChainDecorator$VirtualFilterChain.doFilter(ObservationFilterChainDecorator.java:137) ~[spring-security-web-6.2.1.jar:6.2.1]
	at org.springframework.security.web.FilterChainProxy.doFilterInternal(FilterChainProxy.java:233) ~[spring-security-web-6.2.1.jar:6.2.1]
	at org.springframework.security.web.FilterChainProxy.doFilter(FilterChainProxy.java:191) ~[spring-security-web-6.2.1.jar:6.2.1]
	at org.springframework.web.filter.CompositeFilter$VirtualFilterChain.doFilter(CompositeFilter.java:113) ~[spring-web-6.1.2.jar:6.1.2]
	at org.springframework.web.servlet.handler.HandlerMappingIntrospector.lambda$createCacheFilter$3(HandlerMappingIntrospector.java:195) ~[spring-webmvc-6.1.2.jar:6.1.2]
	at org.springframework.web.filter.CompositeFilter$VirtualFilterChain.doFilter(CompositeFilter.java:113) ~[spring-web-6.1.2.jar:6.1.2]
	at org.springframework.web.filter.CompositeFilter.doFilter(CompositeFilter.java:74) ~[spring-web-6.1.2.jar:6.1.2]
	at org.springframework.security.config.annotation.web.configuration.WebMvcSecurityConfiguration$CompositeFilterChainProxy.doFilter(WebMvcSecurityConfiguration.java:225) ~[spring-security-config-6.2.1.jar:6.2.1]
	at org.springframework.web.filter.DelegatingFilterProxy.invokeDelegate(DelegatingFilterProxy.java:352) ~[spring-web-6.1.2.jar:6.1.2]
	at org.springframework.web.filter.DelegatingFilterProxy.doFilter(DelegatingFilterProxy.java:268) ~[spring-web-6.1.2.jar:6.1.2]
	at org.apache.catalina.core.ApplicationFilterChain.internalDoFilter(ApplicationFilterChain.java:174) ~[tomcat-embed-core-10.1.17.jar:10.1.17]
	at org.apache.catalina.core.ApplicationFilterChain.doFilter(ApplicationFilterChain.java:149) ~[tomcat-embed-core-10.1.17.jar:10.1.17]
	at org.springframework.web.filter.RequestContextFilter.doFilterInternal(RequestContextFilter.java:100) ~[spring-web-6.1.2.jar:6.1.2]
	at org.springframework.web.filter.OncePerRequestFilter.doFilter(OncePerRequestFilter.java:116) ~[spring-web-6.1.2.jar:6.1.2]
	at org.apache.catalina.core.ApplicationFilterChain.internalDoFilter(ApplicationFilterChain.java:174) ~[tomcat-embed-core-10.1.17.jar:10.1.17]
	at org.apache.catalina.core.ApplicationFilterChain.doFilter(ApplicationFilterChain.java:149) ~[tomcat-embed-core-10.1.17.jar:10.1.17]
	at org.springframework.web.filter.OncePerRequestFilter.doFilter(OncePerRequestFilter.java:101) ~[spring-web-6.1.2.jar:6.1.2]
	at org.apache.catalina.core.ApplicationFilterChain.internalDoFilter(ApplicationFilterChain.java:174) ~[tomcat-embed-core-10.1.17.jar:10.1.17]
	at org.apache.catalina.core.ApplicationFilterChain.doFilter(ApplicationFilterChain.java:149) ~[tomcat-embed-core-10.1.17.jar:10.1.17]
	at org.springframework.web.filter.OncePerRequestFilter.doFilter(OncePerRequestFilter.java:101) ~[spring-web-6.1.2.jar:6.1.2]
	at org.apache.catalina.core.ApplicationFilterChain.internalDoFilter(ApplicationFilterChain.java:174) ~[tomcat-embed-core-10.1.17.jar:10.1.17]
	at org.apache.catalina.core.ApplicationFilterChain.doFilter(ApplicationFilterChain.java:149) ~[tomcat-embed-core-10.1.17.jar:10.1.17]
	at org.apache.catalina.core.ApplicationDispatcher.invoke(ApplicationDispatcher.java:642) ~[tomcat-embed-core-10.1.17.jar:10.1.17]
	at org.apache.catalina.core.ApplicationDispatcher.processRequest(ApplicationDispatcher.java:410) ~[tomcat-embed-core-10.1.17.jar:10.1.17]
	at org.apache.catalina.core.ApplicationDispatcher.doForward(ApplicationDispatcher.java:340) ~[tomcat-embed-core-10.1.17.jar:10.1.17]
	at org.apache.catalina.core.ApplicationDispatcher.forward(ApplicationDispatcher.java:277) ~[tomcat-embed-core-10.1.17.jar:10.1.17]
	at org.apache.catalina.core.StandardHostValve.custom(StandardHostValve.java:362) ~[tomcat-embed-core-10.1.17.jar:10.1.17]
	at org.apache.catalina.core.StandardHostValve.status(StandardHostValve.java:222) ~[tomcat-embed-core-10.1.17.jar:10.1.17]
	at org.apache.catalina.core.StandardHostValve.throwable(StandardHostValve.java:308) ~[tomcat-embed-core-10.1.17.jar:10.1.17]
	at org.apache.catalina.core.StandardHostValve.invoke(StandardHostValve.java:149) ~[tomcat-embed-core-10.1.17.jar:10.1.17]
	at org.apache.catalina.valves.ErrorReportValve.invoke(ErrorReportValve.java:93) ~[tomcat-embed-core-10.1.17.jar:10.1.17]
	at org.apache.catalina.core.StandardEngineValve.invoke(StandardEngineValve.java:74) ~[tomcat-embed-core-10.1.17.jar:10.1.17]
	at org.apache.catalina.connector.CoyoteAdapter.service(CoyoteAdapter.java:340) ~[tomcat-embed-core-10.1.17.jar:10.1.17]
	at org.apache.coyote.http11.Http11Processor.service(Http11Processor.java:391) ~[tomcat-embed-core-10.1.17.jar:10.1.17]
	at org.apache.coyote.AbstractProcessorLight.process(AbstractProcessorLight.java:63) ~[tomcat-embed-core-10.1.17.jar:10.1.17]
	at org.apache.coyote.AbstractProtocol$ConnectionHandler.process(AbstractProtocol.java:896) ~[tomcat-embed-core-10.1.17.jar:10.1.17]
	at org.apache.tomcat.util.net.NioEndpoint$SocketProcessor.doRun(NioEndpoint.java:1744) ~[tomcat-embed-core-10.1.17.jar:10.1.17]
	at org.apache.tomcat.util.net.SocketProcessorBase.run(SocketProcessorBase.java:52) ~[tomcat-embed-core-10.1.17.jar:10.1.17]
	at org.apache.tomcat.util.threads.ThreadPoolExecutor.runWorker(ThreadPoolExecutor.java:1191) ~[tomcat-embed-core-10.1.17.jar:10.1.17]
	at org.apache.tomcat.util.threads.ThreadPoolExecutor$Worker.run(ThreadPoolExecutor.java:659) ~[tomcat-embed-core-10.1.17.jar:10.1.17]
	at org.apache.tomcat.util.threads.TaskThread$WrappingRunnable.run(TaskThread.java:61) ~[tomcat-embed-core-10.1.17.jar:10.1.17]
	at java.base/java.lang.Thread.run(Thread.java:1623) ~[na:na]

2024-01-19T12:21:33.322+08:00 ERROR 18463 --- [Test] [http-nio-8080-exec-4] o.a.c.c.C.[Tomcat].[localhost]           : Exception Processing ErrorPage[errorCode=0, location=/error]

jakarta.servlet.ServletException: Request processing failed: java.lang.NullPointerException: Cannot invoke "org.apache.tomcat.util.http.MimeHeaderField.getName()" because "this.headers[i]" is null
	at org.springframework.web.servlet.FrameworkServlet.processRequest(FrameworkServlet.java:1022) ~[spring-webmvc-6.1.2.jar:6.1.2]
	at org.springframework.web.servlet.FrameworkServlet.doGet(FrameworkServlet.java:903) ~[spring-webmvc-6.1.2.jar:6.1.2]
	at jakarta.servlet.http.HttpServlet.service(HttpServlet.java:564) ~[tomcat-embed-core-10.1.17.jar:6.0]
	at org.springframework.web.servlet.FrameworkServlet.service(FrameworkServlet.java:885) ~[spring-webmvc-6.1.2.jar:6.1.2]
	at jakarta.servlet.http.HttpServlet.service(HttpServlet.java:658) ~[tomcat-embed-core-10.1.17.jar:6.0]
	at org.apache.catalina.core.ApplicationFilterChain.internalDoFilter(ApplicationFilterChain.java:205) ~[tomcat-embed-core-10.1.17.jar:10.1.17]
	at org.apache.catalina.core.ApplicationFilterChain.doFilter(ApplicationFilterChain.java:149) ~[tomcat-embed-core-10.1.17.jar:10.1.17]
	at org.springframework.web.filter.CompositeFilter$VirtualFilterChain.doFilter(CompositeFilter.java:108) ~[spring-web-6.1.2.jar:6.1.2]
	at org.springframework.security.web.FilterChainProxy.lambda$doFilterInternal$3(FilterChainProxy.java:231) ~[spring-security-web-6.2.1.jar:6.2.1]
	at org.springframework.security.web.ObservationFilterChainDecorator$FilterObservation$SimpleFilterObservation.lambda$wrap$1(ObservationFilterChainDecorator.java:479) ~[spring-security-web-6.2.1.jar:6.2.1]
	at org.springframework.security.web.ObservationFilterChainDecorator$AroundFilterObservation$SimpleAroundFilterObservation.lambda$wrap$1(ObservationFilterChainDecorator.java:340) ~[spring-security-web-6.2.1.jar:6.2.1]
	at org.springframework.security.web.ObservationFilterChainDecorator.lambda$wrapSecured$0(ObservationFilterChainDecorator.java:82) ~[spring-security-web-6.2.1.jar:6.2.1]
	at org.springframework.security.web.ObservationFilterChainDecorator$VirtualFilterChain.doFilter(ObservationFilterChainDecorator.java:128) ~[spring-security-web-6.2.1.jar:6.2.1]
	at org.springframework.security.web.access.intercept.AuthorizationFilter.doFilter(AuthorizationFilter.java:100) ~[spring-security-web-6.2.1.jar:6.2.1]
	at org.springframework.security.web.ObservationFilterChainDecorator$ObservationFilter.wrapFilter(ObservationFilterChainDecorator.java:240) ~[spring-security-web-6.2.1.jar:6.2.1]
	at org.springframework.security.web.ObservationFilterChainDecorator$ObservationFilter.doFilter(ObservationFilterChainDecorator.java:227) ~[spring-security-web-6.2.1.jar:6.2.1]
	at org.springframework.security.web.ObservationFilterChainDecorator$VirtualFilterChain.doFilter(ObservationFilterChainDecorator.java:137) ~[spring-security-web-6.2.1.jar:6.2.1]
	at org.springframework.security.web.access.ExceptionTranslationFilter.doFilter(ExceptionTranslationFilter.java:126) ~[spring-security-web-6.2.1.jar:6.2.1]
	at org.springframework.security.web.access.ExceptionTranslationFilter.doFilter(ExceptionTranslationFilter.java:120) ~[spring-security-web-6.2.1.jar:6.2.1]
	at org.springframework.security.web.ObservationFilterChainDecorator$ObservationFilter.wrapFilter(ObservationFilterChainDecorator.java:240) ~[spring-security-web-6.2.1.jar:6.2.1]
	at org.springframework.security.web.ObservationFilterChainDecorator$ObservationFilter.doFilter(ObservationFilterChainDecorator.java:227) ~[spring-security-web-6.2.1.jar:6.2.1]
	at org.springframework.security.web.ObservationFilterChainDecorator$VirtualFilterChain.doFilter(ObservationFilterChainDecorator.java:137) ~[spring-security-web-6.2.1.jar:6.2.1]
	at org.springframework.security.web.authentication.AnonymousAuthenticationFilter.doFilter(AnonymousAuthenticationFilter.java:100) ~[spring-security-web-6.2.1.jar:6.2.1]
	at org.springframework.security.web.ObservationFilterChainDecorator$ObservationFilter.wrapFilter(ObservationFilterChainDecorator.java:240) ~[spring-security-web-6.2.1.jar:6.2.1]
	at org.springframework.security.web.ObservationFilterChainDecorator$ObservationFilter.doFilter(ObservationFilterChainDecorator.java:227) ~[spring-security-web-6.2.1.jar:6.2.1]
	at org.springframework.security.web.ObservationFilterChainDecorator$VirtualFilterChain.doFilter(ObservationFilterChainDecorator.java:137) ~[spring-security-web-6.2.1.jar:6.2.1]
	at org.springframework.security.web.servletapi.SecurityContextHolderAwareRequestFilter.doFilter(SecurityContextHolderAwareRequestFilter.java:179) ~[spring-security-web-6.2.1.jar:6.2.1]
	at org.springframework.security.web.ObservationFilterChainDecorator$ObservationFilter.wrapFilter(ObservationFilterChainDecorator.java:240) ~[spring-security-web-6.2.1.jar:6.2.1]
	at org.springframework.security.web.ObservationFilterChainDecorator$ObservationFilter.doFilter(ObservationFilterChainDecorator.java:227) ~[spring-security-web-6.2.1.jar:6.2.1]
	at org.springframework.security.web.ObservationFilterChainDecorator$VirtualFilterChain.doFilter(ObservationFilterChainDecorator.java:137) ~[spring-security-web-6.2.1.jar:6.2.1]
	at org.springframework.security.web.savedrequest.RequestCacheAwareFilter.doFilter(RequestCacheAwareFilter.java:63) ~[spring-security-web-6.2.1.jar:6.2.1]
	at org.springframework.security.web.ObservationFilterChainDecorator$ObservationFilter.wrapFilter(ObservationFilterChainDecorator.java:240) ~[spring-security-web-6.2.1.jar:6.2.1]
	at org.springframework.security.web.ObservationFilterChainDecorator$ObservationFilter.doFilter(ObservationFilterChainDecorator.java:227) ~[spring-security-web-6.2.1.jar:6.2.1]
	at org.springframework.security.web.ObservationFilterChainDecorator$VirtualFilterChain.doFilter(ObservationFilterChainDecorator.java:137) ~[spring-security-web-6.2.1.jar:6.2.1]
	at org.springframework.security.web.authentication.logout.LogoutFilter.doFilter(LogoutFilter.java:107) ~[spring-security-web-6.2.1.jar:6.2.1]
	at org.springframework.security.web.authentication.logout.LogoutFilter.doFilter(LogoutFilter.java:93) ~[spring-security-web-6.2.1.jar:6.2.1]
	at org.springframework.security.web.ObservationFilterChainDecorator$ObservationFilter.wrapFilter(ObservationFilterChainDecorator.java:240) ~[spring-security-web-6.2.1.jar:6.2.1]
	at org.springframework.security.web.ObservationFilterChainDecorator$ObservationFilter.doFilter(ObservationFilterChainDecorator.java:227) ~[spring-security-web-6.2.1.jar:6.2.1]
	at org.springframework.security.web.ObservationFilterChainDecorator$VirtualFilterChain.doFilter(ObservationFilterChainDecorator.java:137) ~[spring-security-web-6.2.1.jar:6.2.1]
	at org.springframework.web.filter.OncePerRequestFilter.doFilter(OncePerRequestFilter.java:101) ~[spring-web-6.1.2.jar:6.1.2]
	at org.springframework.security.web.ObservationFilterChainDecorator$ObservationFilter.wrapFilter(ObservationFilterChainDecorator.java:240) ~[spring-security-web-6.2.1.jar:6.2.1]
	at org.springframework.security.web.ObservationFilterChainDecorator$ObservationFilter.doFilter(ObservationFilterChainDecorator.java:227) ~[spring-security-web-6.2.1.jar:6.2.1]
	at org.springframework.security.web.ObservationFilterChainDecorator$VirtualFilterChain.doFilter(ObservationFilterChainDecorator.java:137) ~[spring-security-web-6.2.1.jar:6.2.1]
	at org.springframework.web.filter.OncePerRequestFilter.doFilter(OncePerRequestFilter.java:101) ~[spring-web-6.1.2.jar:6.1.2]
	at org.springframework.security.web.ObservationFilterChainDecorator$ObservationFilter.wrapFilter(ObservationFilterChainDecorator.java:240) ~[spring-security-web-6.2.1.jar:6.2.1]
	at org.springframework.security.web.ObservationFilterChainDecorator$ObservationFilter.doFilter(ObservationFilterChainDecorator.java:227) ~[spring-security-web-6.2.1.jar:6.2.1]
	at org.springframework.security.web.ObservationFilterChainDecorator$VirtualFilterChain.doFilter(ObservationFilterChainDecorator.java:137) ~[spring-security-web-6.2.1.jar:6.2.1]
	at org.springframework.security.web.context.SecurityContextHolderFilter.doFilter(SecurityContextHolderFilter.java:82) ~[spring-security-web-6.2.1.jar:6.2.1]
	at org.springframework.security.web.context.SecurityContextHolderFilter.doFilter(SecurityContextHolderFilter.java:69) ~[spring-security-web-6.2.1.jar:6.2.1]
	at org.springframework.security.web.ObservationFilterChainDecorator$ObservationFilter.wrapFilter(ObservationFilterChainDecorator.java:240) ~[spring-security-web-6.2.1.jar:6.2.1]
	at org.springframework.security.web.ObservationFilterChainDecorator$ObservationFilter.doFilter(ObservationFilterChainDecorator.java:227) ~[spring-security-web-6.2.1.jar:6.2.1]
	at org.springframework.security.web.ObservationFilterChainDecorator$VirtualFilterChain.doFilter(ObservationFilterChainDecorator.java:137) ~[spring-security-web-6.2.1.jar:6.2.1]
	at org.springframework.web.filter.OncePerRequestFilter.doFilter(OncePerRequestFilter.java:101) ~[spring-web-6.1.2.jar:6.1.2]
	at org.springframework.security.web.ObservationFilterChainDecorator$ObservationFilter.wrapFilter(ObservationFilterChainDecorator.java:240) ~[spring-security-web-6.2.1.jar:6.2.1]
	at org.springframework.security.web.ObservationFilterChainDecorator$ObservationFilter.doFilter(ObservationFilterChainDecorator.java:227) ~[spring-security-web-6.2.1.jar:6.2.1]
	at org.springframework.security.web.ObservationFilterChainDecorator$VirtualFilterChain.doFilter(ObservationFilterChainDecorator.java:137) ~[spring-security-web-6.2.1.jar:6.2.1]
	at org.springframework.web.filter.OncePerRequestFilter.doFilter(OncePerRequestFilter.java:101) ~[spring-web-6.1.2.jar:6.1.2]
	at org.springframework.security.web.ObservationFilterChainDecorator$ObservationFilter.wrapFilter(ObservationFilterChainDecorator.java:240) ~[spring-security-web-6.2.1.jar:6.2.1]
	at org.springframework.security.web.ObservationFilterChainDecorator$AroundFilterObservation$SimpleAroundFilterObservation.lambda$wrap$0(ObservationFilterChainDecorator.java:323) ~[spring-security-web-6.2.1.jar:6.2.1]
	at org.springframework.security.web.ObservationFilterChainDecorator$ObservationFilter.doFilter(ObservationFilterChainDecorator.java:224) ~[spring-security-web-6.2.1.jar:6.2.1]
	at org.springframework.security.web.ObservationFilterChainDecorator$VirtualFilterChain.doFilter(ObservationFilterChainDecorator.java:137) ~[spring-security-web-6.2.1.jar:6.2.1]
	at org.springframework.security.web.FilterChainProxy.doFilterInternal(FilterChainProxy.java:233) ~[spring-security-web-6.2.1.jar:6.2.1]
	at org.springframework.security.web.FilterChainProxy.doFilter(FilterChainProxy.java:191) ~[spring-security-web-6.2.1.jar:6.2.1]
	at org.springframework.web.filter.CompositeFilter$VirtualFilterChain.doFilter(CompositeFilter.java:113) ~[spring-web-6.1.2.jar:6.1.2]
	at org.springframework.web.servlet.handler.HandlerMappingIntrospector.lambda$createCacheFilter$3(HandlerMappingIntrospector.java:195) ~[spring-webmvc-6.1.2.jar:6.1.2]
	at org.springframework.web.filter.CompositeFilter$VirtualFilterChain.doFilter(CompositeFilter.java:113) ~[spring-web-6.1.2.jar:6.1.2]
	at org.springframework.web.filter.CompositeFilter.doFilter(CompositeFilter.java:74) ~[spring-web-6.1.2.jar:6.1.2]
	at org.springframework.security.config.annotation.web.configuration.WebMvcSecurityConfiguration$CompositeFilterChainProxy.doFilter(WebMvcSecurityConfiguration.java:225) ~[spring-security-config-6.2.1.jar:6.2.1]
	at org.springframework.web.filter.DelegatingFilterProxy.invokeDelegate(DelegatingFilterProxy.java:352) ~[spring-web-6.1.2.jar:6.1.2]
	at org.springframework.web.filter.DelegatingFilterProxy.doFilter(DelegatingFilterProxy.java:268) ~[spring-web-6.1.2.jar:6.1.2]
	at org.apache.catalina.core.ApplicationFilterChain.internalDoFilter(ApplicationFilterChain.java:174) ~[tomcat-embed-core-10.1.17.jar:10.1.17]
	at org.apache.catalina.core.ApplicationFilterChain.doFilter(ApplicationFilterChain.java:149) ~[tomcat-embed-core-10.1.17.jar:10.1.17]
	at org.springframework.web.filter.RequestContextFilter.doFilterInternal(RequestContextFilter.java:100) ~[spring-web-6.1.2.jar:6.1.2]
	at org.springframework.web.filter.OncePerRequestFilter.doFilter(OncePerRequestFilter.java:116) ~[spring-web-6.1.2.jar:6.1.2]
	at org.apache.catalina.core.ApplicationFilterChain.internalDoFilter(ApplicationFilterChain.java:174) ~[tomcat-embed-core-10.1.17.jar:10.1.17]
	at org.apache.catalina.core.ApplicationFilterChain.doFilter(ApplicationFilterChain.java:149) ~[tomcat-embed-core-10.1.17.jar:10.1.17]
	at org.springframework.web.filter.OncePerRequestFilter.doFilter(OncePerRequestFilter.java:101) ~[spring-web-6.1.2.jar:6.1.2]
	at org.apache.catalina.core.ApplicationFilterChain.internalDoFilter(ApplicationFilterChain.java:174) ~[tomcat-embed-core-10.1.17.jar:10.1.17]
	at org.apache.catalina.core.ApplicationFilterChain.doFilter(ApplicationFilterChain.java:149) ~[tomcat-embed-core-10.1.17.jar:10.1.17]
	at org.springframework.web.filter.OncePerRequestFilter.doFilter(OncePerRequestFilter.java:101) ~[spring-web-6.1.2.jar:6.1.2]
	at org.apache.catalina.core.ApplicationFilterChain.internalDoFilter(ApplicationFilterChain.java:174) ~[tomcat-embed-core-10.1.17.jar:10.1.17]
	at org.apache.catalina.core.ApplicationFilterChain.doFilter(ApplicationFilterChain.java:149) ~[tomcat-embed-core-10.1.17.jar:10.1.17]
	at org.apache.catalina.core.ApplicationDispatcher.invoke(ApplicationDispatcher.java:642) ~[tomcat-embed-core-10.1.17.jar:10.1.17]
	at org.apache.catalina.core.ApplicationDispatcher.processRequest(ApplicationDispatcher.java:410) ~[tomcat-embed-core-10.1.17.jar:10.1.17]
	at org.apache.catalina.core.ApplicationDispatcher.doForward(ApplicationDispatcher.java:340) ~[tomcat-embed-core-10.1.17.jar:10.1.17]
	at org.apache.catalina.core.ApplicationDispatcher.forward(ApplicationDispatcher.java:277) ~[tomcat-embed-core-10.1.17.jar:10.1.17]
	at org.apache.catalina.core.StandardHostValve.custom(StandardHostValve.java:362) ~[tomcat-embed-core-10.1.17.jar:10.1.17]
	at org.apache.catalina.core.StandardHostValve.status(StandardHostValve.java:222) ~[tomcat-embed-core-10.1.17.jar:10.1.17]
	at org.apache.catalina.core.StandardHostValve.throwable(StandardHostValve.java:308) ~[tomcat-embed-core-10.1.17.jar:10.1.17]
	at org.apache.catalina.core.StandardHostValve.invoke(StandardHostValve.java:149) ~[tomcat-embed-core-10.1.17.jar:10.1.17]
	at org.apache.catalina.valves.ErrorReportValve.invoke(ErrorReportValve.java:93) ~[tomcat-embed-core-10.1.17.jar:10.1.17]
	at org.apache.catalina.core.StandardEngineValve.invoke(StandardEngineValve.java:74) ~[tomcat-embed-core-10.1.17.jar:10.1.17]
	at org.apache.catalina.connector.CoyoteAdapter.service(CoyoteAdapter.java:340) ~[tomcat-embed-core-10.1.17.jar:10.1.17]
	at org.apache.coyote.http11.Http11Processor.service(Http11Processor.java:391) ~[tomcat-embed-core-10.1.17.jar:10.1.17]
	at org.apache.coyote.AbstractProcessorLight.process(AbstractProcessorLight.java:63) ~[tomcat-embed-core-10.1.17.jar:10.1.17]
	at org.apache.coyote.AbstractProtocol$ConnectionHandler.process(AbstractProtocol.java:896) ~[tomcat-embed-core-10.1.17.jar:10.1.17]
	at org.apache.tomcat.util.net.NioEndpoint$SocketProcessor.doRun(NioEndpoint.java:1744) ~[tomcat-embed-core-10.1.17.jar:10.1.17]
	at org.apache.tomcat.util.net.SocketProcessorBase.run(SocketProcessorBase.java:52) ~[tomcat-embed-core-10.1.17.jar:10.1.17]
	at org.apache.tomcat.util.threads.ThreadPoolExecutor.runWorker(ThreadPoolExecutor.java:1191) ~[tomcat-embed-core-10.1.17.jar:10.1.17]
	at org.apache.tomcat.util.threads.ThreadPoolExecutor$Worker.run(ThreadPoolExecutor.java:659) ~[tomcat-embed-core-10.1.17.jar:10.1.17]
	at org.apache.tomcat.util.threads.TaskThread$WrappingRunnable.run(TaskThread.java:61) ~[tomcat-embed-core-10.1.17.jar:10.1.17]
	at java.base/java.lang.Thread.run(Thread.java:1623) ~[na:na]
Caused by: java.lang.NullPointerException: Cannot invoke "org.apache.tomcat.util.http.MimeHeaderField.getName()" because "this.headers[i]" is null
	at org.apache.tomcat.util.http.MimeHeaders.getValue(MimeHeaders.java:322) ~[tomcat-embed-core-10.1.17.jar:10.1.17]
	at org.apache.tomcat.util.http.MimeHeaders.getHeader(MimeHeaders.java:354) ~[tomcat-embed-core-10.1.17.jar:10.1.17]
	at org.apache.catalina.connector.Response.getHeader(Response.java:844) ~[tomcat-embed-core-10.1.17.jar:10.1.17]
	at org.apache.catalina.connector.ResponseFacade.getHeader(ResponseFacade.java:446) ~[tomcat-embed-core-10.1.17.jar:10.1.17]
	at jakarta.servlet.http.HttpServletResponseWrapper.getHeader(HttpServletResponseWrapper.java:193) ~[tomcat-embed-core-10.1.17.jar:6.0]
	at org.springframework.http.server.ServletServerHttpResponse$ServletResponseHttpHeaders.getFirst(ServletServerHttpResponse.java:163) ~[spring-web-6.1.2.jar:6.1.2]
	at org.springframework.http.HttpHeaders.getContentType(HttpHeaders.java:999) ~[spring-web-6.1.2.jar:6.1.2]
	at org.springframework.web.servlet.mvc.method.annotation.AbstractMessageConverterMethodProcessor.writeWithMessageConverters(AbstractMessageConverterMethodProcessor.java:212) ~[spring-webmvc-6.1.2.jar:6.1.2]
	at org.springframework.web.servlet.mvc.method.annotation.HttpEntityMethodProcessor.handleReturnValue(HttpEntityMethodProcessor.java:245) ~[spring-webmvc-6.1.2.jar:6.1.2]
	at org.springframework.web.method.support.HandlerMethodReturnValueHandlerComposite.handleReturnValue(HandlerMethodReturnValueHandlerComposite.java:78) ~[spring-web-6.1.2.jar:6.1.2]
	at org.springframework.web.servlet.mvc.method.annotation.ServletInvocableHandlerMethod.invokeAndHandle(ServletInvocableHandlerMethod.java:136) ~[spring-webmvc-6.1.2.jar:6.1.2]
	at org.springframework.web.servlet.mvc.method.annotation.RequestMappingHandlerAdapter.invokeHandlerMethod(RequestMappingHandlerAdapter.java:917) ~[spring-webmvc-6.1.2.jar:6.1.2]
	at org.springframework.web.servlet.mvc.method.annotation.RequestMappingHandlerAdapter.handleInternal(RequestMappingHandlerAdapter.java:829) ~[spring-webmvc-6.1.2.jar:6.1.2]
	at org.springframework.web.servlet.mvc.method.AbstractHandlerMethodAdapter.handle(AbstractHandlerMethodAdapter.java:87) ~[spring-webmvc-6.1.2.jar:6.1.2]
	at org.springframework.web.servlet.DispatcherServlet.doDispatch(DispatcherServlet.java:1089) ~[spring-webmvc-6.1.2.jar:6.1.2]
	at org.springframework.web.servlet.DispatcherServlet.doService(DispatcherServlet.java:979) ~[spring-webmvc-6.1.2.jar:6.1.2]
	at org.springframework.web.servlet.FrameworkServlet.processRequest(FrameworkServlet.java:1014) ~[spring-webmvc-6.1.2.jar:6.1.2]
	... 101 common frames omitted

2024-01-19T12:21:33.323+08:00 ERROR 18463 --- [Test] [http-nio-8080-exec-4] o.a.coyote.http11.Http11NioProtocol      : Error reading request, ignored

java.lang.IllegalStateException: Calling [asyncPostProcess()] is not valid for a request with Async state [MUST_ERROR]
	at org.apache.coyote.AsyncStateMachine.asyncPostProcess(AsyncStateMachine.java:302) ~[tomcat-embed-core-10.1.17.jar:10.1.17]
	at org.apache.coyote.AbstractProcessor.asyncPostProcess(AbstractProcessor.java:197) ~[tomcat-embed-core-10.1.17.jar:10.1.17]
	at org.apache.coyote.AbstractProcessorLight.process(AbstractProcessorLight.java:78) ~[tomcat-embed-core-10.1.17.jar:10.1.17]
	at org.apache.coyote.AbstractProtocol$ConnectionHandler.process(AbstractProtocol.java:896) ~[tomcat-embed-core-10.1.17.jar:10.1.17]
	at org.apache.tomcat.util.net.NioEndpoint$SocketProcessor.doRun(NioEndpoint.java:1744) ~[tomcat-embed-core-10.1.17.jar:10.1.17]
	at org.apache.tomcat.util.net.SocketProcessorBase.run(SocketProcessorBase.java:52) ~[tomcat-embed-core-10.1.17.jar:10.1.17]
	at org.apache.tomcat.util.threads.ThreadPoolExecutor.runWorker(ThreadPoolExecutor.java:1191) ~[tomcat-embed-core-10.1.17.jar:10.1.17]
	at org.apache.tomcat.util.threads.ThreadPoolExecutor$Worker.run(ThreadPoolExecutor.java:659) ~[tomcat-embed-core-10.1.17.jar:10.1.17]
	at org.apache.tomcat.util.threads.TaskThread$WrappingRunnable.run(TaskThread.java:61) ~[tomcat-embed-core-10.1.17.jar:10.1.17]
	at java.base/java.lang.Thread.run(Thread.java:1623) ~[na:na]

2024-01-19T12:21:33.323+08:00  INFO 18463 --- [Test] [http-nio-8080-exec-4] o.a.catalina.connector.CoyoteAdapter     : Encountered a non-recycled request and recycled it forcedly.

org.apache.catalina.connector.CoyoteAdapter$RecycleRequiredException: null
	at org.apache.catalina.connector.CoyoteAdapter.checkRecycled(CoyoteAdapter.java:518) ~[tomcat-embed-core-10.1.17.jar:10.1.17]
	at org.apache.coyote.http11.Http11Processor.recycle(Http11Processor.java:1416) ~[tomcat-embed-core-10.1.17.jar:10.1.17]
	at org.apache.coyote.AbstractProtocol$ConnectionHandler.release(AbstractProtocol.java:1085) ~[tomcat-embed-core-10.1.17.jar:10.1.17]
	at org.apache.coyote.AbstractProtocol$ConnectionHandler.process(AbstractProtocol.java:1060) ~[tomcat-embed-core-10.1.17.jar:10.1.17]
	at org.apache.tomcat.util.net.NioEndpoint$SocketProcessor.doRun(NioEndpoint.java:1744) ~[tomcat-embed-core-10.1.17.jar:10.1.17]
	at org.apache.tomcat.util.net.SocketProcessorBase.run(SocketProcessorBase.java:52) ~[tomcat-embed-core-10.1.17.jar:10.1.17]
	at org.apache.tomcat.util.threads.ThreadPoolExecutor.runWorker(ThreadPoolExecutor.java:1191) ~[tomcat-embed-core-10.1.17.jar:10.1.17]
	at org.apache.tomcat.util.threads.ThreadPoolExecutor$Worker.run(ThreadPoolExecutor.java:659) ~[tomcat-embed-core-10.1.17.jar:10.1.17]
	at org.apache.tomcat.util.threads.TaskThread$WrappingRunnable.run(TaskThread.java:61) ~[tomcat-embed-core-10.1.17.jar:10.1.17]
	at java.base/java.lang.Thread.run(Thread.java:1623) ~[na:na]

2024-01-19T12:21:33.324+08:00 ERROR 18463 --- [Test] [http-nio-8080-exec-4] org.apache.tomcat.util.net.NioEndpoint   : Error running socket processor

java.lang.NullPointerException: Cannot invoke "org.apache.tomcat.util.http.MimeHeaderField.recycle()" because "this.headers[i]" is null
	at org.apache.tomcat.util.http.MimeHeaders.recycle(MimeHeaders.java:122) ~[tomcat-embed-core-10.1.17.jar:10.1.17]
	at org.apache.coyote.Response.recycle(Response.java:636) ~[tomcat-embed-core-10.1.17.jar:10.1.17]
	at org.apache.coyote.http11.Http11OutputBuffer.nextRequest(Http11OutputBuffer.java:271) ~[tomcat-embed-core-10.1.17.jar:10.1.17]
	at org.apache.coyote.http11.Http11OutputBuffer.recycle(Http11OutputBuffer.java:256) ~[tomcat-embed-core-10.1.17.jar:10.1.17]
	at org.apache.coyote.http11.Http11Processor.recycle(Http11Processor.java:1419) ~[tomcat-embed-core-10.1.17.jar:10.1.17]
	at org.apache.coyote.AbstractProtocol$ConnectionHandler.release(AbstractProtocol.java:1085) ~[tomcat-embed-core-10.1.17.jar:10.1.17]
	at org.apache.coyote.AbstractProtocol$ConnectionHandler.process(AbstractProtocol.java:1060) ~[tomcat-embed-core-10.1.17.jar:10.1.17]
	at org.apache.tomcat.util.net.NioEndpoint$SocketProcessor.doRun(NioEndpoint.java:1744) ~[tomcat-embed-core-10.1.17.jar:10.1.17]
	at org.apache.tomcat.util.net.SocketProcessorBase.run(SocketProcessorBase.java:52) ~[tomcat-embed-core-10.1.17.jar:10.1.17]
	at org.apache.tomcat.util.threads.ThreadPoolExecutor.runWorker(ThreadPoolExecutor.java:1191) ~[tomcat-embed-core-10.1.17.jar:10.1.17]
	at org.apache.tomcat.util.threads.ThreadPoolExecutor$Worker.run(ThreadPoolExecutor.java:659) ~[tomcat-embed-core-10.1.17.jar:10.1.17]
	at org.apache.tomcat.util.threads.TaskThread$WrappingRunnable.run(TaskThread.java:61) ~[tomcat-embed-core-10.1.17.jar:10.1.17]
	at java.base/java.lang.Thread.run(Thread.java:1623) ~[na:na]

2024-01-19T12:22:52.768+08:00  INFO 18500 --- [Test] [main] c.example.adminsys.AdminsysApplication   : Starting AdminsysApplication using Java 20 with PID 18500 (/Users/clarec/Documents/GitHub/SIMENS-SDE-Intern/adminsys/target/classes started by clarec in /Users/clarec/Documents/GitHub/SIMENS-SDE-Intern)
2024-01-19T12:22:52.770+08:00  INFO 18500 --- [Test] [main] c.example.adminsys.AdminsysApplication   : No active profile set, falling back to 1 default profile: "default"
2024-01-19T12:22:53.266+08:00  INFO 18500 --- [Test] [main] o.s.b.w.embedded.tomcat.TomcatWebServer  : Tomcat initialized with port 8080 (http)
2024-01-19T12:22:53.271+08:00  INFO 18500 --- [Test] [main] o.apache.catalina.core.StandardService   : Starting service [Tomcat]
2024-01-19T12:22:53.271+08:00  INFO 18500 --- [Test] [main] o.apache.catalina.core.StandardEngine    : Starting Servlet engine: [Apache Tomcat/10.1.17]
2024-01-19T12:22:53.287+08:00  INFO 18500 --- [Test] [main] o.a.c.c.C.[Tomcat].[localhost].[/]       : Initializing Spring embedded WebApplicationContext
2024-01-19T12:22:53.287+08:00  INFO 18500 --- [Test] [main] w.s.c.ServletWebServerApplicationContext : Root WebApplicationContext: initialization completed in 500 ms
2024-01-19T12:22:53.369+08:00  WARN 18500 --- [Test] [main] .s.s.UserDetailsServiceAutoConfiguration : 

Using generated security password: e8512626-ece2-456e-87ed-27af1e7d9248

This generated password is for development use only. Your security configuration must be updated before running your application in production.

2024-01-19T12:22:53.502+08:00  INFO 18500 --- [Test] [main] o.s.b.a.e.web.EndpointLinksResolver      : Exposing 14 endpoint(s) beneath base path '/actuator'
2024-01-19T12:22:53.509+08:00  INFO 18500 --- [Test] [main] o.s.s.web.DefaultSecurityFilterChain     : Will secure any request with [org.springframework.security.web.session.DisableEncodeUrlFilter@74123110, org.springframework.security.web.context.request.async.WebAsyncManagerIntegrationFilter@5ed0b4e3, org.springframework.security.web.context.SecurityContextHolderFilter@7a388990, org.springframework.security.web.header.HeaderWriterFilter@21390938, org.springframework.web.filter.CorsFilter@79ab97fd, org.springframework.security.web.authentication.logout.LogoutFilter@55846997, org.springframework.security.web.savedrequest.RequestCacheAwareFilter@4e4162bc, org.springframework.security.web.servletapi.SecurityContextHolderAwareRequestFilter@4c319d52, org.springframework.security.web.authentication.AnonymousAuthenticationFilter@3a9b41a0, org.springframework.security.web.access.ExceptionTranslationFilter@5bda157e, org.springframework.security.web.access.intercept.AuthorizationFilter@2d70f312]
2024-01-19T12:22:53.591+08:00  WARN 18500 --- [Test] [main] ion$DefaultTemplateResolverConfiguration : Cannot find template location: classpath:/templates/ (please add some templates, check your Thymeleaf configuration, or set spring.thymeleaf.check-template-location=false)
2024-01-19T12:22:55.143+08:00  INFO 18500 --- [Test] [main] o.s.b.w.embedded.tomcat.TomcatWebServer  : Tomcat started on port 8080 (http) with context path ''
2024-01-19T12:22:55.155+08:00  INFO 18500 --- [Test] [main] c.example.adminsys.AdminsysApplication   : Started AdminsysApplication in 2.554 seconds (process running for 2.827)
2024-01-19T12:22:55.764+08:00  INFO 18500 --- [Test] [RMI TCP Connection(3)-192.168.100.109] o.a.c.c.C.[Tomcat].[localhost].[/]       : Initializing Spring DispatcherServlet 'dispatcherServlet'
2024-01-19T12:22:55.764+08:00  INFO 18500 --- [Test] [RMI TCP Connection(3)-192.168.100.109] o.s.web.servlet.DispatcherServlet        : Initializing Servlet 'dispatcherServlet'
2024-01-19T12:22:55.765+08:00  INFO 18500 --- [Test] [RMI TCP Connection(3)-192.168.100.109] o.s.web.servlet.DispatcherServlet        : Completed initialization in 1 ms
2024-01-19T12:23:35.819+08:00  INFO 18537 --- [Test] [main] c.example.adminsys.AdminsysApplication   : Starting AdminsysApplication using Java 20 with PID 18537 (/Users/clarec/Documents/GitHub/SIMENS-SDE-Intern/adminsys/target/classes started by clarec in /Users/clarec/Documents/GitHub/SIMENS-SDE-Intern)
2024-01-19T12:23:35.821+08:00  INFO 18537 --- [Test] [main] c.example.adminsys.AdminsysApplication   : No active profile set, falling back to 1 default profile: "default"
2024-01-19T12:23:36.441+08:00  INFO 18537 --- [Test] [main] o.s.b.w.embedded.tomcat.TomcatWebServer  : Tomcat initialized with port 8080 (http)
2024-01-19T12:23:36.447+08:00  INFO 18537 --- [Test] [main] o.apache.catalina.core.StandardService   : Starting service [Tomcat]
2024-01-19T12:23:36.447+08:00  INFO 18537 --- [Test] [main] o.apache.catalina.core.StandardEngine    : Starting Servlet engine: [Apache Tomcat/10.1.17]
2024-01-19T12:23:36.463+08:00  INFO 18537 --- [Test] [main] o.a.c.c.C.[Tomcat].[localhost].[/]       : Initializing Spring embedded WebApplicationContext
2024-01-19T12:23:36.463+08:00  INFO 18537 --- [Test] [main] w.s.c.ServletWebServerApplicationContext : Root WebApplicationContext: initialization completed in 612 ms
2024-01-19T12:23:36.542+08:00  WARN 18537 --- [Test] [main] .s.s.UserDetailsServiceAutoConfiguration : 

Using generated security password: 10f1a8eb-7b90-45c7-91a5-40c98d793f5b

This generated password is for development use only. Your security configuration must be updated before running your application in production.

2024-01-19T12:23:36.668+08:00  INFO 18537 --- [Test] [main] o.s.b.a.e.web.EndpointLinksResolver      : Exposing 14 endpoint(s) beneath base path '/actuator'
2024-01-19T12:23:36.675+08:00  INFO 18537 --- [Test] [main] o.s.s.web.DefaultSecurityFilterChain     : Will secure any request with [org.springframework.security.web.session.DisableEncodeUrlFilter@1537c744, org.springframework.security.web.context.request.async.WebAsyncManagerIntegrationFilter@37314843, org.springframework.security.web.context.SecurityContextHolderFilter@7926352f, org.springframework.security.web.header.HeaderWriterFilter@fb5aeed, org.springframework.web.filter.CorsFilter@50122012, org.springframework.security.web.authentication.logout.LogoutFilter@89caf47, org.springframework.security.web.savedrequest.RequestCacheAwareFilter@61037caf, org.springframework.security.web.servletapi.SecurityContextHolderAwareRequestFilter@2fc49538, org.springframework.security.web.authentication.AnonymousAuthenticationFilter@569348e1, org.springframework.security.web.access.ExceptionTranslationFilter@74960e9d, org.springframework.security.web.access.intercept.AuthorizationFilter@6568f998]
2024-01-19T12:23:36.753+08:00  WARN 18537 --- [Test] [main] ion$DefaultTemplateResolverConfiguration : Cannot find template location: classpath:/templates/ (please add some templates, check your Thymeleaf configuration, or set spring.thymeleaf.check-template-location=false)
2024-01-19T12:23:37.774+08:00  INFO 18537 --- [Test] [main] o.s.b.w.embedded.tomcat.TomcatWebServer  : Tomcat started on port 8080 (http) with context path ''
2024-01-19T12:23:37.783+08:00  INFO 18537 --- [Test] [main] c.example.adminsys.AdminsysApplication   : Started AdminsysApplication in 2.23 seconds (process running for 2.689)
2024-01-19T12:23:37.839+08:00  INFO 18537 --- [Test] [RMI TCP Connection(3)-192.168.100.109] o.a.c.c.C.[Tomcat].[localhost].[/]       : Initializing Spring DispatcherServlet 'dispatcherServlet'
2024-01-19T12:23:37.839+08:00  INFO 18537 --- [Test] [RMI TCP Connection(3)-192.168.100.109] o.s.web.servlet.DispatcherServlet        : Initializing Servlet 'dispatcherServlet'
2024-01-19T12:23:37.840+08:00  INFO 18537 --- [Test] [RMI TCP Connection(3)-192.168.100.109] o.s.web.servlet.DispatcherServlet        : Completed initialization in 1 ms
2024-01-19T12:24:25.547+08:00  INFO 18577 --- [Test] [main] c.example.adminsys.AdminsysApplication   : Starting AdminsysApplication using Java 20 with PID 18577 (/Users/clarec/Documents/GitHub/SIMENS-SDE-Intern/adminsys/target/classes started by clarec in /Users/clarec/Documents/GitHub/SIMENS-SDE-Intern)
2024-01-19T12:24:25.548+08:00  INFO 18577 --- [Test] [main] c.example.adminsys.AdminsysApplication   : No active profile set, falling back to 1 default profile: "default"
2024-01-19T12:24:26.056+08:00  INFO 18577 --- [Test] [main] o.s.b.w.embedded.tomcat.TomcatWebServer  : Tomcat initialized with port 8080 (http)
2024-01-19T12:24:26.060+08:00  INFO 18577 --- [Test] [main] o.apache.catalina.core.StandardService   : Starting service [Tomcat]
2024-01-19T12:24:26.061+08:00  INFO 18577 --- [Test] [main] o.apache.catalina.core.StandardEngine    : Starting Servlet engine: [Apache Tomcat/10.1.17]
2024-01-19T12:24:26.077+08:00  INFO 18577 --- [Test] [main] o.a.c.c.C.[Tomcat].[localhost].[/]       : Initializing Spring embedded WebApplicationContext
2024-01-19T12:24:26.077+08:00  INFO 18577 --- [Test] [main] w.s.c.ServletWebServerApplicationContext : Root WebApplicationContext: initialization completed in 506 ms
2024-01-19T12:24:26.155+08:00  WARN 18577 --- [Test] [main] .s.s.UserDetailsServiceAutoConfiguration : 

Using generated security password: b84f8824-9e21-42df-9d98-0cefe309cd45

This generated password is for development use only. Your security configuration must be updated before running your application in production.

2024-01-19T12:24:26.284+08:00  INFO 18577 --- [Test] [main] o.s.b.a.e.web.EndpointLinksResolver      : Exposing 14 endpoint(s) beneath base path '/actuator'
2024-01-19T12:24:26.291+08:00  INFO 18577 --- [Test] [main] o.s.s.web.DefaultSecurityFilterChain     : Will secure any request with [org.springframework.security.web.session.DisableEncodeUrlFilter@7a358613, org.springframework.security.web.context.request.async.WebAsyncManagerIntegrationFilter@760f1081, org.springframework.security.web.context.SecurityContextHolderFilter@7c7e73c5, org.springframework.security.web.header.HeaderWriterFilter@3a0aaaf0, org.springframework.web.filter.CorsFilter@52621501, org.springframework.security.web.authentication.logout.LogoutFilter@5e599100, org.springframework.security.web.savedrequest.RequestCacheAwareFilter@58687fb7, org.springframework.security.web.servletapi.SecurityContextHolderAwareRequestFilter@3554bdc0, org.springframework.security.web.authentication.AnonymousAuthenticationFilter@401e02b4, org.springframework.security.web.access.ExceptionTranslationFilter@15214920, org.springframework.security.web.access.intercept.AuthorizationFilter@478967eb]
2024-01-19T12:24:26.375+08:00  WARN 18577 --- [Test] [main] ion$DefaultTemplateResolverConfiguration : Cannot find template location: classpath:/templates/ (please add some templates, check your Thymeleaf configuration, or set spring.thymeleaf.check-template-location=false)
2024-01-19T12:24:27.853+08:00  INFO 18577 --- [Test] [main] o.s.b.w.embedded.tomcat.TomcatWebServer  : Tomcat started on port 8080 (http) with context path ''
2024-01-19T12:24:27.861+08:00  INFO 18577 --- [Test] [main] c.example.adminsys.AdminsysApplication   : Started AdminsysApplication in 2.5 seconds (process running for 2.73)
2024-01-19T12:24:28.410+08:00  INFO 18577 --- [Test] [RMI TCP Connection(2)-192.168.100.109] o.a.c.c.C.[Tomcat].[localhost].[/]       : Initializing Spring DispatcherServlet 'dispatcherServlet'
2024-01-19T12:24:28.410+08:00  INFO 18577 --- [Test] [RMI TCP Connection(2)-192.168.100.109] o.s.web.servlet.DispatcherServlet        : Initializing Servlet 'dispatcherServlet'
2024-01-19T12:24:28.411+08:00  INFO 18577 --- [Test] [RMI TCP Connection(2)-192.168.100.109] o.s.web.servlet.DispatcherServlet        : Completed initialization in 1 ms
2024-01-19T17:42:31.145+08:00  INFO 23357 --- [Test] [main] c.example.adminsys.AdminsysApplication   : Starting AdminsysApplication using Java 20 with PID 23357 (/Users/clarec/Documents/GitHub/SIMENS-SDE-Intern/adminsys/target/classes started by clarec in /Users/clarec/Documents/GitHub/SIMENS-SDE-Intern)
2024-01-19T17:42:31.147+08:00  INFO 23357 --- [Test] [main] c.example.adminsys.AdminsysApplication   : No active profile set, falling back to 1 default profile: "default"
2024-01-19T17:42:31.951+08:00  INFO 23357 --- [Test] [main] o.s.b.w.embedded.tomcat.TomcatWebServer  : Tomcat initialized with port 8080 (http)
2024-01-19T17:42:31.958+08:00  INFO 23357 --- [Test] [main] o.apache.catalina.core.StandardService   : Starting service [Tomcat]
2024-01-19T17:42:31.958+08:00  INFO 23357 --- [Test] [main] o.apache.catalina.core.StandardEngine    : Starting Servlet engine: [Apache Tomcat/10.1.17]
2024-01-19T17:42:31.984+08:00  INFO 23357 --- [Test] [main] o.a.c.c.C.[Tomcat].[localhost].[/]       : Initializing Spring embedded WebApplicationContext
2024-01-19T17:42:31.985+08:00  INFO 23357 --- [Test] [main] w.s.c.ServletWebServerApplicationContext : Root WebApplicationContext: initialization completed in 817 ms
2024-01-19T17:42:32.123+08:00  WARN 23357 --- [Test] [main] .s.s.UserDetailsServiceAutoConfiguration : 

Using generated security password: 3956e530-0098-487c-8148-2625d8ebf474

This generated password is for development use only. Your security configuration must be updated before running your application in production.

2024-01-19T17:42:32.350+08:00  INFO 23357 --- [Test] [main] o.s.b.a.e.web.EndpointLinksResolver      : Exposing 14 endpoint(s) beneath base path '/actuator'
2024-01-19T17:42:32.361+08:00  INFO 23357 --- [Test] [main] o.s.s.web.DefaultSecurityFilterChain     : Will secure any request with [org.springframework.security.web.session.DisableEncodeUrlFilter@3111631d, org.springframework.security.web.context.request.async.WebAsyncManagerIntegrationFilter@2d70f312, org.springframework.security.web.context.SecurityContextHolderFilter@1a531422, org.springframework.security.web.header.HeaderWriterFilter@67e0fd6d, org.springframework.web.filter.CorsFilter@4c7d7430, org.springframework.security.web.authentication.logout.LogoutFilter@36ad229b, org.springframework.security.web.savedrequest.RequestCacheAwareFilter@13213f26, org.springframework.security.web.servletapi.SecurityContextHolderAwareRequestFilter@4e4162bc, org.springframework.security.web.authentication.AnonymousAuthenticationFilter@4ea1aa52, org.springframework.security.web.access.ExceptionTranslationFilter@5e5ddfbc, org.springframework.security.web.access.intercept.AuthorizationFilter@26275b46]
2024-01-19T17:42:32.486+08:00  WARN 23357 --- [Test] [main] ion$DefaultTemplateResolverConfiguration : Cannot find template location: classpath:/templates/ (please add some templates, check your Thymeleaf configuration, or set spring.thymeleaf.check-template-location=false)
2024-01-19T17:42:33.068+08:00  INFO 23357 --- [Test] [main] o.s.b.w.embedded.tomcat.TomcatWebServer  : Tomcat started on port 8080 (http) with context path ''
2024-01-19T17:42:33.083+08:00  INFO 23357 --- [Test] [main] c.example.adminsys.AdminsysApplication   : Started AdminsysApplication in 2.215 seconds (process running for 2.627)
2024-01-19T17:42:33.350+08:00  INFO 23357 --- [Test] [RMI TCP Connection(3)-127.0.0.1] o.a.c.c.C.[Tomcat].[localhost].[/]       : Initializing Spring DispatcherServlet 'dispatcherServlet'
2024-01-19T17:42:33.350+08:00  INFO 23357 --- [Test] [RMI TCP Connection(3)-127.0.0.1] o.s.web.servlet.DispatcherServlet        : Initializing Servlet 'dispatcherServlet'
2024-01-19T17:42:33.351+08:00  INFO 23357 --- [Test] [RMI TCP Connection(3)-127.0.0.1] o.s.web.servlet.DispatcherServlet        : Completed initialization in 1 ms
2024-01-19T17:43:08.538+08:00  INFO 23411 --- [Test] [main] c.example.adminsys.AdminsysApplication   : Starting AdminsysApplication using Java 20 with PID 23411 (/Users/clarec/Documents/GitHub/SIMENS-SDE-Intern/adminsys/target/classes started by clarec in /Users/clarec/Documents/GitHub/SIMENS-SDE-Intern)
2024-01-19T17:43:08.539+08:00  INFO 23411 --- [Test] [main] c.example.adminsys.AdminsysApplication   : No active profile set, falling back to 1 default profile: "default"
2024-01-19T17:43:09.335+08:00  INFO 23411 --- [Test] [main] o.s.b.w.embedded.tomcat.TomcatWebServer  : Tomcat initialized with port 8080 (http)
2024-01-19T17:43:09.342+08:00  INFO 23411 --- [Test] [main] o.apache.catalina.core.StandardService   : Starting service [Tomcat]
2024-01-19T17:43:09.342+08:00  INFO 23411 --- [Test] [main] o.apache.catalina.core.StandardEngine    : Starting Servlet engine: [Apache Tomcat/10.1.17]
2024-01-19T17:43:09.368+08:00  INFO 23411 --- [Test] [main] o.a.c.c.C.[Tomcat].[localhost].[/]       : Initializing Spring embedded WebApplicationContext
2024-01-19T17:43:09.368+08:00  INFO 23411 --- [Test] [main] w.s.c.ServletWebServerApplicationContext : Root WebApplicationContext: initialization completed in 805 ms
2024-01-19T17:43:09.501+08:00  WARN 23411 --- [Test] [main] .s.s.UserDetailsServiceAutoConfiguration : 

Using generated security password: 874edc66-9817-445d-aaf6-068b85078050

This generated password is for development use only. Your security configuration must be updated before running your application in production.

2024-01-19T17:43:09.736+08:00  INFO 23411 --- [Test] [main] o.s.b.a.e.web.EndpointLinksResolver      : Exposing 14 endpoint(s) beneath base path '/actuator'
2024-01-19T17:43:09.746+08:00  INFO 23411 --- [Test] [main] o.s.s.web.DefaultSecurityFilterChain     : Will secure any request with [org.springframework.security.web.session.DisableEncodeUrlFilter@74fb5b59, org.springframework.security.web.context.request.async.WebAsyncManagerIntegrationFilter@130a6eb9, org.springframework.security.web.context.SecurityContextHolderFilter@168142da, org.springframework.security.web.header.HeaderWriterFilter@55846997, org.springframework.web.filter.CorsFilter@722531ab, org.springframework.security.web.authentication.logout.LogoutFilter@78c262ba, org.springframework.security.web.savedrequest.RequestCacheAwareFilter@47a4eee2, org.springframework.security.web.servletapi.SecurityContextHolderAwareRequestFilter@36f6e521, org.springframework.security.web.authentication.AnonymousAuthenticationFilter@8f57e4c, org.springframework.security.web.access.ExceptionTranslationFilter@224c7de4, org.springframework.security.web.access.intercept.AuthorizationFilter@22f8adc2]
2024-01-19T17:43:09.869+08:00  WARN 23411 --- [Test] [main] ion$DefaultTemplateResolverConfiguration : Cannot find template location: classpath:/templates/ (please add some templates, check your Thymeleaf configuration, or set spring.thymeleaf.check-template-location=false)
2024-01-19T17:43:10.454+08:00  INFO 23411 --- [Test] [main] o.s.b.w.embedded.tomcat.TomcatWebServer  : Tomcat started on port 8080 (http) with context path ''
2024-01-19T17:43:10.469+08:00  INFO 23411 --- [Test] [main] c.example.adminsys.AdminsysApplication   : Started AdminsysApplication in 2.174 seconds (process running for 2.608)
2024-01-19T17:43:10.520+08:00  WARN 23411 --- [Test] [registrationTask1] d.c.b.a.c.r.ApplicationRegistrator       : Failed to register application as Application(name=Test, managementUrl=http://localhost:8080/actuator, healthUrl=http://localhost:8080/actuator/health, serviceUrl=http://localhost:8080/) at spring-boot-admin ([http://localhost:8090/instances]): I/O error on POST request for "http://localhost:8090/instances": Connect to http://localhost:8090 [localhost/127.0.0.1, localhost/0:0:0:0:0:0:0:1] failed: Connection refused. Further attempts are logged on DEBUG level
2024-01-19T17:43:10.660+08:00  INFO 23411 --- [Test] [RMI TCP Connection(2)-127.0.0.1] o.a.c.c.C.[Tomcat].[localhost].[/]       : Initializing Spring DispatcherServlet 'dispatcherServlet'
2024-01-19T17:43:10.660+08:00  INFO 23411 --- [Test] [RMI TCP Connection(2)-127.0.0.1] o.s.web.servlet.DispatcherServlet        : Initializing Servlet 'dispatcherServlet'
2024-01-19T17:43:10.662+08:00  INFO 23411 --- [Test] [RMI TCP Connection(2)-127.0.0.1] o.s.web.servlet.DispatcherServlet        : Completed initialization in 2 ms
2024-01-19T18:16:16.425+08:00  INFO 23946 --- [Test] [main] com.example.adminsys.ClientApplication   : Starting ClientApplication using Java 20 with PID 23946 (/Users/clarec/Documents/GitHub/SIMENS-SDE-Intern/adminsys/target/classes started by clarec in /Users/clarec/Documents/GitHub/SIMENS-SDE-Intern)
2024-01-19T18:16:16.426+08:00  INFO 23946 --- [Test] [main] com.example.adminsys.ClientApplication   : No active profile set, falling back to 1 default profile: "default"
2024-01-19T18:16:16.949+08:00  INFO 23946 --- [Test] [main] o.s.b.w.embedded.tomcat.TomcatWebServer  : Tomcat initialized with port 8080 (http)
2024-01-19T18:16:16.954+08:00  INFO 23946 --- [Test] [main] o.apache.catalina.core.StandardService   : Starting service [Tomcat]
2024-01-19T18:16:16.954+08:00  INFO 23946 --- [Test] [main] o.apache.catalina.core.StandardEngine    : Starting Servlet engine: [Apache Tomcat/10.1.17]
2024-01-19T18:16:16.971+08:00  INFO 23946 --- [Test] [main] o.a.c.c.C.[Tomcat].[localhost].[/]       : Initializing Spring embedded WebApplicationContext
2024-01-19T18:16:16.971+08:00  INFO 23946 --- [Test] [main] w.s.c.ServletWebServerApplicationContext : Root WebApplicationContext: initialization completed in 530 ms
2024-01-19T18:16:17.053+08:00  WARN 23946 --- [Test] [main] .s.s.UserDetailsServiceAutoConfiguration : 

Using generated security password: b5584bfd-749d-4361-93fe-693bbe6e06af

This generated password is for development use only. Your security configuration must be updated before running your application in production.

2024-01-19T18:16:17.185+08:00  INFO 23946 --- [Test] [main] o.s.b.a.e.web.EndpointLinksResolver      : Exposing 14 endpoint(s) beneath base path '/actuator'
2024-01-19T18:16:17.192+08:00  INFO 23946 --- [Test] [main] o.s.s.web.DefaultSecurityFilterChain     : Will secure any request with [org.springframework.security.web.session.DisableEncodeUrlFilter@5d9d2119, org.springframework.security.web.context.request.async.WebAsyncManagerIntegrationFilter@5a4464c5, org.springframework.security.web.context.SecurityContextHolderFilter@6df4af5, org.springframework.security.web.header.HeaderWriterFilter@39832280, org.springframework.web.filter.CorsFilter@7ae590f6, org.springframework.security.web.authentication.logout.LogoutFilter@357f6391, org.springframework.security.web.savedrequest.RequestCacheAwareFilter@5aa76ad2, org.springframework.security.web.servletapi.SecurityContextHolderAwareRequestFilter@590d6c76, org.springframework.security.web.authentication.AnonymousAuthenticationFilter@7ab63838, org.springframework.security.web.access.ExceptionTranslationFilter@41def031, org.springframework.security.web.access.intercept.AuthorizationFilter@681de87f]
2024-01-19T18:16:17.279+08:00  WARN 23946 --- [Test] [main] ion$DefaultTemplateResolverConfiguration : Cannot find template location: classpath:/templates/ (please add some templates, check your Thymeleaf configuration, or set spring.thymeleaf.check-template-location=false)
2024-01-19T18:16:18.868+08:00  INFO 23946 --- [Test] [main] o.s.b.w.embedded.tomcat.TomcatWebServer  : Tomcat started on port 8080 (http) with context path ''
2024-01-19T18:16:18.878+08:00  INFO 23946 --- [Test] [main] com.example.adminsys.ClientApplication   : Started ClientApplication in 2.604 seconds (process running for 3.153)
2024-01-19T18:16:18.930+08:00  WARN 23946 --- [Test] [registrationTask1] d.c.b.a.c.r.ApplicationRegistrator       : Failed to register application as Application(name=Test, managementUrl=http://192.168.100.109:8080/actuator, healthUrl=http://192.168.100.109:8080/actuator/health, serviceUrl=http://192.168.100.109:8080/) at spring-boot-admin ([http://localhost:8090/instances]): I/O error on POST request for "http://localhost:8090/instances": Connect to http://localhost:8090 [localhost/127.0.0.1, localhost/0:0:0:0:0:0:0:1] failed: Connection refused. Further attempts are logged on DEBUG level
2024-01-19T18:16:19.192+08:00  INFO 23946 --- [Test] [RMI TCP Connection(3)-192.168.100.109] o.a.c.c.C.[Tomcat].[localhost].[/]       : Initializing Spring DispatcherServlet 'dispatcherServlet'
2024-01-19T18:16:19.192+08:00  INFO 23946 --- [Test] [RMI TCP Connection(3)-192.168.100.109] o.s.web.servlet.DispatcherServlet        : Initializing Servlet 'dispatcherServlet'
2024-01-19T18:16:19.193+08:00  INFO 23946 --- [Test] [RMI TCP Connection(3)-192.168.100.109] o.s.web.servlet.DispatcherServlet        : Completed initialization in 1 ms
2024-01-19T18:17:02.227+08:00  WARN 23946 --- [Test] [http-nio-8080-exec-7] .w.s.m.s.DefaultHandlerExceptionResolver : Resolved [org.springframework.web.HttpRequestMethodNotSupportedException: Request method 'POST' is not supported]
2024-01-19T18:21:26.046+08:00  INFO 24184 --- [Test] [main] c.example.adminsys.AdminsysApplication   : Starting AdminsysApplication using Java 20 with PID 24184 (/Users/clarec/Documents/GitHub/SIMENS-SDE-Intern/adminsys/target/classes started by clarec in /Users/clarec/Documents/GitHub/SIMENS-SDE-Intern)
2024-01-19T18:21:26.048+08:00  INFO 24184 --- [Test] [main] c.example.adminsys.AdminsysApplication   : No active profile set, falling back to 1 default profile: "default"
2024-01-19T18:21:26.598+08:00  INFO 24184 --- [Test] [main] o.s.b.w.embedded.tomcat.TomcatWebServer  : Tomcat initialized with port 8080 (http)
2024-01-19T18:21:26.602+08:00  INFO 24184 --- [Test] [main] o.apache.catalina.core.StandardService   : Starting service [Tomcat]
2024-01-19T18:21:26.602+08:00  INFO 24184 --- [Test] [main] o.apache.catalina.core.StandardEngine    : Starting Servlet engine: [Apache Tomcat/10.1.17]
2024-01-19T18:21:26.618+08:00  INFO 24184 --- [Test] [main] o.a.c.c.C.[Tomcat].[localhost].[/]       : Initializing Spring embedded WebApplicationContext
2024-01-19T18:21:26.618+08:00  INFO 24184 --- [Test] [main] w.s.c.ServletWebServerApplicationContext : Root WebApplicationContext: initialization completed in 555 ms
2024-01-19T18:21:26.702+08:00  WARN 24184 --- [Test] [main] .s.s.UserDetailsServiceAutoConfiguration : 

Using generated security password: 14b56886-a973-431d-ab2e-f30425113cdb

This generated password is for development use only. Your security configuration must be updated before running your application in production.

2024-01-19T18:21:26.838+08:00  INFO 24184 --- [Test] [main] o.s.b.a.e.web.EndpointLinksResolver      : Exposing 14 endpoint(s) beneath base path '/actuator'
2024-01-19T18:21:26.844+08:00  INFO 24184 --- [Test] [main] o.s.s.web.DefaultSecurityFilterChain     : Will secure any request with [org.springframework.security.web.session.DisableEncodeUrlFilter@6afbe6a1, org.springframework.security.web.context.request.async.WebAsyncManagerIntegrationFilter@14457a95, org.springframework.security.web.context.SecurityContextHolderFilter@12fcb2c3, org.springframework.security.web.header.HeaderWriterFilter@7436364d, org.springframework.web.filter.CorsFilter@48567727, org.springframework.security.web.authentication.logout.LogoutFilter@7d1c164a, org.springframework.security.web.savedrequest.RequestCacheAwareFilter@39ab5ef7, org.springframework.security.web.servletapi.SecurityContextHolderAwareRequestFilter@517704, org.springframework.security.web.authentication.AnonymousAuthenticationFilter@10e9a5fe, org.springframework.security.web.access.ExceptionTranslationFilter@4026461d, org.springframework.security.web.access.intercept.AuthorizationFilter@164d01ba]
2024-01-19T18:21:26.926+08:00  WARN 24184 --- [Test] [main] ion$DefaultTemplateResolverConfiguration : Cannot find template location: classpath:/templates/ (please add some templates, check your Thymeleaf configuration, or set spring.thymeleaf.check-template-location=false)
2024-01-19T18:21:28.423+08:00  INFO 24184 --- [Test] [main] o.s.b.w.embedded.tomcat.TomcatWebServer  : Tomcat started on port 8080 (http) with context path ''
2024-01-19T18:21:28.432+08:00  INFO 24184 --- [Test] [main] c.example.adminsys.AdminsysApplication   : Started AdminsysApplication in 2.587 seconds (process running for 2.921)
2024-01-19T18:21:28.535+08:00  WARN 24184 --- [Test] [registrationTask1] d.c.b.a.c.r.ApplicationRegistrator       : Failed to register application as Application(name=Test, managementUrl=http://192.168.100.109:8080/actuator, healthUrl=http://192.168.100.109:8080/actuator/health, serviceUrl=http://192.168.100.109:8080/) at spring-boot-admin ([http://localhost:8090/instances]): 401 : [no body]. Further attempts are logged on DEBUG level
2024-01-19T18:21:28.804+08:00  INFO 24184 --- [Test] [RMI TCP Connection(5)-192.168.100.109] o.a.c.c.C.[Tomcat].[localhost].[/]       : Initializing Spring DispatcherServlet 'dispatcherServlet'
2024-01-19T18:21:28.804+08:00  INFO 24184 --- [Test] [RMI TCP Connection(5)-192.168.100.109] o.s.web.servlet.DispatcherServlet        : Initializing Servlet 'dispatcherServlet'
2024-01-19T18:21:28.805+08:00  INFO 24184 --- [Test] [RMI TCP Connection(5)-192.168.100.109] o.s.web.servlet.DispatcherServlet        : Completed initialization in 1 ms
2024-01-19T18:24:01.337+08:00  INFO 24315 --- [Test] [main] c.example.adminsys.AdminsysApplication   : Starting AdminsysApplication using Java 20 with PID 24315 (/Users/clarec/Documents/GitHub/SIMENS-SDE-Intern/adminsys/target/classes started by clarec in /Users/clarec/Documents/GitHub/SIMENS-SDE-Intern)
2024-01-19T18:24:01.339+08:00  INFO 24315 --- [Test] [main] c.example.adminsys.AdminsysApplication   : No active profile set, falling back to 1 default profile: "default"
2024-01-19T18:24:01.843+08:00  INFO 24315 --- [Test] [main] o.s.b.w.embedded.tomcat.TomcatWebServer  : Tomcat initialized with port 8080 (http)
2024-01-19T18:24:01.847+08:00  INFO 24315 --- [Test] [main] o.apache.catalina.core.StandardService   : Starting service [Tomcat]
2024-01-19T18:24:01.848+08:00  INFO 24315 --- [Test] [main] o.apache.catalina.core.StandardEngine    : Starting Servlet engine: [Apache Tomcat/10.1.17]
2024-01-19T18:24:01.864+08:00  INFO 24315 --- [Test] [main] o.a.c.c.C.[Tomcat].[localhost].[/]       : Initializing Spring embedded WebApplicationContext
2024-01-19T18:24:01.864+08:00  INFO 24315 --- [Test] [main] w.s.c.ServletWebServerApplicationContext : Root WebApplicationContext: initialization completed in 512 ms
2024-01-19T18:24:01.948+08:00  WARN 24315 --- [Test] [main] .s.s.UserDetailsServiceAutoConfiguration : 

Using generated security password: df634ed9-1bfe-46c4-b160-7f71236f9122

This generated password is for development use only. Your security configuration must be updated before running your application in production.

2024-01-19T18:24:02.082+08:00  INFO 24315 --- [Test] [main] o.s.b.a.e.web.EndpointLinksResolver      : Exposing 14 endpoint(s) beneath base path '/actuator'
2024-01-19T18:24:02.089+08:00  INFO 24315 --- [Test] [main] o.s.s.web.DefaultSecurityFilterChain     : Will secure any request with [org.springframework.security.web.session.DisableEncodeUrlFilter@105db94d, org.springframework.security.web.context.request.async.WebAsyncManagerIntegrationFilter@1d99ee1b, org.springframework.security.web.context.SecurityContextHolderFilter@57bd6a8f, org.springframework.security.web.header.HeaderWriterFilter@1a8e9ed9, org.springframework.web.filter.CorsFilter@3915e7c3, org.springframework.security.web.authentication.logout.LogoutFilter@209f3887, org.springframework.security.web.savedrequest.RequestCacheAwareFilter@517704, org.springframework.security.web.servletapi.SecurityContextHolderAwareRequestFilter@77cca767, org.springframework.security.web.authentication.AnonymousAuthenticationFilter@167a21b, org.springframework.security.web.access.ExceptionTranslationFilter@191c6e13, org.springframework.security.web.access.intercept.AuthorizationFilter@716f94c1]
2024-01-19T18:24:02.173+08:00  WARN 24315 --- [Test] [main] ion$DefaultTemplateResolverConfiguration : Cannot find template location: classpath:/templates/ (please add some templates, check your Thymeleaf configuration, or set spring.thymeleaf.check-template-location=false)
2024-01-19T18:24:03.779+08:00  INFO 24315 --- [Test] [main] o.s.b.w.embedded.tomcat.TomcatWebServer  : Tomcat started on port 8080 (http) with context path ''
2024-01-19T18:24:03.788+08:00  INFO 24315 --- [Test] [main] c.example.adminsys.AdminsysApplication   : Started AdminsysApplication in 2.619 seconds (process running for 2.899)
2024-01-19T18:24:03.852+08:00  WARN 24315 --- [Test] [registrationTask1] d.c.b.a.c.r.ApplicationRegistrator       : Failed to register application as Application(name=Test, managementUrl=http://192.168.100.109:8080/actuator, healthUrl=http://192.168.100.109:8080/actuator/health, serviceUrl=http://192.168.100.109:8080/) at spring-boot-admin ([http://localhost:8090/instances]): 401 : [no body]. Further attempts are logged on DEBUG level
2024-01-19T18:24:03.870+08:00  INFO 24315 --- [Test] [http-nio-8080-exec-1] o.a.c.c.C.[Tomcat].[localhost].[/]       : Initializing Spring DispatcherServlet 'dispatcherServlet'
2024-01-19T18:24:03.870+08:00  INFO 24315 --- [Test] [http-nio-8080-exec-1] o.s.web.servlet.DispatcherServlet        : Initializing Servlet 'dispatcherServlet'
2024-01-19T18:24:03.871+08:00  INFO 24315 --- [Test] [http-nio-8080-exec-1] o.s.web.servlet.DispatcherServlet        : Completed initialization in 1 ms
2024-01-19T18:24:43.335+08:00  INFO 24365 --- [Test] [main] c.example.adminsys.AdminsysApplication   : Starting AdminsysApplication using Java 20 with PID 24365 (/Users/clarec/Documents/GitHub/SIMENS-SDE-Intern/adminsys/target/classes started by clarec in /Users/clarec/Documents/GitHub/SIMENS-SDE-Intern)
2024-01-19T18:24:43.337+08:00  INFO 24365 --- [Test] [main] c.example.adminsys.AdminsysApplication   : No active profile set, falling back to 1 default profile: "default"
2024-01-19T18:24:43.843+08:00  INFO 24365 --- [Test] [main] o.s.b.w.embedded.tomcat.TomcatWebServer  : Tomcat initialized with port 8080 (http)
2024-01-19T18:24:43.848+08:00  INFO 24365 --- [Test] [main] o.apache.catalina.core.StandardService   : Starting service [Tomcat]
2024-01-19T18:24:43.848+08:00  INFO 24365 --- [Test] [main] o.apache.catalina.core.StandardEngine    : Starting Servlet engine: [Apache Tomcat/10.1.17]
2024-01-19T18:24:43.877+08:00  INFO 24365 --- [Test] [main] o.a.c.c.C.[Tomcat].[localhost].[/]       : Initializing Spring embedded WebApplicationContext
2024-01-19T18:24:43.878+08:00  INFO 24365 --- [Test] [main] w.s.c.ServletWebServerApplicationContext : Root WebApplicationContext: initialization completed in 522 ms
2024-01-19T18:24:43.962+08:00  WARN 24365 --- [Test] [main] .s.s.UserDetailsServiceAutoConfiguration : 

Using generated security password: 62b2cdee-3042-4562-9da2-63c3d191e2de

This generated password is for development use only. Your security configuration must be updated before running your application in production.

2024-01-19T18:24:44.100+08:00  INFO 24365 --- [Test] [main] o.s.b.a.e.web.EndpointLinksResolver      : Exposing 14 endpoint(s) beneath base path '/actuator'
2024-01-19T18:24:44.107+08:00  INFO 24365 --- [Test] [main] o.s.s.web.DefaultSecurityFilterChain     : Will secure any request with [org.springframework.security.web.session.DisableEncodeUrlFilter@1c74d19, org.springframework.security.web.context.request.async.WebAsyncManagerIntegrationFilter@24197b13, org.springframework.security.web.context.SecurityContextHolderFilter@30922f8d, org.springframework.security.web.header.HeaderWriterFilter@47a4eee2, org.springframework.web.filter.CorsFilter@71b97eeb, org.springframework.security.web.authentication.logout.LogoutFilter@7d2c345d, org.springframework.security.web.savedrequest.RequestCacheAwareFilter@51ff3c4b, org.springframework.security.web.servletapi.SecurityContextHolderAwareRequestFilter@1472208d, org.springframework.security.web.authentication.AnonymousAuthenticationFilter@2776fd8f, org.springframework.security.web.access.ExceptionTranslationFilter@168142da, org.springframework.security.web.access.intercept.AuthorizationFilter@2450256f]
2024-01-19T18:24:44.191+08:00  WARN 24365 --- [Test] [main] ion$DefaultTemplateResolverConfiguration : Cannot find template location: classpath:/templates/ (please add some templates, check your Thymeleaf configuration, or set spring.thymeleaf.check-template-location=false)
2024-01-19T18:24:45.249+08:00  INFO 24365 --- [Test] [main] o.s.b.w.embedded.tomcat.TomcatWebServer  : Tomcat started on port 8080 (http) with context path ''
2024-01-19T18:24:45.258+08:00  INFO 24365 --- [Test] [main] c.example.adminsys.AdminsysApplication   : Started AdminsysApplication in 2.176 seconds (process running for 2.547)
2024-01-19T18:24:45.379+08:00  WARN 24365 --- [Test] [registrationTask1] d.c.b.a.c.r.ApplicationRegistrator       : Failed to register application as Application(name=Test, managementUrl=http://192.168.100.109:8080/actuator, healthUrl=http://192.168.100.109:8080/actuator/health, serviceUrl=http://192.168.100.109:8080/) at spring-boot-admin ([http://localhost:8090/instances]): 404 : "{"timestamp":"2024-01-19T10:24:45.354+00:00","status":404,"error":"Not Found","path":"/instances"}". Further attempts are logged on DEBUG level
2024-01-19T18:24:45.635+08:00  INFO 24365 --- [Test] [RMI TCP Connection(3)-192.168.100.109] o.a.c.c.C.[Tomcat].[localhost].[/]       : Initializing Spring DispatcherServlet 'dispatcherServlet'
2024-01-19T18:24:45.636+08:00  INFO 24365 --- [Test] [RMI TCP Connection(3)-192.168.100.109] o.s.web.servlet.DispatcherServlet        : Initializing Servlet 'dispatcherServlet'
2024-01-19T18:24:45.637+08:00  INFO 24365 --- [Test] [RMI TCP Connection(3)-192.168.100.109] o.s.web.servlet.DispatcherServlet        : Completed initialization in 1 ms
2024-01-19T19:25:18.646+08:00  INFO 26556 --- [Test] [main] c.example.adminsys.AdminsysApplication   : Starting AdminsysApplication using Java 20 with PID 26556 (/Users/clarec/Documents/GitHub/SIMENS-SDE-Intern/adminsys/target/classes started by clarec in /Users/clarec/Documents/GitHub/SIMENS-SDE-Intern)
2024-01-19T19:25:18.648+08:00  INFO 26556 --- [Test] [main] c.example.adminsys.AdminsysApplication   : No active profile set, falling back to 1 default profile: "default"
2024-01-19T19:25:19.192+08:00  INFO 26556 --- [Test] [main] o.s.b.w.embedded.tomcat.TomcatWebServer  : Tomcat initialized with port 8080 (http)
2024-01-19T19:25:19.197+08:00  INFO 26556 --- [Test] [main] o.apache.catalina.core.StandardService   : Starting service [Tomcat]
2024-01-19T19:25:19.197+08:00  INFO 26556 --- [Test] [main] o.apache.catalina.core.StandardEngine    : Starting Servlet engine: [Apache Tomcat/10.1.17]
2024-01-19T19:25:19.214+08:00  INFO 26556 --- [Test] [main] o.a.c.c.C.[Tomcat].[localhost].[/]       : Initializing Spring embedded WebApplicationContext
2024-01-19T19:25:19.214+08:00  INFO 26556 --- [Test] [main] w.s.c.ServletWebServerApplicationContext : Root WebApplicationContext: initialization completed in 552 ms
2024-01-19T19:25:19.300+08:00  WARN 26556 --- [Test] [main] .s.s.UserDetailsServiceAutoConfiguration : 

Using generated security password: d051e870-63cf-4c04-b304-7bc6084aab05

This generated password is for development use only. Your security configuration must be updated before running your application in production.

2024-01-19T19:25:19.447+08:00  INFO 26556 --- [Test] [main] o.s.b.a.e.web.EndpointLinksResolver      : Exposing 14 endpoint(s) beneath base path '/actuator'
2024-01-19T19:25:19.454+08:00  INFO 26556 --- [Test] [main] o.s.s.web.DefaultSecurityFilterChain     : Will secure any request with [org.springframework.security.web.session.DisableEncodeUrlFilter@21002393, org.springframework.security.web.context.request.async.WebAsyncManagerIntegrationFilter@718989fa, org.springframework.security.web.context.SecurityContextHolderFilter@27a6fef2, org.springframework.security.web.header.HeaderWriterFilter@14c99bf6, org.springframework.web.filter.CorsFilter@69f080ad, org.springframework.security.web.authentication.logout.LogoutFilter@2fc49538, org.springframework.security.web.savedrequest.RequestCacheAwareFilter@2dba05b1, org.springframework.security.web.servletapi.SecurityContextHolderAwareRequestFilter@541afb85, org.springframework.security.web.authentication.AnonymousAuthenticationFilter@6568f998, org.springframework.security.web.access.ExceptionTranslationFilter@7e3236d, org.springframework.security.web.access.intercept.AuthorizationFilter@74e497ae]
2024-01-19T19:25:19.539+08:00  WARN 26556 --- [Test] [main] ion$DefaultTemplateResolverConfiguration : Cannot find template location: classpath:/templates/ (please add some templates, check your Thymeleaf configuration, or set spring.thymeleaf.check-template-location=false)
2024-01-19T19:25:20.888+08:00  INFO 26556 --- [Test] [main] o.s.b.w.embedded.tomcat.TomcatWebServer  : Tomcat started on port 8080 (http) with context path ''
2024-01-19T19:25:20.897+08:00  INFO 26556 --- [Test] [main] c.example.adminsys.AdminsysApplication   : Started AdminsysApplication in 2.416 seconds (process running for 2.7)
2024-01-19T19:25:21.024+08:00  INFO 26556 --- [Test] [RMI TCP Connection(2)-192.168.100.109] o.a.c.c.C.[Tomcat].[localhost].[/]       : Initializing Spring DispatcherServlet 'dispatcherServlet'
2024-01-19T19:25:21.024+08:00  INFO 26556 --- [Test] [RMI TCP Connection(2)-192.168.100.109] o.s.web.servlet.DispatcherServlet        : Initializing Servlet 'dispatcherServlet'
2024-01-19T19:25:21.025+08:00  INFO 26556 --- [Test] [RMI TCP Connection(2)-192.168.100.109] o.s.web.servlet.DispatcherServlet        : Completed initialization in 1 ms
2024-01-19T20:19:30.586+08:00  INFO 28718 --- [Test] [main] c.example.adminsys.AdminsysApplication   : Starting AdminsysApplication using Java 20 with PID 28718 (/Users/clarec/Documents/GitHub/SIMENS-SDE-Intern/adminsys/target/classes started by clarec in /Users/clarec/Documents/GitHub/SIMENS-SDE-Intern)
2024-01-19T20:19:30.587+08:00  INFO 28718 --- [Test] [main] c.example.adminsys.AdminsysApplication   : No active profile set, falling back to 1 default profile: "default"
2024-01-19T20:19:31.096+08:00  INFO 28718 --- [Test] [main] o.s.b.w.embedded.tomcat.TomcatWebServer  : Tomcat initialized with port 8090 (http)
2024-01-19T20:19:31.101+08:00  INFO 28718 --- [Test] [main] o.apache.catalina.core.StandardService   : Starting service [Tomcat]
2024-01-19T20:19:31.102+08:00  INFO 28718 --- [Test] [main] o.apache.catalina.core.StandardEngine    : Starting Servlet engine: [Apache Tomcat/10.1.17]
2024-01-19T20:19:31.120+08:00  INFO 28718 --- [Test] [main] o.a.c.c.C.[Tomcat].[localhost].[/]       : Initializing Spring embedded WebApplicationContext
2024-01-19T20:19:31.120+08:00  INFO 28718 --- [Test] [main] w.s.c.ServletWebServerApplicationContext : Root WebApplicationContext: initialization completed in 521 ms
2024-01-19T20:19:31.205+08:00  WARN 28718 --- [Test] [main] .s.s.UserDetailsServiceAutoConfiguration : 

Using generated security password: 48790fd3-6ffa-4860-8e97-19aea598a37c

This generated password is for development use only. Your security configuration must be updated before running your application in production.

2024-01-19T20:19:31.343+08:00  INFO 28718 --- [Test] [main] o.s.b.a.e.web.EndpointLinksResolver      : Exposing 14 endpoint(s) beneath base path '/actuator'
2024-01-19T20:19:31.351+08:00  INFO 28718 --- [Test] [main] o.s.s.web.DefaultSecurityFilterChain     : Will secure any request with [org.springframework.security.web.session.DisableEncodeUrlFilter@1537e43, org.springframework.security.web.context.request.async.WebAsyncManagerIntegrationFilter@573aeab2, org.springframework.security.web.context.SecurityContextHolderFilter@266e9dda, org.springframework.security.web.header.HeaderWriterFilter@7e3236d, org.springframework.web.filter.CorsFilter@1304e0d7, org.springframework.security.web.authentication.logout.LogoutFilter@5bc63e20, org.springframework.security.web.savedrequest.RequestCacheAwareFilter@27a6fef2, org.springframework.security.web.servletapi.SecurityContextHolderAwareRequestFilter@7fe8c7db, org.springframework.security.web.authentication.AnonymousAuthenticationFilter@6ddc67d0, org.springframework.security.web.access.ExceptionTranslationFilter@5efe47fd, org.springframework.security.web.access.intercept.AuthorizationFilter@73e4bb60]
2024-01-19T20:19:31.432+08:00  WARN 28718 --- [Test] [main] ion$DefaultTemplateResolverConfiguration : Cannot find template location: classpath:/templates/ (please add some templates, check your Thymeleaf configuration, or set spring.thymeleaf.check-template-location=false)
2024-01-19T20:19:32.851+08:00  INFO 28718 --- [Test] [main] o.s.b.w.embedded.tomcat.TomcatWebServer  : Tomcat started on port 8090 (http) with context path ''
2024-01-19T20:19:32.860+08:00  INFO 28718 --- [Test] [main] c.example.adminsys.AdminsysApplication   : Started AdminsysApplication in 2.437 seconds (process running for 2.908)
2024-01-19T20:19:33.229+08:00  INFO 28718 --- [Test] [RMI TCP Connection(3)-192.168.100.109] o.a.c.c.C.[Tomcat].[localhost].[/]       : Initializing Spring DispatcherServlet 'dispatcherServlet'
2024-01-19T20:19:33.229+08:00  INFO 28718 --- [Test] [RMI TCP Connection(3)-192.168.100.109] o.s.web.servlet.DispatcherServlet        : Initializing Servlet 'dispatcherServlet'
2024-01-19T20:19:33.230+08:00  INFO 28718 --- [Test] [RMI TCP Connection(3)-192.168.100.109] o.s.web.servlet.DispatcherServlet        : Completed initialization in 1 ms
2024-01-19T20:22:43.241+08:00  INFO 28926 --- [main] c.example.adminsys.AdminsysApplication   : Starting AdminsysApplication using Java 20 with PID 28926 (/Users/clarec/Documents/GitHub/SIMENS-SDE-Intern/adminsys/target/classes started by clarec in /Users/clarec/Documents/GitHub/SIMENS-SDE-Intern)
2024-01-19T20:22:43.242+08:00  INFO 28926 --- [main] c.example.adminsys.AdminsysApplication   : No active profile set, falling back to 1 default profile: "default"
2024-01-19T20:22:43.768+08:00  INFO 28926 --- [main] o.s.b.w.embedded.tomcat.TomcatWebServer  : Tomcat initialized with port 8090 (http)
2024-01-19T20:22:43.773+08:00  INFO 28926 --- [main] o.apache.catalina.core.StandardService   : Starting service [Tomcat]
2024-01-19T20:22:43.773+08:00  INFO 28926 --- [main] o.apache.catalina.core.StandardEngine    : Starting Servlet engine: [Apache Tomcat/10.1.17]
2024-01-19T20:22:43.791+08:00  INFO 28926 --- [main] o.a.c.c.C.[Tomcat].[localhost].[/]       : Initializing Spring embedded WebApplicationContext
2024-01-19T20:22:43.792+08:00  INFO 28926 --- [main] w.s.c.ServletWebServerApplicationContext : Root WebApplicationContext: initialization completed in 537 ms
2024-01-19T20:22:43.884+08:00  WARN 28926 --- [main] .s.s.UserDetailsServiceAutoConfiguration : 

Using generated security password: 37bc66f5-25fc-4225-9123-3ca6701a356b

This generated password is for development use only. Your security configuration must be updated before running your application in production.

2024-01-19T20:22:44.039+08:00  INFO 28926 --- [main] o.s.b.a.e.web.EndpointLinksResolver      : Exposing 14 endpoint(s) beneath base path '/actuator'
2024-01-19T20:22:44.046+08:00  INFO 28926 --- [main] o.s.s.web.DefaultSecurityFilterChain     : Will secure any request with [org.springframework.security.web.session.DisableEncodeUrlFilter@433ef204, org.springframework.security.web.context.request.async.WebAsyncManagerIntegrationFilter@4dd2ef54, org.springframework.security.web.context.SecurityContextHolderFilter@31b0f02, org.springframework.security.web.header.HeaderWriterFilter@445bce9a, org.springframework.web.filter.CorsFilter@795b66d, org.springframework.security.web.authentication.logout.LogoutFilter@1cd6b1bd, org.springframework.security.web.savedrequest.RequestCacheAwareFilter@44b940a2, org.springframework.security.web.servletapi.SecurityContextHolderAwareRequestFilter@34c53688, org.springframework.security.web.authentication.AnonymousAuthenticationFilter@359ceb13, org.springframework.security.web.access.ExceptionTranslationFilter@2dba05b1, org.springframework.security.web.access.intercept.AuthorizationFilter@6ddc67d0]
2024-01-19T20:22:44.144+08:00  WARN 28926 --- [main] ion$DefaultTemplateResolverConfiguration : Cannot find template location: classpath:/templates/ (please add some templates, check your Thymeleaf configuration, or set spring.thymeleaf.check-template-location=false)
2024-01-19T20:22:45.465+08:00  INFO 28926 --- [main] o.s.b.w.embedded.tomcat.TomcatWebServer  : Tomcat started on port 8090 (http) with context path ''
2024-01-19T20:22:45.474+08:00  INFO 28926 --- [main] c.example.adminsys.AdminsysApplication   : Started AdminsysApplication in 2.418 seconds (process running for 2.875)
2024-01-19T20:22:45.916+08:00  INFO 28926 --- [RMI TCP Connection(3)-192.168.100.109] o.a.c.c.C.[Tomcat].[localhost].[/]       : Initializing Spring DispatcherServlet 'dispatcherServlet'
2024-01-19T20:22:45.916+08:00  INFO 28926 --- [RMI TCP Connection(3)-192.168.100.109] o.s.web.servlet.DispatcherServlet        : Initializing Servlet 'dispatcherServlet'
2024-01-19T20:22:45.918+08:00  INFO 28926 --- [RMI TCP Connection(3)-192.168.100.109] o.s.web.servlet.DispatcherServlet        : Completed initialization in 2 ms
2024-01-19T20:23:05.400+08:00  INFO 28926 --- [reactor-http-kqueue-3] d.c.b.a.server.services.StatusUpdater    : Couldn't retrieve status for Instance(id=a82258dbd590, version=2, registration=Registration(name=One To Many Web Service, managementUrl=http://192.168.100.109:8080/actuator, healthUrl=http://192.168.100.109:8080/actuator/health, serviceUrl=http://192.168.100.109:8080/, source=http-api), registered=true, statusInfo=StatusInfo(status=UP, details={db={status=UP, details={database=MySQL, validationQuery=isValid()}}, diskSpace={status=UP, details={total=494384795648, free=123473981440, threshold=10485760, path=/Users/clarec/Documents/GitHub/SIMENS-SDE-Intern/., exists=true}}, ping={status=UP}}), statusTimestamp=2024-01-19T12:22:51.253037Z, info=Info(values={}), endpoints=Endpoints(endpoints={caches=Endpoint(id=caches, url=http://192.168.100.109:8080/actuator/caches), loggers=Endpoint(id=loggers, url=http://192.168.100.109:8080/actuator/loggers), logfile=Endpoint(id=logfile, url=http://192.168.100.109:8080/actuator/logfile), health=Endpoint(id=health, url=http://192.168.100.109:8080/actuator/health), env=Endpoint(id=env, url=http://192.168.100.109:8080/actuator/env), heapdump=Endpoint(id=heapdump, url=http://192.168.100.109:8080/actuator/heapdump), scheduledtasks=Endpoint(id=scheduledtasks, url=http://192.168.100.109:8080/actuator/scheduledtasks), mappings=Endpoint(id=mappings, url=http://192.168.100.109:8080/actuator/mappings), beans=Endpoint(id=beans, url=http://192.168.100.109:8080/actuator/beans), configprops=Endpoint(id=configprops, url=http://192.168.100.109:8080/actuator/configprops), threaddump=Endpoint(id=threaddump, url=http://192.168.100.109:8080/actuator/threaddump), metrics=Endpoint(id=metrics, url=http://192.168.100.109:8080/actuator/metrics), conditions=Endpoint(id=conditions, url=http://192.168.100.109:8080/actuator/conditions), info=Endpoint(id=info, url=http://192.168.100.109:8080/actuator/info)}), buildVersion=null, tags=Tags(values={}))

org.springframework.web.reactive.function.client.WebClientRequestException: finishConnect(..) failed: Connection refused: /192.168.100.109:8080
	at org.springframework.web.reactive.function.client.ExchangeFunctions$DefaultExchangeFunction.lambda$wrapException$9(ExchangeFunctions.java:136) ~[spring-webflux-6.1.2.jar:6.1.2]
	Suppressed: reactor.core.publisher.FluxOnAssembly$OnAssemblyException: 
Error has been observed at the following site(s):
	*__checkpoint ⇢ Request to GET health [DefaultWebClient]
Original Stack Trace:
		at org.springframework.web.reactive.function.client.ExchangeFunctions$DefaultExchangeFunction.lambda$wrapException$9(ExchangeFunctions.java:136) ~[spring-webflux-6.1.2.jar:6.1.2]
		at reactor.core.publisher.MonoErrorSupplied.subscribe(MonoErrorSupplied.java:55) ~[reactor-core-3.6.1.jar:3.6.1]
		at reactor.core.publisher.Mono.subscribe(Mono.java:4512) ~[reactor-core-3.6.1.jar:3.6.1]
		at reactor.core.publisher.FluxOnErrorResume$ResumeSubscriber.onError(FluxOnErrorResume.java:103) ~[reactor-core-3.6.1.jar:3.6.1]
		at reactor.core.publisher.FluxPeek$PeekSubscriber.onError(FluxPeek.java:222) ~[reactor-core-3.6.1.jar:3.6.1]
		at reactor.core.publisher.FluxPeek$PeekSubscriber.onError(FluxPeek.java:222) ~[reactor-core-3.6.1.jar:3.6.1]
		at reactor.core.publisher.FluxPeek$PeekSubscriber.onError(FluxPeek.java:222) ~[reactor-core-3.6.1.jar:3.6.1]
		at reactor.core.publisher.MonoNext$NextSubscriber.onError(MonoNext.java:93) ~[reactor-core-3.6.1.jar:3.6.1]
		at reactor.core.publisher.MonoFlatMapMany$FlatMapManyMain.onError(MonoFlatMapMany.java:204) ~[reactor-core-3.6.1.jar:3.6.1]
		at reactor.core.publisher.SerializedSubscriber.onError(SerializedSubscriber.java:124) ~[reactor-core-3.6.1.jar:3.6.1]
		at reactor.core.publisher.FluxRetryWhen$RetryWhenMainSubscriber.whenError(FluxRetryWhen.java:228) ~[reactor-core-3.6.1.jar:3.6.1]
		at reactor.core.publisher.FluxRetryWhen$RetryWhenOtherSubscriber.onError(FluxRetryWhen.java:278) ~[reactor-core-3.6.1.jar:3.6.1]
		at reactor.core.publisher.FluxContextWrite$ContextWriteSubscriber.onError(FluxContextWrite.java:121) ~[reactor-core-3.6.1.jar:3.6.1]
		at reactor.core.publisher.FluxConcatMapNoPrefetch$FluxConcatMapNoPrefetchSubscriber.maybeOnError(FluxConcatMapNoPrefetch.java:326) ~[reactor-core-3.6.1.jar:3.6.1]
		at reactor.core.publisher.FluxConcatMapNoPrefetch$FluxConcatMapNoPrefetchSubscriber.onNext(FluxConcatMapNoPrefetch.java:211) ~[reactor-core-3.6.1.jar:3.6.1]
		at reactor.core.publisher.FluxContextWrite$ContextWriteSubscriber.onNext(FluxContextWrite.java:107) ~[reactor-core-3.6.1.jar:3.6.1]
		at reactor.core.publisher.SinkManyEmitterProcessor.drain(SinkManyEmitterProcessor.java:476) ~[reactor-core-3.6.1.jar:3.6.1]
		at reactor.core.publisher.SinkManyEmitterProcessor$EmitterInner.drainParent(SinkManyEmitterProcessor.java:620) ~[reactor-core-3.6.1.jar:3.6.1]
		at reactor.core.publisher.FluxPublish$PubSubInner.request(FluxPublish.java:874) ~[reactor-core-3.6.1.jar:3.6.1]
		at reactor.core.publisher.FluxContextWrite$ContextWriteSubscriber.request(FluxContextWrite.java:136) ~[reactor-core-3.6.1.jar:3.6.1]
		at reactor.core.publisher.FluxConcatMapNoPrefetch$FluxConcatMapNoPrefetchSubscriber.request(FluxConcatMapNoPrefetch.java:336) ~[reactor-core-3.6.1.jar:3.6.1]
		at reactor.core.publisher.FluxContextWrite$ContextWriteSubscriber.request(FluxContextWrite.java:136) ~[reactor-core-3.6.1.jar:3.6.1]
		at reactor.core.publisher.Operators$DeferredSubscription.request(Operators.java:1743) ~[reactor-core-3.6.1.jar:3.6.1]
		at reactor.core.publisher.FluxRetryWhen$RetryWhenMainSubscriber.onError(FluxRetryWhen.java:195) ~[reactor-core-3.6.1.jar:3.6.1]
		at reactor.core.publisher.MonoCreate$DefaultMonoSink.error(MonoCreate.java:205) ~[reactor-core-3.6.1.jar:3.6.1]
		at reactor.netty.http.client.HttpClientConnect$MonoHttpConnect$ClientTransportSubscriber.onError(HttpClientConnect.java:311) ~[reactor-netty-http-1.1.14.jar:1.1.14]
		at reactor.core.publisher.MonoCreate$DefaultMonoSink.error(MonoCreate.java:205) ~[reactor-core-3.6.1.jar:3.6.1]
		at reactor.netty.resources.DefaultPooledConnectionProvider$DisposableAcquire.onError(DefaultPooledConnectionProvider.java:172) ~[reactor-netty-core-1.1.14.jar:1.1.14]
		at reactor.netty.internal.shaded.reactor.pool.AbstractPool$Borrower.fail(AbstractPool.java:488) ~[reactor-netty-core-1.1.14.jar:1.1.14]
		at reactor.netty.internal.shaded.reactor.pool.SimpleDequePool.lambda$drainLoop$9(SimpleDequePool.java:433) ~[reactor-netty-core-1.1.14.jar:1.1.14]
		at reactor.core.publisher.FluxDoOnEach$DoOnEachSubscriber.onError(FluxDoOnEach.java:186) ~[reactor-core-3.6.1.jar:3.6.1]
		at reactor.core.publisher.MonoCreate$DefaultMonoSink.error(MonoCreate.java:205) ~[reactor-core-3.6.1.jar:3.6.1]
		at reactor.netty.resources.DefaultPooledConnectionProvider$PooledConnectionAllocator$PooledConnectionInitializer.onError(DefaultPooledConnectionProvider.java:583) ~[reactor-netty-core-1.1.14.jar:1.1.14]
		at reactor.core.publisher.MonoFlatMap$FlatMapMain.secondError(MonoFlatMap.java:241) ~[reactor-core-3.6.1.jar:3.6.1]
		at reactor.core.publisher.MonoFlatMap$FlatMapInner.onError(MonoFlatMap.java:315) ~[reactor-core-3.6.1.jar:3.6.1]
		at reactor.core.publisher.FluxOnErrorResume$ResumeSubscriber.onError(FluxOnErrorResume.java:106) ~[reactor-core-3.6.1.jar:3.6.1]
		at reactor.core.publisher.Operators.error(Operators.java:198) ~[reactor-core-3.6.1.jar:3.6.1]
		at reactor.core.publisher.MonoError.subscribe(MonoError.java:53) ~[reactor-core-3.6.1.jar:3.6.1]
		at reactor.core.publisher.Mono.subscribe(Mono.java:4512) ~[reactor-core-3.6.1.jar:3.6.1]
		at reactor.core.publisher.FluxOnErrorResume$ResumeSubscriber.onError(FluxOnErrorResume.java:103) ~[reactor-core-3.6.1.jar:3.6.1]
		at reactor.netty.transport.TransportConnector$MonoChannelPromise.tryFailure(TransportConnector.java:576) ~[reactor-netty-core-1.1.14.jar:1.1.14]
		at reactor.netty.transport.TransportConnector$MonoChannelPromise.setFailure(TransportConnector.java:522) ~[reactor-netty-core-1.1.14.jar:1.1.14]
		at reactor.netty.transport.TransportConnector.lambda$doConnect$7(TransportConnector.java:261) ~[reactor-netty-core-1.1.14.jar:1.1.14]
		at io.netty.util.concurrent.DefaultPromise.notifyListener0(DefaultPromise.java:590) ~[netty-common-4.1.104.Final.jar:4.1.104.Final]
		at io.netty.util.concurrent.DefaultPromise.notifyListeners0(DefaultPromise.java:583) ~[netty-common-4.1.104.Final.jar:4.1.104.Final]
		at io.netty.util.concurrent.DefaultPromise.notifyListenersNow(DefaultPromise.java:559) ~[netty-common-4.1.104.Final.jar:4.1.104.Final]
		at io.netty.util.concurrent.DefaultPromise.notifyListeners(DefaultPromise.java:492) ~[netty-common-4.1.104.Final.jar:4.1.104.Final]
		at io.netty.util.concurrent.DefaultPromise.setValue0(DefaultPromise.java:636) ~[netty-common-4.1.104.Final.jar:4.1.104.Final]
		at io.netty.util.concurrent.DefaultPromise.setFailure0(DefaultPromise.java:629) ~[netty-common-4.1.104.Final.jar:4.1.104.Final]
		at io.netty.util.concurrent.DefaultPromise.tryFailure(DefaultPromise.java:118) ~[netty-common-4.1.104.Final.jar:4.1.104.Final]
		at io.netty.channel.kqueue.AbstractKQueueChannel$AbstractKQueueUnsafe.fulfillConnectPromise(AbstractKQueueChannel.java:633) ~[netty-transport-classes-kqueue-4.1.104.Final.jar:4.1.104.Final]
		at io.netty.channel.kqueue.AbstractKQueueChannel$AbstractKQueueUnsafe.finishConnect(AbstractKQueueChannel.java:652) ~[netty-transport-classes-kqueue-4.1.104.Final.jar:4.1.104.Final]
		at io.netty.channel.kqueue.AbstractKQueueChannel$AbstractKQueueUnsafe.shutdownInput(AbstractKQueueChannel.java:455) ~[netty-transport-classes-kqueue-4.1.104.Final.jar:4.1.104.Final]
		at io.netty.channel.kqueue.AbstractKQueueChannel$AbstractKQueueUnsafe.readEOF(AbstractKQueueChannel.java:493) ~[netty-transport-classes-kqueue-4.1.104.Final.jar:4.1.104.Final]
		at io.netty.channel.kqueue.KQueueEventLoop.processReady(KQueueEventLoop.java:220) ~[netty-transport-classes-kqueue-4.1.104.Final.jar:4.1.104.Final]
		at io.netty.channel.kqueue.KQueueEventLoop.run(KQueueEventLoop.java:296) ~[netty-transport-classes-kqueue-4.1.104.Final.jar:4.1.104.Final]
		at io.netty.util.concurrent.SingleThreadEventExecutor$4.run(SingleThreadEventExecutor.java:997) ~[netty-common-4.1.104.Final.jar:4.1.104.Final]
		at io.netty.util.internal.ThreadExecutorMap$2.run(ThreadExecutorMap.java:74) ~[netty-common-4.1.104.Final.jar:4.1.104.Final]
		at io.netty.util.concurrent.FastThreadLocalRunnable.run(FastThreadLocalRunnable.java:30) ~[netty-common-4.1.104.Final.jar:4.1.104.Final]
		at java.base/java.lang.Thread.run(Thread.java:1623) ~[na:na]
Caused by: io.netty.channel.AbstractChannel$AnnotatedConnectException: finishConnect(..) failed: Connection refused: /192.168.100.109:8080
Caused by: java.net.ConnectException: finishConnect(..) failed: Connection refused
	at io.netty.channel.unix.Errors.newConnectException0(Errors.java:166) ~[netty-transport-native-unix-common-4.1.104.Final.jar:4.1.104.Final]
	at io.netty.channel.unix.Errors.handleConnectErrno(Errors.java:131) ~[netty-transport-native-unix-common-4.1.104.Final.jar:4.1.104.Final]
	at io.netty.channel.unix.Socket.finishConnect(Socket.java:359) ~[netty-transport-native-unix-common-4.1.104.Final.jar:4.1.104.Final]
	at io.netty.channel.kqueue.AbstractKQueueChannel$AbstractKQueueUnsafe.doFinishConnect(AbstractKQueueChannel.java:666) ~[netty-transport-classes-kqueue-4.1.104.Final.jar:4.1.104.Final]
	at io.netty.channel.kqueue.AbstractKQueueChannel$AbstractKQueueUnsafe.finishConnect(AbstractKQueueChannel.java:646) ~[netty-transport-classes-kqueue-4.1.104.Final.jar:4.1.104.Final]
	at io.netty.channel.kqueue.AbstractKQueueChannel$AbstractKQueueUnsafe.shutdownInput(AbstractKQueueChannel.java:455) ~[netty-transport-classes-kqueue-4.1.104.Final.jar:4.1.104.Final]
	at io.netty.channel.kqueue.AbstractKQueueChannel$AbstractKQueueUnsafe.readEOF(AbstractKQueueChannel.java:493) ~[netty-transport-classes-kqueue-4.1.104.Final.jar:4.1.104.Final]
	at io.netty.channel.kqueue.KQueueEventLoop.processReady(KQueueEventLoop.java:220) ~[netty-transport-classes-kqueue-4.1.104.Final.jar:4.1.104.Final]
	at io.netty.channel.kqueue.KQueueEventLoop.run(KQueueEventLoop.java:296) ~[netty-transport-classes-kqueue-4.1.104.Final.jar:4.1.104.Final]
	at io.netty.util.concurrent.SingleThreadEventExecutor$4.run(SingleThreadEventExecutor.java:997) ~[netty-common-4.1.104.Final.jar:4.1.104.Final]
	at io.netty.util.internal.ThreadExecutorMap$2.run(ThreadExecutorMap.java:74) ~[netty-common-4.1.104.Final.jar:4.1.104.Final]
	at io.netty.util.concurrent.FastThreadLocalRunnable.run(FastThreadLocalRunnable.java:30) ~[netty-common-4.1.104.Final.jar:4.1.104.Final]
	at java.base/java.lang.Thread.run(Thread.java:1623) ~[na:na]

2024-01-19T20:29:34.543+08:00  INFO 29412 --- [main] c.example.adminsys.AdminsysApplication   : Starting AdminsysApplication using Java 20 with PID 29412 (/Users/clarec/Documents/GitHub/SIMENS-SDE-Intern/adminsys/target/classes started by clarec in /Users/clarec/Documents/GitHub/SIMENS-SDE-Intern)
2024-01-19T20:29:34.544+08:00  INFO 29412 --- [main] c.example.adminsys.AdminsysApplication   : No active profile set, falling back to 1 default profile: "default"
2024-01-19T20:29:35.028+08:00  INFO 29412 --- [main] o.s.b.w.embedded.tomcat.TomcatWebServer  : Tomcat initialized with port 8090 (http)
2024-01-19T20:29:35.033+08:00  INFO 29412 --- [main] o.apache.catalina.core.StandardService   : Starting service [Tomcat]
2024-01-19T20:29:35.033+08:00  INFO 29412 --- [main] o.apache.catalina.core.StandardEngine    : Starting Servlet engine: [Apache Tomcat/10.1.17]
2024-01-19T20:29:35.049+08:00  INFO 29412 --- [main] o.a.c.c.C.[Tomcat].[localhost].[/]       : Initializing Spring embedded WebApplicationContext
2024-01-19T20:29:35.049+08:00  INFO 29412 --- [main] w.s.c.ServletWebServerApplicationContext : Root WebApplicationContext: initialization completed in 493 ms
2024-01-19T20:29:35.131+08:00  WARN 29412 --- [main] .s.s.UserDetailsServiceAutoConfiguration : 

Using generated security password: aebbe439-78b0-4eb9-b9bf-6e6ef304e8c2

This generated password is for development use only. Your security configuration must be updated before running your application in production.

2024-01-19T20:29:35.267+08:00  INFO 29412 --- [main] o.s.b.a.e.web.EndpointLinksResolver      : Exposing 14 endpoint(s) beneath base path '/actuator'
2024-01-19T20:29:35.274+08:00  INFO 29412 --- [main] o.s.s.web.DefaultSecurityFilterChain     : Will secure any request with [org.springframework.security.web.session.DisableEncodeUrlFilter@40a1b6d4, org.springframework.security.web.context.request.async.WebAsyncManagerIntegrationFilter@175581eb, org.springframework.security.web.context.SecurityContextHolderFilter@72557746, org.springframework.security.web.header.HeaderWriterFilter@9fe720a, org.springframework.web.filter.CorsFilter@2b79c8ff, org.springframework.security.web.authentication.logout.LogoutFilter@21390938, org.springframework.security.web.savedrequest.RequestCacheAwareFilter@f723cdb, org.springframework.security.web.servletapi.SecurityContextHolderAwareRequestFilter@4844930a, org.springframework.security.web.authentication.AnonymousAuthenticationFilter@2baf72d5, org.springframework.security.web.access.ExceptionTranslationFilter@6ffd4c0d, org.springframework.security.web.access.intercept.AuthorizationFilter@6206b4a7]
2024-01-19T20:29:35.359+08:00  WARN 29412 --- [main] ion$DefaultTemplateResolverConfiguration : Cannot find template location: classpath:/templates/ (please add some templates, check your Thymeleaf configuration, or set spring.thymeleaf.check-template-location=false)
2024-01-19T20:29:37.409+08:00  INFO 29412 --- [main] o.s.b.w.embedded.tomcat.TomcatWebServer  : Tomcat started on port 8090 (http) with context path ''
2024-01-19T20:29:37.419+08:00  INFO 29412 --- [main] c.example.adminsys.AdminsysApplication   : Started AdminsysApplication in 3.015 seconds (process running for 3.496)
2024-01-19T20:29:37.910+08:00  INFO 29412 --- [http-nio-8090-exec-1] o.a.c.c.C.[Tomcat].[localhost].[/]       : Initializing Spring DispatcherServlet 'dispatcherServlet'
2024-01-19T20:29:37.910+08:00  INFO 29412 --- [http-nio-8090-exec-1] o.s.web.servlet.DispatcherServlet        : Initializing Servlet 'dispatcherServlet'
2024-01-19T20:29:37.911+08:00  INFO 29412 --- [http-nio-8090-exec-1] o.s.web.servlet.DispatcherServlet        : Completed initialization in 1 ms
2024-01-19T20:29:46.646+08:00  INFO 29424 --- [main] c.example.adminsys.AdminsysApplication   : Starting AdminsysApplication using Java 20 with PID 29424 (/Users/clarec/Documents/GitHub/SIMENS-SDE-Intern/adminsys/target/classes started by clarec in /Users/clarec/Documents/GitHub/SIMENS-SDE-Intern)
2024-01-19T20:29:46.648+08:00  INFO 29424 --- [main] c.example.adminsys.AdminsysApplication   : No active profile set, falling back to 1 default profile: "default"
2024-01-19T20:29:47.115+08:00  INFO 29424 --- [main] o.s.b.w.embedded.tomcat.TomcatWebServer  : Tomcat initialized with port 8090 (http)
2024-01-19T20:29:47.119+08:00  INFO 29424 --- [main] o.apache.catalina.core.StandardService   : Starting service [Tomcat]
2024-01-19T20:29:47.120+08:00  INFO 29424 --- [main] o.apache.catalina.core.StandardEngine    : Starting Servlet engine: [Apache Tomcat/10.1.17]
2024-01-19T20:29:47.135+08:00  INFO 29424 --- [main] o.a.c.c.C.[Tomcat].[localhost].[/]       : Initializing Spring embedded WebApplicationContext
2024-01-19T20:29:47.135+08:00  INFO 29424 --- [main] w.s.c.ServletWebServerApplicationContext : Root WebApplicationContext: initialization completed in 474 ms
2024-01-19T20:29:47.325+08:00  WARN 29424 --- [main] ion$DefaultTemplateResolverConfiguration : Cannot find template location: classpath:/templates/ (please add some templates, check your Thymeleaf configuration, or set spring.thymeleaf.check-template-location=false)
2024-01-19T20:29:48.380+08:00  WARN 29424 --- [main] .s.s.UserDetailsServiceAutoConfiguration : 

Using generated security password: 7ca043d9-e219-4d24-86d7-04c09aacbddb

This generated password is for development use only. Your security configuration must be updated before running your application in production.

2024-01-19T20:29:48.419+08:00  INFO 29424 --- [main] o.s.b.a.e.web.EndpointLinksResolver      : Exposing 14 endpoint(s) beneath base path '/actuator'
2024-01-19T20:29:48.426+08:00  INFO 29424 --- [main] o.s.s.web.DefaultSecurityFilterChain     : Will secure any request with [org.springframework.security.web.session.DisableEncodeUrlFilter@3c743d40, org.springframework.security.web.context.request.async.WebAsyncManagerIntegrationFilter@5aac6f9f, org.springframework.security.web.context.SecurityContextHolderFilter@5e7cd0df, org.springframework.security.web.header.HeaderWriterFilter@2d0f548a, org.springframework.web.filter.CorsFilter@2444c3df, org.springframework.security.web.csrf.CsrfFilter@e994ca, org.springframework.security.web.authentication.logout.LogoutFilter@34eaf9c1, org.springframework.security.web.authentication.UsernamePasswordAuthenticationFilter@27ec0d06, org.springframework.security.web.authentication.ui.DefaultLoginPageGeneratingFilter@5599dc60, org.springframework.security.web.authentication.ui.DefaultLogoutPageGeneratingFilter@1eb6037d, org.springframework.security.web.authentication.www.BasicAuthenticationFilter@7be3abaa, org.springframework.security.web.savedrequest.RequestCacheAwareFilter@8b89b3a, org.springframework.security.web.servletapi.SecurityContextHolderAwareRequestFilter@526893f, org.springframework.security.web.authentication.AnonymousAuthenticationFilter@335b3d6, org.springframework.security.web.access.ExceptionTranslationFilter@552bee2f, org.springframework.security.web.access.intercept.AuthorizationFilter@4d664323]
2024-01-19T20:29:48.456+08:00  INFO 29424 --- [main] o.s.b.w.embedded.tomcat.TomcatWebServer  : Tomcat started on port 8090 (http) with context path ''
2024-01-19T20:29:48.464+08:00  INFO 29424 --- [main] c.example.adminsys.AdminsysApplication   : Started AdminsysApplication in 1.969 seconds (process running for 2.228)
2024-01-19T20:29:48.588+08:00  INFO 29424 --- [RMI TCP Connection(2)-192.168.100.109] o.a.c.c.C.[Tomcat].[localhost].[/]       : Initializing Spring DispatcherServlet 'dispatcherServlet'
2024-01-19T20:29:48.588+08:00  INFO 29424 --- [RMI TCP Connection(2)-192.168.100.109] o.s.web.servlet.DispatcherServlet        : Initializing Servlet 'dispatcherServlet'
2024-01-19T20:29:48.589+08:00  INFO 29424 --- [RMI TCP Connection(2)-192.168.100.109] o.s.web.servlet.DispatcherServlet        : Completed initialization in 0 ms
2024-01-19T20:30:48.756+08:00  INFO 29487 --- [main] c.example.adminsys.AdminsysApplication   : Starting AdminsysApplication using Java 20 with PID 29487 (/Users/clarec/Documents/GitHub/SIMENS-SDE-Intern/adminsys/target/classes started by clarec in /Users/clarec/Documents/GitHub/SIMENS-SDE-Intern)
2024-01-19T20:30:48.757+08:00  INFO 29487 --- [main] c.example.adminsys.AdminsysApplication   : No active profile set, falling back to 1 default profile: "default"
2024-01-19T20:30:49.252+08:00  INFO 29487 --- [main] o.s.b.w.embedded.tomcat.TomcatWebServer  : Tomcat initialized with port 8090 (http)
2024-01-19T20:30:49.257+08:00  INFO 29487 --- [main] o.apache.catalina.core.StandardService   : Starting service [Tomcat]
2024-01-19T20:30:49.257+08:00  INFO 29487 --- [main] o.apache.catalina.core.StandardEngine    : Starting Servlet engine: [Apache Tomcat/10.1.17]
2024-01-19T20:30:49.273+08:00  INFO 29487 --- [main] o.a.c.c.C.[Tomcat].[localhost].[/]       : Initializing Spring embedded WebApplicationContext
2024-01-19T20:30:49.273+08:00  INFO 29487 --- [main] w.s.c.ServletWebServerApplicationContext : Root WebApplicationContext: initialization completed in 501 ms
2024-01-19T20:30:49.470+08:00  WARN 29487 --- [main] ion$DefaultTemplateResolverConfiguration : Cannot find template location: classpath:/templates/ (please add some templates, check your Thymeleaf configuration, or set spring.thymeleaf.check-template-location=false)
2024-01-19T20:30:50.981+08:00  INFO 29487 --- [main] o.s.b.a.e.web.EndpointLinksResolver      : Exposing 14 endpoint(s) beneath base path '/actuator'
2024-01-19T20:30:50.987+08:00  INFO 29487 --- [main] o.s.s.web.DefaultSecurityFilterChain     : Will secure any request with [org.springframework.security.web.session.DisableEncodeUrlFilter@54997f67, org.springframework.security.web.context.request.async.WebAsyncManagerIntegrationFilter@bf4e48e, org.springframework.security.web.context.SecurityContextHolderFilter@43b172e3, org.springframework.security.web.header.HeaderWriterFilter@6fa2a006, org.springframework.web.filter.CorsFilter@299eca90, org.springframework.security.web.csrf.CsrfFilter@6cc56b32, org.springframework.security.web.authentication.logout.LogoutFilter@1dfcf85a, org.springframework.security.web.authentication.UsernamePasswordAuthenticationFilter@3a5ce4b8, org.springframework.security.web.authentication.ui.DefaultLoginPageGeneratingFilter@57b711b6, org.springframework.security.web.authentication.ui.DefaultLogoutPageGeneratingFilter@189633f2, org.springframework.security.web.authentication.www.BasicAuthenticationFilter@18e8eb59, org.springframework.security.web.savedrequest.RequestCacheAwareFilter@304068, org.springframework.security.web.servletapi.SecurityContextHolderAwareRequestFilter@54d60fa1, org.springframework.security.web.authentication.AnonymousAuthenticationFilter@76b05c0, org.springframework.security.web.access.ExceptionTranslationFilter@70f5f59d, org.springframework.security.web.access.intercept.AuthorizationFilter@335b3d6]
2024-01-19T20:30:51.016+08:00  INFO 29487 --- [main] o.s.b.w.embedded.tomcat.TomcatWebServer  : Tomcat started on port 8090 (http) with context path ''
2024-01-19T20:30:51.025+08:00  INFO 29487 --- [main] c.example.adminsys.AdminsysApplication   : Started AdminsysApplication in 2.441 seconds (process running for 2.728)
2024-01-19T20:30:51.578+08:00  INFO 29487 --- [RMI TCP Connection(3)-192.168.100.109] o.a.c.c.C.[Tomcat].[localhost].[/]       : Initializing Spring DispatcherServlet 'dispatcherServlet'
2024-01-19T20:30:51.578+08:00  INFO 29487 --- [RMI TCP Connection(3)-192.168.100.109] o.s.web.servlet.DispatcherServlet        : Initializing Servlet 'dispatcherServlet'
2024-01-19T20:30:51.579+08:00  INFO 29487 --- [RMI TCP Connection(3)-192.168.100.109] o.s.web.servlet.DispatcherServlet        : Completed initialization in 1 ms
2024-01-19T20:31:53.019+08:00  INFO 29574 --- [main] c.example.adminsys.AdminsysApplication   : Starting AdminsysApplication using Java 20 with PID 29574 (/Users/clarec/Documents/GitHub/SIMENS-SDE-Intern/adminsys/target/classes started by clarec in /Users/clarec/Documents/GitHub/SIMENS-SDE-Intern)
2024-01-19T20:31:53.020+08:00  INFO 29574 --- [main] c.example.adminsys.AdminsysApplication   : No active profile set, falling back to 1 default profile: "default"
2024-01-19T20:31:53.514+08:00  INFO 29574 --- [main] o.s.b.w.embedded.tomcat.TomcatWebServer  : Tomcat initialized with port 8090 (http)
2024-01-19T20:31:53.520+08:00  INFO 29574 --- [main] o.apache.catalina.core.StandardService   : Starting service [Tomcat]
2024-01-19T20:31:53.520+08:00  INFO 29574 --- [main] o.apache.catalina.core.StandardEngine    : Starting Servlet engine: [Apache Tomcat/10.1.17]
2024-01-19T20:31:53.537+08:00  INFO 29574 --- [main] o.a.c.c.C.[Tomcat].[localhost].[/]       : Initializing Spring embedded WebApplicationContext
2024-01-19T20:31:53.537+08:00  INFO 29574 --- [main] w.s.c.ServletWebServerApplicationContext : Root WebApplicationContext: initialization completed in 504 ms
2024-01-19T20:31:53.738+08:00  WARN 29574 --- [main] ion$DefaultTemplateResolverConfiguration : Cannot find template location: classpath:/templates/ (please add some templates, check your Thymeleaf configuration, or set spring.thymeleaf.check-template-location=false)
2024-01-19T20:31:55.301+08:00  INFO 29574 --- [main] o.s.b.a.e.web.EndpointLinksResolver      : Exposing 14 endpoint(s) beneath base path '/actuator'
2024-01-19T20:31:55.307+08:00  INFO 29574 --- [main] o.s.s.web.DefaultSecurityFilterChain     : Will secure any request with [org.springframework.security.web.session.DisableEncodeUrlFilter@1eb6037d, org.springframework.security.web.context.request.async.WebAsyncManagerIntegrationFilter@335b3d6, org.springframework.security.web.context.SecurityContextHolderFilter@526893f, org.springframework.security.web.header.HeaderWriterFilter@5e7cd0df, org.springframework.web.filter.CorsFilter@3a5ce4b8, org.springframework.security.web.csrf.CsrfFilter@11295cb1, org.springframework.security.web.authentication.logout.LogoutFilter@474ce6b8, org.springframework.security.web.authentication.UsernamePasswordAuthenticationFilter@6da646b8, org.springframework.security.web.authentication.ui.DefaultLoginPageGeneratingFilter@74431832, org.springframework.security.web.authentication.ui.DefaultLogoutPageGeneratingFilter@38848217, org.springframework.security.web.authentication.www.BasicAuthenticationFilter@3c743d40, org.springframework.security.web.savedrequest.RequestCacheAwareFilter@37caecda, org.springframework.security.web.servletapi.SecurityContextHolderAwareRequestFilter@7be7c052, org.springframework.security.web.authentication.AnonymousAuthenticationFilter@1607d391, org.springframework.security.web.access.ExceptionTranslationFilter@1fc3df43, org.springframework.security.web.access.intercept.AuthorizationFilter@12266084]
2024-01-19T20:31:55.339+08:00  INFO 29574 --- [main] o.s.b.w.embedded.tomcat.TomcatWebServer  : Tomcat started on port 8090 (http) with context path ''
2024-01-19T20:31:55.348+08:00  INFO 29574 --- [main] c.example.adminsys.AdminsysApplication   : Started AdminsysApplication in 2.486 seconds (process running for 2.973)
2024-01-19T20:31:55.736+08:00  INFO 29574 --- [RMI TCP Connection(2)-192.168.100.109] o.a.c.c.C.[Tomcat].[localhost].[/]       : Initializing Spring DispatcherServlet 'dispatcherServlet'
2024-01-19T20:31:55.737+08:00  INFO 29574 --- [RMI TCP Connection(2)-192.168.100.109] o.s.web.servlet.DispatcherServlet        : Initializing Servlet 'dispatcherServlet'
2024-01-19T20:31:55.739+08:00  INFO 29574 --- [RMI TCP Connection(2)-192.168.100.109] o.s.web.servlet.DispatcherServlet        : Completed initialization in 2 ms
2024-01-19T20:41:24.164+08:00  INFO 30061 --- [main] c.example.adminsys.AdminsysApplication   : Starting AdminsysApplication using Java 20 with PID 30061 (/Users/clarec/Documents/GitHub/SIMENS-SDE-Intern/adminsys/target/classes started by clarec in /Users/clarec/Documents/GitHub/SIMENS-SDE-Intern)
2024-01-19T20:41:24.164+08:00  INFO 30061 --- [main] c.example.adminsys.AdminsysApplication   : No active profile set, falling back to 1 default profile: "default"
2024-01-19T20:41:24.658+08:00  INFO 30061 --- [main] o.s.b.w.embedded.tomcat.TomcatWebServer  : Tomcat initialized with port 8090 (http)
2024-01-19T20:41:24.663+08:00  INFO 30061 --- [main] o.apache.catalina.core.StandardService   : Starting service [Tomcat]
2024-01-19T20:41:24.663+08:00  INFO 30061 --- [main] o.apache.catalina.core.StandardEngine    : Starting Servlet engine: [Apache Tomcat/10.1.17]
2024-01-19T20:41:24.680+08:00  INFO 30061 --- [main] o.a.c.c.C.[Tomcat].[localhost].[/]       : Initializing Spring embedded WebApplicationContext
2024-01-19T20:41:24.680+08:00  INFO 30061 --- [main] w.s.c.ServletWebServerApplicationContext : Root WebApplicationContext: initialization completed in 503 ms
2024-01-19T20:41:24.880+08:00  WARN 30061 --- [main] ion$DefaultTemplateResolverConfiguration : Cannot find template location: classpath:/templates/ (please add some templates, check your Thymeleaf configuration, or set spring.thymeleaf.check-template-location=false)
2024-01-19T20:41:26.445+08:00  INFO 30061 --- [main] o.s.b.a.e.web.EndpointLinksResolver      : Exposing 14 endpoint(s) beneath base path '/actuator'
2024-01-19T20:41:26.452+08:00  INFO 30061 --- [main] o.s.s.web.DefaultSecurityFilterChain     : Will secure any request with [org.springframework.security.web.session.DisableEncodeUrlFilter@38848217, org.springframework.security.web.context.request.async.WebAsyncManagerIntegrationFilter@1607d391, org.springframework.security.web.context.SecurityContextHolderFilter@526893f, org.springframework.security.web.header.HeaderWriterFilter@5e7cd0df, org.springframework.web.filter.CorsFilter@38826984, org.springframework.security.web.csrf.CsrfFilter@11295cb1, org.springframework.security.web.authentication.logout.LogoutFilter@474ce6b8, org.springframework.security.web.authentication.UsernamePasswordAuthenticationFilter@1b4ba615, org.springframework.security.web.authentication.ui.DefaultLoginPageGeneratingFilter@74431832, org.springframework.security.web.authentication.ui.DefaultLogoutPageGeneratingFilter@65262308, org.springframework.security.web.authentication.www.BasicAuthenticationFilter@1eb6037d, org.springframework.security.web.savedrequest.RequestCacheAwareFilter@37caecda, org.springframework.security.web.servletapi.SecurityContextHolderAwareRequestFilter@7be7c052, org.springframework.security.web.authentication.AnonymousAuthenticationFilter@792e8181, org.springframework.security.web.access.ExceptionTranslationFilter@1fc3df43, org.springframework.security.web.access.intercept.AuthorizationFilter@3a48c398]
2024-01-19T20:41:26.481+08:00  INFO 30061 --- [main] o.s.b.w.embedded.tomcat.TomcatWebServer  : Tomcat started on port 8090 (http) with context path ''
2024-01-19T20:41:26.490+08:00  INFO 30061 --- [main] c.example.adminsys.AdminsysApplication   : Started AdminsysApplication in 2.487 seconds (process running for 2.963)
2024-01-19T20:41:26.793+08:00  INFO 30061 --- [RMI TCP Connection(3)-192.168.100.109] o.a.c.c.C.[Tomcat].[localhost].[/]       : Initializing Spring DispatcherServlet 'dispatcherServlet'
2024-01-19T20:41:26.793+08:00  INFO 30061 --- [RMI TCP Connection(3)-192.168.100.109] o.s.web.servlet.DispatcherServlet        : Initializing Servlet 'dispatcherServlet'
2024-01-19T20:41:26.794+08:00  INFO 30061 --- [RMI TCP Connection(3)-192.168.100.109] o.s.web.servlet.DispatcherServlet        : Completed initialization in 1 ms
2024-01-19T20:44:18.397+08:00  INFO 30274 --- [main] c.example.adminsys.AdminsysApplication   : Starting AdminsysApplication using Java 20 with PID 30274 (/Users/clarec/Documents/GitHub/SIMENS-SDE-Intern/adminsys/target/classes started by clarec in /Users/clarec/Documents/GitHub/SIMENS-SDE-Intern)
2024-01-19T20:44:18.398+08:00  INFO 30274 --- [main] c.example.adminsys.AdminsysApplication   : No active profile set, falling back to 1 default profile: "default"
2024-01-19T20:44:18.446+08:00  WARN 30274 --- [main] ConfigServletWebServerApplicationContext : Exception encountered during context initialization - cancelling refresh attempt: org.springframework.context.ApplicationContextException: Unable to start web server
2024-01-19T20:44:18.472+08:00 ERROR 30274 --- [main] o.s.b.d.LoggingFailureAnalysisReporter   : 

***************************
APPLICATION FAILED TO START
***************************

Description:

Web application could not be started as there was no org.springframework.boot.web.servlet.server.ServletWebServerFactory bean defined in the context.

Action:

Check your application's dependencies for a supported servlet web server.
Check the configured web application type.

2024-01-19T20:44:25.855+08:00  INFO 30279 --- [main] c.example.adminsys.AdminsysApplication   : Starting AdminsysApplication using Java 20 with PID 30279 (/Users/clarec/Documents/GitHub/SIMENS-SDE-Intern/adminsys/target/classes started by clarec in /Users/clarec/Documents/GitHub/SIMENS-SDE-Intern)
2024-01-19T20:44:25.856+08:00  INFO 30279 --- [main] c.example.adminsys.AdminsysApplication   : No active profile set, falling back to 1 default profile: "default"
2024-01-19T20:44:26.340+08:00  INFO 30279 --- [main] o.s.b.w.embedded.tomcat.TomcatWebServer  : Tomcat initialized with port 8090 (http)
2024-01-19T20:44:26.345+08:00  INFO 30279 --- [main] o.apache.catalina.core.StandardService   : Starting service [Tomcat]
2024-01-19T20:44:26.345+08:00  INFO 30279 --- [main] o.apache.catalina.core.StandardEngine    : Starting Servlet engine: [Apache Tomcat/10.1.17]
2024-01-19T20:44:26.363+08:00  INFO 30279 --- [main] o.a.c.c.C.[Tomcat].[localhost].[/]       : Initializing Spring embedded WebApplicationContext
2024-01-19T20:44:26.363+08:00  INFO 30279 --- [main] w.s.c.ServletWebServerApplicationContext : Root WebApplicationContext: initialization completed in 492 ms
2024-01-19T20:44:26.568+08:00  WARN 30279 --- [main] ion$DefaultTemplateResolverConfiguration : Cannot find template location: classpath:/templates/ (please add some templates, check your Thymeleaf configuration, or set spring.thymeleaf.check-template-location=false)
2024-01-19T20:44:28.398+08:00  INFO 30279 --- [main] o.s.b.a.e.web.EndpointLinksResolver      : Exposing 14 endpoint(s) beneath base path '/actuator'
2024-01-19T20:44:28.405+08:00  INFO 30279 --- [main] o.s.s.web.DefaultSecurityFilterChain     : Will secure any request with [org.springframework.security.web.session.DisableEncodeUrlFilter@23bd2f6e, org.springframework.security.web.context.request.async.WebAsyncManagerIntegrationFilter@18e8eb59, org.springframework.security.web.context.SecurityContextHolderFilter@6fa2a006, org.springframework.security.web.header.HeaderWriterFilter@35554635, org.springframework.web.filter.CorsFilter@2430cf17, org.springframework.security.web.csrf.CsrfFilter@350342e0, org.springframework.security.web.authentication.logout.LogoutFilter@70169464, org.springframework.security.web.authentication.UsernamePasswordAuthenticationFilter@5aac6f9f, org.springframework.security.web.authentication.ui.DefaultLoginPageGeneratingFilter@6fe2a366, org.springframework.security.web.authentication.ui.DefaultLogoutPageGeneratingFilter@1e95f584, org.springframework.security.web.authentication.www.BasicAuthenticationFilter@511d5e6e, org.springframework.security.web.savedrequest.RequestCacheAwareFilter@2fdf7da2, org.springframework.security.web.servletapi.SecurityContextHolderAwareRequestFilter@43b172e3, org.springframework.security.web.authentication.AnonymousAuthenticationFilter@54997f67, org.springframework.security.web.access.ExceptionTranslationFilter@4ab9d160, org.springframework.security.web.access.intercept.AuthorizationFilter@3c743d40]
2024-01-19T20:44:28.433+08:00  INFO 30279 --- [main] o.s.b.w.embedded.tomcat.TomcatWebServer  : Tomcat started on port 8090 (http) with context path ''
2024-01-19T20:44:28.442+08:00  INFO 30279 --- [main] c.example.adminsys.AdminsysApplication   : Started AdminsysApplication in 2.744 seconds (process running for 2.963)
2024-01-19T20:44:28.762+08:00  INFO 30279 --- [RMI TCP Connection(2)-192.168.100.109] o.a.c.c.C.[Tomcat].[localhost].[/]       : Initializing Spring DispatcherServlet 'dispatcherServlet'
2024-01-19T20:44:28.763+08:00  INFO 30279 --- [RMI TCP Connection(2)-192.168.100.109] o.s.web.servlet.DispatcherServlet        : Initializing Servlet 'dispatcherServlet'
2024-01-19T20:44:28.763+08:00  INFO 30279 --- [RMI TCP Connection(2)-192.168.100.109] o.s.web.servlet.DispatcherServlet        : Completed initialization in 0 ms
2024-01-19T20:46:25.088+08:00  INFO 30363 --- [main] c.example.adminsys.AdminsysApplication   : Starting AdminsysApplication using Java 20 with PID 30363 (/Users/clarec/Documents/GitHub/SIMENS-SDE-Intern/adminsys/target/classes started by clarec in /Users/clarec/Documents/GitHub/SIMENS-SDE-Intern)
2024-01-19T20:46:25.089+08:00  INFO 30363 --- [main] c.example.adminsys.AdminsysApplication   : No active profile set, falling back to 1 default profile: "default"
2024-01-19T20:46:25.576+08:00  INFO 30363 --- [main] o.s.b.w.embedded.tomcat.TomcatWebServer  : Tomcat initialized with port 8090 (http)
2024-01-19T20:46:25.581+08:00  INFO 30363 --- [main] o.apache.catalina.core.StandardService   : Starting service [Tomcat]
2024-01-19T20:46:25.581+08:00  INFO 30363 --- [main] o.apache.catalina.core.StandardEngine    : Starting Servlet engine: [Apache Tomcat/10.1.17]
2024-01-19T20:46:25.597+08:00  INFO 30363 --- [main] o.a.c.c.C.[Tomcat].[localhost].[/]       : Initializing Spring embedded WebApplicationContext
2024-01-19T20:46:25.597+08:00  INFO 30363 --- [main] w.s.c.ServletWebServerApplicationContext : Root WebApplicationContext: initialization completed in 495 ms
2024-01-19T20:46:25.792+08:00  WARN 30363 --- [main] ion$DefaultTemplateResolverConfiguration : Cannot find template location: classpath:/templates/ (please add some templates, check your Thymeleaf configuration, or set spring.thymeleaf.check-template-location=false)
2024-01-19T20:46:27.383+08:00  INFO 30363 --- [main] o.s.b.a.e.web.EndpointLinksResolver      : Exposing 14 endpoint(s) beneath base path '/actuator'
2024-01-19T20:46:27.390+08:00  INFO 30363 --- [main] o.s.s.web.DefaultSecurityFilterChain     : Will secure any request with [org.springframework.security.web.session.DisableEncodeUrlFilter@23bd2f6e, org.springframework.security.web.context.request.async.WebAsyncManagerIntegrationFilter@18e8eb59, org.springframework.security.web.context.SecurityContextHolderFilter@74431832, org.springframework.security.web.header.HeaderWriterFilter@5599dc60, org.springframework.web.filter.CorsFilter@2430cf17, org.springframework.security.web.csrf.CsrfFilter@457692cb, org.springframework.security.web.authentication.logout.LogoutFilter@120d6cbf, org.springframework.security.web.authentication.UsernamePasswordAuthenticationFilter@5aac6f9f, org.springframework.security.web.authentication.ui.DefaultLoginPageGeneratingFilter@1cb849b2, org.springframework.security.web.authentication.ui.DefaultLogoutPageGeneratingFilter@1e95f584, org.springframework.security.web.authentication.www.BasicAuthenticationFilter@511d5e6e, org.springframework.security.web.savedrequest.RequestCacheAwareFilter@70592729, org.springframework.security.web.servletapi.SecurityContextHolderAwareRequestFilter@2fdf7da2, org.springframework.security.web.authentication.AnonymousAuthenticationFilter@54997f67, org.springframework.security.web.access.ExceptionTranslationFilter@7be7c052, org.springframework.security.web.access.intercept.AuthorizationFilter@3c743d40]
2024-01-19T20:46:27.421+08:00  INFO 30363 --- [main] o.s.b.w.embedded.tomcat.TomcatWebServer  : Tomcat started on port 8090 (http) with context path ''
2024-01-19T20:46:27.430+08:00  INFO 30363 --- [main] c.example.adminsys.AdminsysApplication   : Started AdminsysApplication in 2.504 seconds (process running for 3.008)
2024-01-19T20:46:27.863+08:00  INFO 30363 --- [RMI TCP Connection(3)-192.168.100.109] o.a.c.c.C.[Tomcat].[localhost].[/]       : Initializing Spring DispatcherServlet 'dispatcherServlet'
2024-01-19T20:46:27.864+08:00  INFO 30363 --- [RMI TCP Connection(3)-192.168.100.109] o.s.web.servlet.DispatcherServlet        : Initializing Servlet 'dispatcherServlet'
2024-01-19T20:46:27.864+08:00  INFO 30363 --- [RMI TCP Connection(3)-192.168.100.109] o.s.web.servlet.DispatcherServlet        : Completed initialization in 0 ms
2024-01-19T20:49:28.030+08:00  INFO 30473 --- [main] c.example.adminsys.AdminsysApplication   : Starting AdminsysApplication using Java 20 with PID 30473 (/Users/clarec/Documents/GitHub/SIMENS-SDE-Intern/adminsys/target/classes started by clarec in /Users/clarec/Documents/GitHub/SIMENS-SDE-Intern)
2024-01-19T20:49:28.031+08:00  INFO 30473 --- [main] c.example.adminsys.AdminsysApplication   : No active profile set, falling back to 1 default profile: "default"
2024-01-19T20:49:28.518+08:00  INFO 30473 --- [main] o.s.b.w.embedded.tomcat.TomcatWebServer  : Tomcat initialized with port 8090 (http)
2024-01-19T20:49:28.524+08:00  INFO 30473 --- [main] o.apache.catalina.core.StandardService   : Starting service [Tomcat]
2024-01-19T20:49:28.524+08:00  INFO 30473 --- [main] o.apache.catalina.core.StandardEngine    : Starting Servlet engine: [Apache Tomcat/10.1.17]
2024-01-19T20:49:28.541+08:00  INFO 30473 --- [main] o.a.c.c.C.[Tomcat].[localhost].[/]       : Initializing Spring embedded WebApplicationContext
2024-01-19T20:49:28.541+08:00  INFO 30473 --- [main] w.s.c.ServletWebServerApplicationContext : Root WebApplicationContext: initialization completed in 494 ms
2024-01-19T20:49:28.735+08:00  WARN 30473 --- [main] ion$DefaultTemplateResolverConfiguration : Cannot find template location: classpath:/templates/ (please add some templates, check your Thymeleaf configuration, or set spring.thymeleaf.check-template-location=false)
2024-01-19T20:49:29.596+08:00  INFO 30473 --- [main] o.s.b.a.e.web.EndpointLinksResolver      : Exposing 14 endpoint(s) beneath base path '/actuator'
2024-01-19T20:49:29.603+08:00  INFO 30473 --- [main] o.s.s.web.DefaultSecurityFilterChain     : Will secure any request with [org.springframework.security.web.session.DisableEncodeUrlFilter@23bd2f6e, org.springframework.security.web.context.request.async.WebAsyncManagerIntegrationFilter@18e8eb59, org.springframework.security.web.context.SecurityContextHolderFilter@6fa2a006, org.springframework.security.web.header.HeaderWriterFilter@35554635, org.springframework.web.filter.CorsFilter@2430cf17, org.springframework.security.web.csrf.CsrfFilter@350342e0, org.springframework.security.web.authentication.logout.LogoutFilter@70169464, org.springframework.security.web.authentication.UsernamePasswordAuthenticationFilter@5aac6f9f, org.springframework.security.web.authentication.ui.DefaultLoginPageGeneratingFilter@6fe2a366, org.springframework.security.web.authentication.ui.DefaultLogoutPageGeneratingFilter@1e95f584, org.springframework.security.web.authentication.www.BasicAuthenticationFilter@511d5e6e, org.springframework.security.web.savedrequest.RequestCacheAwareFilter@2fdf7da2, org.springframework.security.web.servletapi.SecurityContextHolderAwareRequestFilter@43b172e3, org.springframework.security.web.authentication.AnonymousAuthenticationFilter@54997f67, org.springframework.security.web.access.ExceptionTranslationFilter@4ab9d160, org.springframework.security.web.access.intercept.AuthorizationFilter@3c743d40]
2024-01-19T20:49:29.631+08:00  INFO 30473 --- [main] o.s.b.w.embedded.tomcat.TomcatWebServer  : Tomcat started on port 8090 (http) with context path ''
2024-01-19T20:49:29.640+08:00  INFO 30473 --- [main] c.example.adminsys.AdminsysApplication   : Started AdminsysApplication in 1.774 seconds (process running for 2.019)
2024-01-19T20:49:29.870+08:00  INFO 30473 --- [RMI TCP Connection(2)-127.0.0.1] o.a.c.c.C.[Tomcat].[localhost].[/]       : Initializing Spring DispatcherServlet 'dispatcherServlet'
2024-01-19T20:49:29.871+08:00  INFO 30473 --- [RMI TCP Connection(2)-127.0.0.1] o.s.web.servlet.DispatcherServlet        : Initializing Servlet 'dispatcherServlet'
2024-01-19T20:49:29.872+08:00  INFO 30473 --- [RMI TCP Connection(2)-127.0.0.1] o.s.web.servlet.DispatcherServlet        : Completed initialization in 1 ms
2024-01-19T20:51:06.520+08:00  INFO 30610 --- [main] c.example.adminsys.AdminsysApplication   : Starting AdminsysApplication using Java 20 with PID 30610 (/Users/clarec/Documents/GitHub/SIMENS-SDE-Intern/adminsys/target/classes started by clarec in /Users/clarec/Documents/GitHub/SIMENS-SDE-Intern)
2024-01-19T20:51:06.521+08:00  INFO 30610 --- [main] c.example.adminsys.AdminsysApplication   : No active profile set, falling back to 1 default profile: "default"
2024-01-19T20:51:07.011+08:00  INFO 30610 --- [main] o.s.b.w.embedded.tomcat.TomcatWebServer  : Tomcat initialized with port 8090 (http)
2024-01-19T20:51:07.016+08:00  INFO 30610 --- [main] o.apache.catalina.core.StandardService   : Starting service [Tomcat]
2024-01-19T20:51:07.017+08:00  INFO 30610 --- [main] o.apache.catalina.core.StandardEngine    : Starting Servlet engine: [Apache Tomcat/10.1.17]
2024-01-19T20:51:07.034+08:00  INFO 30610 --- [main] o.a.c.c.C.[Tomcat].[localhost].[/]       : Initializing Spring embedded WebApplicationContext
2024-01-19T20:51:07.034+08:00  INFO 30610 --- [main] w.s.c.ServletWebServerApplicationContext : Root WebApplicationContext: initialization completed in 499 ms
2024-01-19T20:51:07.232+08:00  WARN 30610 --- [main] ion$DefaultTemplateResolverConfiguration : Cannot find template location: classpath:/templates/ (please add some templates, check your Thymeleaf configuration, or set spring.thymeleaf.check-template-location=false)
2024-01-19T20:51:08.850+08:00  INFO 30610 --- [main] o.s.b.a.e.web.EndpointLinksResolver      : Exposing 14 endpoint(s) beneath base path '/actuator'
2024-01-19T20:51:08.857+08:00  INFO 30610 --- [main] o.s.s.web.DefaultSecurityFilterChain     : Will secure any request with [org.springframework.security.web.session.DisableEncodeUrlFilter@12be4f83, org.springframework.security.web.context.request.async.WebAsyncManagerIntegrationFilter@eb1d475, org.springframework.security.web.context.SecurityContextHolderFilter@216328b2, org.springframework.security.web.header.HeaderWriterFilter@2e7a9db7, org.springframework.web.filter.CorsFilter@389008d1, org.springframework.security.web.csrf.CsrfFilter@67c0c90b, org.springframework.security.web.authentication.logout.LogoutFilter@241d1052, org.springframework.security.web.authentication.UsernamePasswordAuthenticationFilter@1f5d7fd5, org.springframework.security.web.authentication.ui.DefaultLoginPageGeneratingFilter@3460e4ed, org.springframework.security.web.authentication.ui.DefaultLogoutPageGeneratingFilter@718f3088, org.springframework.security.web.authentication.www.BasicAuthenticationFilter@2e0652ab, org.springframework.security.web.savedrequest.RequestCacheAwareFilter@54234569, org.springframework.security.web.servletapi.SecurityContextHolderAwareRequestFilter@21ea1d9d, org.springframework.security.web.authentication.AnonymousAuthenticationFilter@11adab6d, org.springframework.security.web.access.ExceptionTranslationFilter@7827d7b, org.springframework.security.web.access.intercept.AuthorizationFilter@be616f0]
2024-01-19T20:51:08.890+08:00  INFO 30610 --- [main] o.s.b.w.embedded.tomcat.TomcatWebServer  : Tomcat started on port 8090 (http) with context path ''
2024-01-19T20:51:08.899+08:00  INFO 30610 --- [main] c.example.adminsys.AdminsysApplication   : Started AdminsysApplication in 2.552 seconds (process running for 2.828)
2024-01-19T20:51:09.444+08:00  INFO 30610 --- [RMI TCP Connection(3)-127.0.0.1] o.a.c.c.C.[Tomcat].[localhost].[/]       : Initializing Spring DispatcherServlet 'dispatcherServlet'
2024-01-19T20:51:09.444+08:00  INFO 30610 --- [RMI TCP Connection(3)-127.0.0.1] o.s.web.servlet.DispatcherServlet        : Initializing Servlet 'dispatcherServlet'
2024-01-19T20:51:09.446+08:00  INFO 30610 --- [RMI TCP Connection(3)-127.0.0.1] o.s.web.servlet.DispatcherServlet        : Completed initialization in 1 ms
2024-01-19T20:52:00.703+08:00  INFO 30657 --- [main] c.example.adminsys.AdminsysApplication   : Starting AdminsysApplication using Java 20 with PID 30657 (/Users/clarec/Documents/GitHub/SIMENS-SDE-Intern/adminsys/target/classes started by clarec in /Users/clarec/Documents/GitHub/SIMENS-SDE-Intern)
2024-01-19T20:52:00.704+08:00  INFO 30657 --- [main] c.example.adminsys.AdminsysApplication   : No active profile set, falling back to 1 default profile: "default"
2024-01-19T20:52:01.196+08:00  INFO 30657 --- [main] o.s.b.w.embedded.tomcat.TomcatWebServer  : Tomcat initialized with port 8090 (http)
2024-01-19T20:52:01.201+08:00  INFO 30657 --- [main] o.apache.catalina.core.StandardService   : Starting service [Tomcat]
2024-01-19T20:52:01.201+08:00  INFO 30657 --- [main] o.apache.catalina.core.StandardEngine    : Starting Servlet engine: [Apache Tomcat/10.1.17]
2024-01-19T20:52:01.218+08:00  INFO 30657 --- [main] o.a.c.c.C.[Tomcat].[localhost].[/]       : Initializing Spring embedded WebApplicationContext
2024-01-19T20:52:01.218+08:00  INFO 30657 --- [main] w.s.c.ServletWebServerApplicationContext : Root WebApplicationContext: initialization completed in 501 ms
2024-01-19T20:52:01.414+08:00  WARN 30657 --- [main] ion$DefaultTemplateResolverConfiguration : Cannot find template location: classpath:/templates/ (please add some templates, check your Thymeleaf configuration, or set spring.thymeleaf.check-template-location=false)
2024-01-19T20:52:02.330+08:00  INFO 30657 --- [main] o.s.b.a.e.web.EndpointLinksResolver      : Exposing 14 endpoint(s) beneath base path '/actuator'
2024-01-19T20:52:02.337+08:00  INFO 30657 --- [main] o.s.s.web.DefaultSecurityFilterChain     : Will secure any request with [org.springframework.security.web.session.DisableEncodeUrlFilter@23bd2f6e, org.springframework.security.web.context.request.async.WebAsyncManagerIntegrationFilter@18e8eb59, org.springframework.security.web.context.SecurityContextHolderFilter@74431832, org.springframework.security.web.header.HeaderWriterFilter@5599dc60, org.springframework.web.filter.CorsFilter@2430cf17, org.springframework.security.web.csrf.CsrfFilter@457692cb, org.springframework.security.web.authentication.logout.LogoutFilter@120d6cbf, org.springframework.security.web.authentication.UsernamePasswordAuthenticationFilter@5aac6f9f, org.springframework.security.web.authentication.ui.DefaultLoginPageGeneratingFilter@1cb849b2, org.springframework.security.web.authentication.ui.DefaultLogoutPageGeneratingFilter@1e95f584, org.springframework.security.web.authentication.www.BasicAuthenticationFilter@511d5e6e, org.springframework.security.web.savedrequest.RequestCacheAwareFilter@70592729, org.springframework.security.web.servletapi.SecurityContextHolderAwareRequestFilter@2fdf7da2, org.springframework.security.web.authentication.AnonymousAuthenticationFilter@54997f67, org.springframework.security.web.access.ExceptionTranslationFilter@7be7c052, org.springframework.security.web.access.intercept.AuthorizationFilter@3c743d40]
2024-01-19T20:52:02.366+08:00  INFO 30657 --- [main] o.s.b.w.embedded.tomcat.TomcatWebServer  : Tomcat started on port 8090 (http) with context path ''
2024-01-19T20:52:02.376+08:00  INFO 30657 --- [main] c.example.adminsys.AdminsysApplication   : Started AdminsysApplication in 1.826 seconds (process running for 2.322)
2024-01-19T20:52:02.937+08:00  INFO 30657 --- [RMI TCP Connection(3)-192.168.100.109] o.a.c.c.C.[Tomcat].[localhost].[/]       : Initializing Spring DispatcherServlet 'dispatcherServlet'
2024-01-19T20:52:02.937+08:00  INFO 30657 --- [RMI TCP Connection(3)-192.168.100.109] o.s.web.servlet.DispatcherServlet        : Initializing Servlet 'dispatcherServlet'
2024-01-19T20:52:02.938+08:00  INFO 30657 --- [RMI TCP Connection(3)-192.168.100.109] o.s.web.servlet.DispatcherServlet        : Completed initialization in 1 ms
2024-01-19T20:54:41.890+08:00  INFO 30995 --- [main] c.example.adminsys.AdminsysApplication   : Starting AdminsysApplication using Java 20 with PID 30995 (/Users/clarec/Documents/GitHub/SIMENS-SDE-Intern/adminsys/target/classes started by clarec in /Users/clarec/Documents/GitHub/SIMENS-SDE-Intern)
2024-01-19T20:54:41.891+08:00  INFO 30995 --- [main] c.example.adminsys.AdminsysApplication   : No active profile set, falling back to 1 default profile: "default"
2024-01-19T20:54:42.445+08:00  INFO 30995 --- [main] o.s.b.w.embedded.tomcat.TomcatWebServer  : Tomcat initialized with port 8090 (http)
2024-01-19T20:54:42.458+08:00  INFO 30995 --- [main] o.apache.catalina.core.StandardService   : Starting service [Tomcat]
2024-01-19T20:54:42.458+08:00  INFO 30995 --- [main] o.apache.catalina.core.StandardEngine    : Starting Servlet engine: [Apache Tomcat/10.1.17]
2024-01-19T20:54:42.482+08:00  INFO 30995 --- [main] o.a.c.c.C.[Tomcat].[localhost].[/]       : Initializing Spring embedded WebApplicationContext
2024-01-19T20:54:42.482+08:00  INFO 30995 --- [main] w.s.c.ServletWebServerApplicationContext : Root WebApplicationContext: initialization completed in 577 ms
2024-01-19T20:54:42.712+08:00  WARN 30995 --- [main] ion$DefaultTemplateResolverConfiguration : Cannot find template location: classpath:/templates/ (please add some templates, check your Thymeleaf configuration, or set spring.thymeleaf.check-template-location=false)
2024-01-19T20:54:44.212+08:00  INFO 30995 --- [main] o.s.b.a.e.web.EndpointLinksResolver      : Exposing 14 endpoint(s) beneath base path '/actuator'
2024-01-19T20:54:44.219+08:00  INFO 30995 --- [main] o.s.s.web.DefaultSecurityFilterChain     : Will secure any request with [org.springframework.security.web.session.DisableEncodeUrlFilter@335b3d6, org.springframework.security.web.context.request.async.WebAsyncManagerIntegrationFilter@3a5ce4b8, org.springframework.security.web.context.SecurityContextHolderFilter@900649e, org.springframework.security.web.header.HeaderWriterFilter@1fc3df43, org.springframework.web.filter.CorsFilter@38848217, org.springframework.security.web.csrf.CsrfFilter@5a205ee5, org.springframework.security.web.authentication.logout.LogoutFilter@5bbf744b, org.springframework.security.web.authentication.UsernamePasswordAuthenticationFilter@2a65e237, org.springframework.security.web.authentication.ui.DefaultLoginPageGeneratingFilter@35554635, org.springframework.security.web.authentication.ui.DefaultLogoutPageGeneratingFilter@1607d391, org.springframework.security.web.authentication.www.BasicAuthenticationFilter@5aac6f9f, org.springframework.security.web.savedrequest.RequestCacheAwareFilter@526893f, org.springframework.security.web.servletapi.SecurityContextHolderAwareRequestFilter@3de45b6c, org.springframework.security.web.authentication.AnonymousAuthenticationFilter@38826984, org.springframework.security.web.access.ExceptionTranslationFilter@6a543e09, org.springframework.security.web.access.intercept.AuthorizationFilter@6da646b8]
2024-01-19T20:54:44.252+08:00  INFO 30995 --- [main] o.s.b.w.embedded.tomcat.TomcatWebServer  : Tomcat started on port 8090 (http) with context path ''
2024-01-19T20:54:44.262+08:00  INFO 30995 --- [main] c.example.adminsys.AdminsysApplication   : Started AdminsysApplication in 2.617 seconds (process running for 3.1)
2024-01-19T20:54:44.449+08:00  INFO 30995 --- [RMI TCP Connection(3)-192.168.100.109] o.a.c.c.C.[Tomcat].[localhost].[/]       : Initializing Spring DispatcherServlet 'dispatcherServlet'
2024-01-19T20:54:44.449+08:00  INFO 30995 --- [RMI TCP Connection(3)-192.168.100.109] o.s.web.servlet.DispatcherServlet        : Initializing Servlet 'dispatcherServlet'
2024-01-19T20:54:44.451+08:00  INFO 30995 --- [RMI TCP Connection(3)-192.168.100.109] o.s.web.servlet.DispatcherServlet        : Completed initialization in 2 ms
2024-01-19T20:55:44.647+08:00  INFO 31073 --- [main] c.example.adminsys.AdminsysApplication   : Starting AdminsysApplication using Java 20 with PID 31073 (/Users/clarec/Documents/GitHub/SIMENS-SDE-Intern/adminsys/target/classes started by clarec in /Users/clarec/Documents/GitHub/SIMENS-SDE-Intern)
2024-01-19T20:55:44.648+08:00  INFO 31073 --- [main] c.example.adminsys.AdminsysApplication   : No active profile set, falling back to 1 default profile: "default"
2024-01-19T20:55:45.173+08:00  INFO 31073 --- [main] o.s.b.w.embedded.tomcat.TomcatWebServer  : Tomcat initialized with port 8090 (http)
2024-01-19T20:55:45.178+08:00  INFO 31073 --- [main] o.apache.catalina.core.StandardService   : Starting service [Tomcat]
2024-01-19T20:55:45.178+08:00  INFO 31073 --- [main] o.apache.catalina.core.StandardEngine    : Starting Servlet engine: [Apache Tomcat/10.1.17]
2024-01-19T20:55:45.194+08:00  INFO 31073 --- [main] o.a.c.c.C.[Tomcat].[localhost].[/]       : Initializing Spring embedded WebApplicationContext
2024-01-19T20:55:45.194+08:00  INFO 31073 --- [main] w.s.c.ServletWebServerApplicationContext : Root WebApplicationContext: initialization completed in 530 ms
2024-01-19T20:55:45.423+08:00  WARN 31073 --- [main] ion$DefaultTemplateResolverConfiguration : Cannot find template location: classpath:/templates/ (please add some templates, check your Thymeleaf configuration, or set spring.thymeleaf.check-template-location=false)
2024-01-19T20:55:46.902+08:00  INFO 31073 --- [main] o.s.b.a.e.web.EndpointLinksResolver      : Exposing 14 endpoint(s) beneath base path '/actuator'
2024-01-19T20:55:46.909+08:00  INFO 31073 --- [main] o.s.s.web.DefaultSecurityFilterChain     : Will secure any request with [org.springframework.security.web.session.DisableEncodeUrlFilter@18e8eb59, org.springframework.security.web.context.request.async.WebAsyncManagerIntegrationFilter@2430cf17, org.springframework.security.web.context.SecurityContextHolderFilter@6fa2a006, org.springframework.security.web.header.HeaderWriterFilter@35554635, org.springframework.web.filter.CorsFilter@1e95f584, org.springframework.security.web.csrf.CsrfFilter@350342e0, org.springframework.security.web.authentication.logout.LogoutFilter@70169464, org.springframework.security.web.authentication.UsernamePasswordAuthenticationFilter@2444c3df, org.springframework.security.web.authentication.ui.DefaultLoginPageGeneratingFilter@6fe2a366, org.springframework.security.web.authentication.ui.DefaultLogoutPageGeneratingFilter@54997f67, org.springframework.security.web.authentication.www.BasicAuthenticationFilter@7a78d380, org.springframework.security.web.savedrequest.RequestCacheAwareFilter@2fdf7da2, org.springframework.security.web.servletapi.SecurityContextHolderAwareRequestFilter@43b172e3, org.springframework.security.web.authentication.AnonymousAuthenticationFilter@bf4e48e, org.springframework.security.web.access.ExceptionTranslationFilter@4ab9d160, org.springframework.security.web.access.intercept.AuthorizationFilter@5aac6f9f]
2024-01-19T20:55:46.939+08:00  INFO 31073 --- [main] o.s.b.w.embedded.tomcat.TomcatWebServer  : Tomcat started on port 8090 (http) with context path ''
2024-01-19T20:55:46.949+08:00  INFO 31073 --- [main] c.example.adminsys.AdminsysApplication   : Started AdminsysApplication in 2.498 seconds (process running for 2.85)
2024-01-19T20:55:47.473+08:00  INFO 31073 --- [RMI TCP Connection(2)-192.168.100.109] o.a.c.c.C.[Tomcat].[localhost].[/]       : Initializing Spring DispatcherServlet 'dispatcherServlet'
2024-01-19T20:55:47.473+08:00  INFO 31073 --- [RMI TCP Connection(2)-192.168.100.109] o.s.web.servlet.DispatcherServlet        : Initializing Servlet 'dispatcherServlet'
2024-01-19T20:55:47.474+08:00  INFO 31073 --- [RMI TCP Connection(2)-192.168.100.109] o.s.web.servlet.DispatcherServlet        : Completed initialization in 1 ms
2024-01-19T20:59:39.838+08:00  INFO 31213 --- [main] c.example.adminsys.AdminsysApplication   : Starting AdminsysApplication using Java 20 with PID 31213 (/Users/clarec/Documents/GitHub/SIMENS-SDE-Intern/adminsys/target/classes started by clarec in /Users/clarec/Documents/GitHub/SIMENS-SDE-Intern)
2024-01-19T20:59:39.839+08:00  INFO 31213 --- [main] c.example.adminsys.AdminsysApplication   : No active profile set, falling back to 1 default profile: "default"
2024-01-19T20:59:40.387+08:00  INFO 31213 --- [main] o.s.b.w.embedded.tomcat.TomcatWebServer  : Tomcat initialized with port 8090 (http)
2024-01-19T20:59:40.392+08:00  INFO 31213 --- [main] o.apache.catalina.core.StandardService   : Starting service [Tomcat]
2024-01-19T20:59:40.392+08:00  INFO 31213 --- [main] o.apache.catalina.core.StandardEngine    : Starting Servlet engine: [Apache Tomcat/10.1.17]
2024-01-19T20:59:40.410+08:00  INFO 31213 --- [main] o.a.c.c.C.[Tomcat].[localhost].[/]       : Initializing Spring embedded WebApplicationContext
2024-01-19T20:59:40.410+08:00  INFO 31213 --- [main] w.s.c.ServletWebServerApplicationContext : Root WebApplicationContext: initialization completed in 555 ms
2024-01-19T20:59:40.609+08:00  WARN 31213 --- [main] ion$DefaultTemplateResolverConfiguration : Cannot find template location: classpath:/templates/ (please add some templates, check your Thymeleaf configuration, or set spring.thymeleaf.check-template-location=false)
2024-01-19T20:59:42.091+08:00  INFO 31213 --- [main] o.s.b.a.e.web.EndpointLinksResolver      : Exposing 14 endpoint(s) beneath base path '/actuator'
2024-01-19T20:59:42.098+08:00  INFO 31213 --- [main] o.s.s.web.DefaultSecurityFilterChain     : Will secure any request with [org.springframework.security.web.session.DisableEncodeUrlFilter@18e8eb59, org.springframework.security.web.context.request.async.WebAsyncManagerIntegrationFilter@2430cf17, org.springframework.security.web.context.SecurityContextHolderFilter@70592729, org.springframework.security.web.header.HeaderWriterFilter@70f5f59d, org.springframework.web.filter.CorsFilter@1e95f584, org.springframework.security.web.csrf.CsrfFilter@5d297d4d, org.springframework.security.web.authentication.logout.LogoutFilter@1115be8c, org.springframework.security.web.authentication.UsernamePasswordAuthenticationFilter@2444c3df, org.springframework.security.web.authentication.ui.DefaultLoginPageGeneratingFilter@6dd38df2, org.springframework.security.web.authentication.ui.DefaultLogoutPageGeneratingFilter@54997f67, org.springframework.security.web.authentication.www.BasicAuthenticationFilter@7a78d380, org.springframework.security.web.savedrequest.RequestCacheAwareFilter@43b172e3, org.springframework.security.web.servletapi.SecurityContextHolderAwareRequestFilter@39695803, org.springframework.security.web.authentication.AnonymousAuthenticationFilter@bf4e48e, org.springframework.security.web.access.ExceptionTranslationFilter@5599dc60, org.springframework.security.web.access.intercept.AuthorizationFilter@5aac6f9f]
2024-01-19T20:59:42.132+08:00  INFO 31213 --- [main] o.s.b.w.embedded.tomcat.TomcatWebServer  : Tomcat started on port 8090 (http) with context path ''
2024-01-19T20:59:42.142+08:00  INFO 31213 --- [main] c.example.adminsys.AdminsysApplication   : Started AdminsysApplication in 2.47 seconds (process running for 2.744)
2024-01-19T20:59:42.248+08:00  INFO 31213 --- [RMI TCP Connection(3)-127.0.0.1] o.a.c.c.C.[Tomcat].[localhost].[/]       : Initializing Spring DispatcherServlet 'dispatcherServlet'
2024-01-19T20:59:42.248+08:00  INFO 31213 --- [RMI TCP Connection(3)-127.0.0.1] o.s.web.servlet.DispatcherServlet        : Initializing Servlet 'dispatcherServlet'
2024-01-19T20:59:42.249+08:00  INFO 31213 --- [RMI TCP Connection(3)-127.0.0.1] o.s.web.servlet.DispatcherServlet        : Completed initialization in 1 ms
2024-01-19T21:01:02.751+08:00  INFO 31306 --- [main] c.example.adminsys.AdminsysApplication   : Starting AdminsysApplication using Java 20 with PID 31306 (/Users/clarec/Documents/GitHub/SIMENS-SDE-Intern/adminsys/target/classes started by clarec in /Users/clarec/Documents/GitHub/SIMENS-SDE-Intern)
2024-01-19T21:01:02.752+08:00  INFO 31306 --- [main] c.example.adminsys.AdminsysApplication   : No active profile set, falling back to 1 default profile: "default"
2024-01-19T21:01:03.243+08:00  INFO 31306 --- [main] o.s.b.w.embedded.tomcat.TomcatWebServer  : Tomcat initialized with port 8090 (http)
2024-01-19T21:01:03.247+08:00  INFO 31306 --- [main] o.apache.catalina.core.StandardService   : Starting service [Tomcat]
2024-01-19T21:01:03.247+08:00  INFO 31306 --- [main] o.apache.catalina.core.StandardEngine    : Starting Servlet engine: [Apache Tomcat/10.1.17]
2024-01-19T21:01:03.264+08:00  INFO 31306 --- [main] o.a.c.c.C.[Tomcat].[localhost].[/]       : Initializing Spring embedded WebApplicationContext
2024-01-19T21:01:03.264+08:00  INFO 31306 --- [main] w.s.c.ServletWebServerApplicationContext : Root WebApplicationContext: initialization completed in 497 ms
2024-01-19T21:01:03.455+08:00  WARN 31306 --- [main] ion$DefaultTemplateResolverConfiguration : Cannot find template location: classpath:/templates/ (please add some templates, check your Thymeleaf configuration, or set spring.thymeleaf.check-template-location=false)
2024-01-19T21:01:05.033+08:00  INFO 31306 --- [main] o.s.b.a.e.web.EndpointLinksResolver      : Exposing 14 endpoint(s) beneath base path '/actuator'
2024-01-19T21:01:05.045+08:00  INFO 31306 --- [main] o.s.s.web.DefaultSecurityFilterChain     : Will secure any request with [org.springframework.security.web.session.DisableEncodeUrlFilter@1e95f584, org.springframework.security.web.context.request.async.WebAsyncManagerIntegrationFilter@54997f67, org.springframework.security.web.context.SecurityContextHolderFilter@2fdf7da2, org.springframework.security.web.header.HeaderWriterFilter@74431832, org.springframework.web.filter.CorsFilter@bf4e48e, org.springframework.security.web.csrf.CsrfFilter@1dd44289, org.springframework.security.web.authentication.logout.LogoutFilter@64ed18ec, org.springframework.security.web.authentication.UsernamePasswordAuthenticationFilter@335b3d6, org.springframework.security.web.authentication.ui.DefaultLoginPageGeneratingFilter@99c3cee, org.springframework.security.web.authentication.ui.DefaultLogoutPageGeneratingFilter@299eca90, org.springframework.security.web.authentication.www.BasicAuthenticationFilter@23bd2f6e, org.springframework.security.web.savedrequest.RequestCacheAwareFilter@39695803, org.springframework.security.web.servletapi.SecurityContextHolderAwareRequestFilter@304068, org.springframework.security.web.authentication.AnonymousAuthenticationFilter@189633f2, org.springframework.security.web.access.ExceptionTranslationFilter@35554635, org.springframework.security.web.access.intercept.AuthorizationFilter@1eb6037d]
2024-01-19T21:01:05.078+08:00  INFO 31306 --- [main] o.s.b.w.embedded.tomcat.TomcatWebServer  : Tomcat started on port 8090 (http) with context path ''
2024-01-19T21:01:05.087+08:00  INFO 31306 --- [main] c.example.adminsys.AdminsysApplication   : Started AdminsysApplication in 2.542 seconds (process running for 2.798)
2024-01-19T21:01:05.240+08:00  INFO 31306 --- [RMI TCP Connection(5)-192.168.100.109] o.a.c.c.C.[Tomcat].[localhost].[/]       : Initializing Spring DispatcherServlet 'dispatcherServlet'
2024-01-19T21:01:05.241+08:00  INFO 31306 --- [RMI TCP Connection(5)-192.168.100.109] o.s.web.servlet.DispatcherServlet        : Initializing Servlet 'dispatcherServlet'
2024-01-19T21:01:05.245+08:00  INFO 31306 --- [RMI TCP Connection(5)-192.168.100.109] o.s.web.servlet.DispatcherServlet        : Completed initialization in 4 ms
2024-01-19T21:04:34.424+08:00  INFO 31461 --- [main] c.example.adminsys.AdminsysApplication   : Starting AdminsysApplication using Java 20 with PID 31461 (/Users/clarec/Documents/GitHub/SIMENS-SDE-Intern/adminsys/target/classes started by clarec in /Users/clarec/Documents/GitHub/SIMENS-SDE-Intern)
2024-01-19T21:04:34.425+08:00  INFO 31461 --- [main] c.example.adminsys.AdminsysApplication   : No active profile set, falling back to 1 default profile: "default"
2024-01-19T21:04:34.903+08:00  INFO 31461 --- [main] o.s.b.w.embedded.tomcat.TomcatWebServer  : Tomcat initialized with port 8090 (http)
2024-01-19T21:04:34.911+08:00  INFO 31461 --- [main] o.apache.catalina.core.StandardService   : Starting service [Tomcat]
2024-01-19T21:04:34.911+08:00  INFO 31461 --- [main] o.apache.catalina.core.StandardEngine    : Starting Servlet engine: [Apache Tomcat/10.1.17]
2024-01-19T21:04:34.927+08:00  INFO 31461 --- [main] o.a.c.c.C.[Tomcat].[localhost].[/]       : Initializing Spring embedded WebApplicationContext
2024-01-19T21:04:34.927+08:00  INFO 31461 --- [main] w.s.c.ServletWebServerApplicationContext : Root WebApplicationContext: initialization completed in 490 ms
2024-01-19T21:04:35.118+08:00  WARN 31461 --- [main] ion$DefaultTemplateResolverConfiguration : Cannot find template location: classpath:/templates/ (please add some templates, check your Thymeleaf configuration, or set spring.thymeleaf.check-template-location=false)
2024-01-19T21:04:36.639+08:00  INFO 31461 --- [main] o.s.b.a.e.web.EndpointLinksResolver      : Exposing 14 endpoint(s) beneath base path '/actuator'
2024-01-19T21:04:36.646+08:00  INFO 31461 --- [main] o.s.s.web.DefaultSecurityFilterChain     : Will secure any request with [org.springframework.security.web.session.DisableEncodeUrlFilter@18e8eb59, org.springframework.security.web.context.request.async.WebAsyncManagerIntegrationFilter@2430cf17, org.springframework.security.web.context.SecurityContextHolderFilter@70592729, org.springframework.security.web.header.HeaderWriterFilter@70f5f59d, org.springframework.web.filter.CorsFilter@1e95f584, org.springframework.security.web.csrf.CsrfFilter@5d297d4d, org.springframework.security.web.authentication.logout.LogoutFilter@1115be8c, org.springframework.security.web.authentication.UsernamePasswordAuthenticationFilter@2444c3df, org.springframework.security.web.authentication.ui.DefaultLoginPageGeneratingFilter@6dd38df2, org.springframework.security.web.authentication.ui.DefaultLogoutPageGeneratingFilter@54997f67, org.springframework.security.web.authentication.www.BasicAuthenticationFilter@7a78d380, org.springframework.security.web.savedrequest.RequestCacheAwareFilter@43b172e3, org.springframework.security.web.servletapi.SecurityContextHolderAwareRequestFilter@39695803, org.springframework.security.web.authentication.AnonymousAuthenticationFilter@bf4e48e, org.springframework.security.web.access.ExceptionTranslationFilter@5599dc60, org.springframework.security.web.access.intercept.AuthorizationFilter@5aac6f9f]
2024-01-19T21:04:36.675+08:00  INFO 31461 --- [main] o.s.b.w.embedded.tomcat.TomcatWebServer  : Tomcat started on port 8090 (http) with context path ''
2024-01-19T21:04:36.684+08:00  INFO 31461 --- [main] c.example.adminsys.AdminsysApplication   : Started AdminsysApplication in 2.395 seconds (process running for 2.815)
2024-01-19T21:04:36.745+08:00  INFO 31461 --- [RMI TCP Connection(3)-192.168.100.109] o.a.c.c.C.[Tomcat].[localhost].[/]       : Initializing Spring DispatcherServlet 'dispatcherServlet'
2024-01-19T21:04:36.745+08:00  INFO 31461 --- [RMI TCP Connection(3)-192.168.100.109] o.s.web.servlet.DispatcherServlet        : Initializing Servlet 'dispatcherServlet'
2024-01-19T21:04:36.746+08:00  INFO 31461 --- [RMI TCP Connection(3)-192.168.100.109] o.s.web.servlet.DispatcherServlet        : Completed initialization in 1 ms
2024-01-19T21:15:19.063+08:00  INFO 31908 --- [main] c.example.adminsys.AdminsysApplication   : Starting AdminsysApplication using Java 20 with PID 31908 (/Users/clarec/Documents/GitHub/SIMENS-SDE-Intern/adminsys/target/classes started by clarec in /Users/clarec/Documents/GitHub/SIMENS-SDE-Intern)
2024-01-19T21:15:19.064+08:00  INFO 31908 --- [main] c.example.adminsys.AdminsysApplication   : No active profile set, falling back to 1 default profile: "default"
2024-01-19T21:15:19.547+08:00  INFO 31908 --- [main] o.s.b.w.embedded.tomcat.TomcatWebServer  : Tomcat initialized with port 8090 (http)
2024-01-19T21:15:19.551+08:00  INFO 31908 --- [main] o.apache.catalina.core.StandardService   : Starting service [Tomcat]
2024-01-19T21:15:19.552+08:00  INFO 31908 --- [main] o.apache.catalina.core.StandardEngine    : Starting Servlet engine: [Apache Tomcat/10.1.17]
2024-01-19T21:15:19.568+08:00  INFO 31908 --- [main] o.a.c.c.C.[Tomcat].[localhost].[/]       : Initializing Spring embedded WebApplicationContext
2024-01-19T21:15:19.569+08:00  INFO 31908 --- [main] w.s.c.ServletWebServerApplicationContext : Root WebApplicationContext: initialization completed in 491 ms
2024-01-19T21:15:19.771+08:00  WARN 31908 --- [main] ion$DefaultTemplateResolverConfiguration : Cannot find template location: classpath:/templates/ (please add some templates, check your Thymeleaf configuration, or set spring.thymeleaf.check-template-location=false)
2024-01-19T21:15:21.284+08:00  INFO 31908 --- [main] o.s.b.a.e.web.EndpointLinksResolver      : Exposing 14 endpoint(s) beneath base path '/actuator'
2024-01-19T21:15:21.290+08:00  INFO 31908 --- [main] o.s.s.web.DefaultSecurityFilterChain     : Will secure any request with [org.springframework.security.web.session.DisableEncodeUrlFilter@2e1291a4, org.springframework.security.web.context.request.async.WebAsyncManagerIntegrationFilter@23bd2f6e, org.springframework.security.web.context.SecurityContextHolderFilter@74431832, org.springframework.security.web.header.HeaderWriterFilter@5599dc60, org.springframework.web.filter.CorsFilter@18e8eb59, org.springframework.security.web.csrf.CsrfFilter@457692cb, org.springframework.security.web.authentication.logout.LogoutFilter@120d6cbf, org.springframework.security.web.authentication.UsernamePasswordAuthenticationFilter@3c743d40, org.springframework.security.web.authentication.ui.DefaultLoginPageGeneratingFilter@1cb849b2, org.springframework.security.web.authentication.ui.DefaultLogoutPageGeneratingFilter@2430cf17, org.springframework.security.web.authentication.www.BasicAuthenticationFilter@792e8181, org.springframework.security.web.savedrequest.RequestCacheAwareFilter@70592729, org.springframework.security.web.servletapi.SecurityContextHolderAwareRequestFilter@2fdf7da2, org.springframework.security.web.authentication.AnonymousAuthenticationFilter@1e95f584, org.springframework.security.web.access.ExceptionTranslationFilter@7be7c052, org.springframework.security.web.access.intercept.AuthorizationFilter@77a9ac36]
2024-01-19T21:15:21.321+08:00  INFO 31908 --- [main] o.s.b.w.embedded.tomcat.TomcatWebServer  : Tomcat started on port 8090 (http) with context path ''
2024-01-19T21:15:21.330+08:00  INFO 31908 --- [main] c.example.adminsys.AdminsysApplication   : Started AdminsysApplication in 2.43 seconds (process running for 2.878)
2024-01-19T21:15:21.900+08:00  INFO 31908 --- [RMI TCP Connection(2)-192.168.100.109] o.a.c.c.C.[Tomcat].[localhost].[/]       : Initializing Spring DispatcherServlet 'dispatcherServlet'
2024-01-19T21:15:21.900+08:00  INFO 31908 --- [RMI TCP Connection(2)-192.168.100.109] o.s.web.servlet.DispatcherServlet        : Initializing Servlet 'dispatcherServlet'
2024-01-19T21:15:21.901+08:00  INFO 31908 --- [RMI TCP Connection(2)-192.168.100.109] o.s.web.servlet.DispatcherServlet        : Completed initialization in 1 ms
2024-01-19T22:41:48.022+08:00  INFO 34703 --- [main] c.example.adminsys.AdminsysApplication   : Starting AdminsysApplication using Java 20 with PID 34703 (/Users/clarec/Documents/GitHub/SIMENS-SDE-Intern/adminsys/target/classes started by clarec in /Users/clarec/Documents/GitHub/SIMENS-SDE-Intern)
2024-01-19T22:41:48.022+08:00  INFO 34703 --- [main] c.example.adminsys.AdminsysApplication   : No active profile set, falling back to 1 default profile: "default"
2024-01-19T22:41:48.495+08:00  INFO 34703 --- [main] o.s.b.w.embedded.tomcat.TomcatWebServer  : Tomcat initialized with port 8090 (http)
2024-01-19T22:41:48.500+08:00  INFO 34703 --- [main] o.apache.catalina.core.StandardService   : Starting service [Tomcat]
2024-01-19T22:41:48.501+08:00  INFO 34703 --- [main] o.apache.catalina.core.StandardEngine    : Starting Servlet engine: [Apache Tomcat/10.1.17]
2024-01-19T22:41:48.520+08:00  INFO 34703 --- [main] o.a.c.c.C.[Tomcat].[localhost].[/]       : Initializing Spring embedded WebApplicationContext
2024-01-19T22:41:48.520+08:00  INFO 34703 --- [main] w.s.c.ServletWebServerApplicationContext : Root WebApplicationContext: initialization completed in 486 ms
2024-01-19T22:41:48.713+08:00  WARN 34703 --- [main] ion$DefaultTemplateResolverConfiguration : Cannot find template location: classpath:/templates/ (please add some templates, check your Thymeleaf configuration, or set spring.thymeleaf.check-template-location=false)
2024-01-19T22:41:50.628+08:00  INFO 34703 --- [main] o.s.b.a.e.web.EndpointLinksResolver      : Exposing 14 endpoint(s) beneath base path '/actuator'
2024-01-19T22:41:50.635+08:00  INFO 34703 --- [main] o.s.s.web.DefaultSecurityFilterChain     : Will secure any request with [org.springframework.security.web.session.DisableEncodeUrlFilter@1a67f8b4, org.springframework.security.web.context.request.async.WebAsyncManagerIntegrationFilter@5f1f0ee6, org.springframework.security.web.context.SecurityContextHolderFilter@7853363c, org.springframework.security.web.header.HeaderWriterFilter@11d1735e, org.springframework.web.filter.CorsFilter@326706d, org.springframework.security.web.csrf.CsrfFilter@70592729, org.springframework.security.web.authentication.logout.LogoutFilter@6c1e40d9, org.springframework.security.web.authentication.UsernamePasswordAuthenticationFilter@76b05c0, org.springframework.security.web.authentication.ui.DefaultLoginPageGeneratingFilter@6550ce46, org.springframework.security.web.authentication.ui.DefaultLogoutPageGeneratingFilter@76fc5687, org.springframework.security.web.authentication.www.BasicAuthenticationFilter@3eff6846, org.springframework.security.web.savedrequest.RequestCacheAwareFilter@120d6cbf, org.springframework.security.web.servletapi.SecurityContextHolderAwareRequestFilter@70169464, org.springframework.security.web.authentication.AnonymousAuthenticationFilter@53fbb2b4, org.springframework.security.web.access.ExceptionTranslationFilter@248b2b61, org.springframework.security.web.access.intercept.AuthorizationFilter@189633f2]
2024-01-19T22:41:50.666+08:00  INFO 34703 --- [main] o.s.b.w.embedded.tomcat.TomcatWebServer  : Tomcat started on port 8090 (http) with context path ''
2024-01-19T22:41:50.675+08:00  INFO 34703 --- [main] c.example.adminsys.AdminsysApplication   : Started AdminsysApplication in 2.807 seconds (process running for 3.309)
2024-01-19T22:41:51.267+08:00  INFO 34703 --- [RMI TCP Connection(4)-192.168.100.109] o.a.c.c.C.[Tomcat].[localhost].[/]       : Initializing Spring DispatcherServlet 'dispatcherServlet'
2024-01-19T22:41:51.267+08:00  INFO 34703 --- [RMI TCP Connection(4)-192.168.100.109] o.s.web.servlet.DispatcherServlet        : Initializing Servlet 'dispatcherServlet'
2024-01-19T22:41:51.268+08:00  INFO 34703 --- [RMI TCP Connection(4)-192.168.100.109] o.s.web.servlet.DispatcherServlet        : Completed initialization in 1 ms
2024-01-19T22:42:13.927+08:00  INFO 34741 --- [main] c.example.adminsys.AdminsysApplication   : Starting AdminsysApplication using Java 20 with PID 34741 (/Users/clarec/Documents/GitHub/SIMENS-SDE-Intern/adminsys/target/classes started by clarec in /Users/clarec/Documents/GitHub/SIMENS-SDE-Intern)
2024-01-19T22:42:13.928+08:00  INFO 34741 --- [main] c.example.adminsys.AdminsysApplication   : No active profile set, falling back to 1 default profile: "default"
2024-01-19T22:42:14.643+08:00  INFO 34741 --- [main] o.s.b.w.embedded.tomcat.TomcatWebServer  : Tomcat initialized with port 8090 (http)
2024-01-19T22:42:14.648+08:00  INFO 34741 --- [main] o.apache.catalina.core.StandardService   : Starting service [Tomcat]
2024-01-19T22:42:14.648+08:00  INFO 34741 --- [main] o.apache.catalina.core.StandardEngine    : Starting Servlet engine: [Apache Tomcat/10.1.17]
2024-01-19T22:42:14.665+08:00  INFO 34741 --- [main] o.a.c.c.C.[Tomcat].[localhost].[/]       : Initializing Spring embedded WebApplicationContext
2024-01-19T22:42:14.666+08:00  INFO 34741 --- [main] w.s.c.ServletWebServerApplicationContext : Root WebApplicationContext: initialization completed in 721 ms
2024-01-19T22:42:14.865+08:00  WARN 34741 --- [main] ion$DefaultTemplateResolverConfiguration : Cannot find template location: classpath:/templates/ (please add some templates, check your Thymeleaf configuration, or set spring.thymeleaf.check-template-location=false)
2024-01-19T22:42:15.849+08:00  INFO 34741 --- [main] o.s.b.a.e.web.EndpointLinksResolver      : Exposing 14 endpoint(s) beneath base path '/actuator'
2024-01-19T22:42:15.856+08:00  INFO 34741 --- [main] o.s.s.web.DefaultSecurityFilterChain     : Will secure any request with [org.springframework.security.web.session.DisableEncodeUrlFilter@53fbb2b4, org.springframework.security.web.context.request.async.WebAsyncManagerIntegrationFilter@7434ee13, org.springframework.security.web.context.SecurityContextHolderFilter@1115be8c, org.springframework.security.web.header.HeaderWriterFilter@6282f1eb, org.springframework.web.filter.CorsFilter@44a14de0, org.springframework.security.web.csrf.CsrfFilter@304068, org.springframework.security.web.authentication.logout.LogoutFilter@432a6a69, org.springframework.security.web.authentication.UsernamePasswordAuthenticationFilter@2382b2f, org.springframework.security.web.authentication.ui.DefaultLoginPageGeneratingFilter@46994f26, org.springframework.security.web.authentication.ui.DefaultLogoutPageGeneratingFilter@50fd739d, org.springframework.security.web.authentication.www.BasicAuthenticationFilter@5f1f0ee6, org.springframework.security.web.savedrequest.RequestCacheAwareFilter@1dfcf85a, org.springframework.security.web.servletapi.SecurityContextHolderAwareRequestFilter@590dea35, org.springframework.security.web.authentication.AnonymousAuthenticationFilter@5e1d1524, org.springframework.security.web.access.ExceptionTranslationFilter@4ca5cb99, org.springframework.security.web.access.intercept.AuthorizationFilter@5d22604e]
2024-01-19T22:42:15.887+08:00  INFO 34741 --- [main] o.s.b.w.embedded.tomcat.TomcatWebServer  : Tomcat started on port 8090 (http) with context path ''
2024-01-19T22:42:15.895+08:00  INFO 34741 --- [main] c.example.adminsys.AdminsysApplication   : Started AdminsysApplication in 2.141 seconds (process running for 2.498)
2024-01-19T22:42:16.423+08:00  INFO 34741 --- [RMI TCP Connection(2)-192.168.100.109] o.a.c.c.C.[Tomcat].[localhost].[/]       : Initializing Spring DispatcherServlet 'dispatcherServlet'
2024-01-19T22:42:16.423+08:00  INFO 34741 --- [RMI TCP Connection(2)-192.168.100.109] o.s.web.servlet.DispatcherServlet        : Initializing Servlet 'dispatcherServlet'
2024-01-19T22:42:16.424+08:00  INFO 34741 --- [RMI TCP Connection(2)-192.168.100.109] o.s.web.servlet.DispatcherServlet        : Completed initialization in 1 ms
2024-01-19T22:49:17.874+08:00  INFO 35081 --- [main] c.example.adminsys.AdminsysApplication   : Starting AdminsysApplication using Java 20 with PID 35081 (/Users/clarec/Documents/GitHub/SIMENS-SDE-Intern/adminsys/target/classes started by clarec in /Users/clarec/Documents/GitHub/SIMENS-SDE-Intern)
2024-01-19T22:49:17.875+08:00  INFO 35081 --- [main] c.example.adminsys.AdminsysApplication   : No active profile set, falling back to 1 default profile: "default"
2024-01-19T22:49:18.355+08:00  INFO 35081 --- [main] o.s.b.w.embedded.tomcat.TomcatWebServer  : Tomcat initialized with port 8090 (http)
2024-01-19T22:49:18.360+08:00  INFO 35081 --- [main] o.apache.catalina.core.StandardService   : Starting service [Tomcat]
2024-01-19T22:49:18.360+08:00  INFO 35081 --- [main] o.apache.catalina.core.StandardEngine    : Starting Servlet engine: [Apache Tomcat/10.1.17]
2024-01-19T22:49:18.376+08:00  INFO 35081 --- [main] o.a.c.c.C.[Tomcat].[localhost].[/]       : Initializing Spring embedded WebApplicationContext
2024-01-19T22:49:18.376+08:00  INFO 35081 --- [main] w.s.c.ServletWebServerApplicationContext : Root WebApplicationContext: initialization completed in 489 ms
2024-01-19T22:49:18.573+08:00  WARN 35081 --- [main] ion$DefaultTemplateResolverConfiguration : Cannot find template location: classpath:/templates/ (please add some templates, check your Thymeleaf configuration, or set spring.thymeleaf.check-template-location=false)
2024-01-19T22:49:20.449+08:00  INFO 35081 --- [main] o.s.b.a.e.web.EndpointLinksResolver      : Exposing 14 endpoint(s) beneath base path '/actuator'
2024-01-19T22:49:20.455+08:00  INFO 35081 --- [main] o.s.s.web.DefaultSecurityFilterChain     : Will secure any request with [org.springframework.security.web.session.DisableEncodeUrlFilter@d0a2c82, org.springframework.security.web.context.request.async.WebAsyncManagerIntegrationFilter@430aae8e, org.springframework.security.web.context.SecurityContextHolderFilter@590dea35, org.springframework.security.web.header.HeaderWriterFilter@1115be8c, org.springframework.web.filter.CorsFilter@78504ce9, org.springframework.security.web.csrf.CsrfFilter@6fe2a366, org.springframework.security.web.authentication.logout.LogoutFilter@5f33e6d, org.springframework.security.web.authentication.UsernamePasswordAuthenticationFilter@55c46ec1, org.springframework.security.web.authentication.ui.DefaultLoginPageGeneratingFilter@7dddfc35, org.springframework.security.web.authentication.ui.DefaultLogoutPageGeneratingFilter@4e52d2f2, org.springframework.security.web.authentication.www.BasicAuthenticationFilter@44a14de0, org.springframework.security.web.savedrequest.RequestCacheAwareFilter@69f69078, org.springframework.security.web.servletapi.SecurityContextHolderAwareRequestFilter@13b29b34, org.springframework.security.web.authentication.AnonymousAuthenticationFilter@12608986, org.springframework.security.web.access.ExceptionTranslationFilter@120d6cbf, org.springframework.security.web.access.intercept.AuthorizationFilter@7cbf4f8c]
2024-01-19T22:49:20.486+08:00  INFO 35081 --- [main] o.s.b.w.embedded.tomcat.TomcatWebServer  : Tomcat started on port 8090 (http) with context path ''
2024-01-19T22:49:20.495+08:00  INFO 35081 --- [main] c.example.adminsys.AdminsysApplication   : Started AdminsysApplication in 2.76 seconds (process running for 3.222)
2024-01-19T22:49:20.661+08:00  INFO 35081 --- [RMI TCP Connection(2)-192.168.100.109] o.a.c.c.C.[Tomcat].[localhost].[/]       : Initializing Spring DispatcherServlet 'dispatcherServlet'
2024-01-19T22:49:20.662+08:00  INFO 35081 --- [RMI TCP Connection(2)-192.168.100.109] o.s.web.servlet.DispatcherServlet        : Initializing Servlet 'dispatcherServlet'
2024-01-19T22:49:20.662+08:00  INFO 35081 --- [RMI TCP Connection(2)-192.168.100.109] o.s.web.servlet.DispatcherServlet        : Completed initialization in 0 ms
